Archive member included to satisfy reference by file (symbol)

/usr/lib/gcc/arm-none-eabi/13.2.1/../../../arm-none-eabi/lib/thumb/v7e-m+fp/hard/libc_nano.a(libc_a-sprintf.o)
                              ./Core/Src/AM2302.o (sprintf)
/usr/lib/gcc/arm-none-eabi/13.2.1/../../../arm-none-eabi/lib/thumb/v7e-m+fp/hard/libc_nano.a(libc_a-rand.o)
                              ./Core/Src/main.o (rand)
/usr/lib/gcc/arm-none-eabi/13.2.1/../../../arm-none-eabi/lib/thumb/v7e-m+fp/hard/libc_nano.a(libc_a-assert.o)
                              /usr/lib/gcc/arm-none-eabi/13.2.1/../../../arm-none-eabi/lib/thumb/v7e-m+fp/hard/libc_nano.a(libc_a-rand.o) (__assert_func)
/usr/lib/gcc/arm-none-eabi/13.2.1/../../../arm-none-eabi/lib/thumb/v7e-m+fp/hard/libc_nano.a(libc_a-strcpy.o)
                              ./Core/Src/UART.o (strcpy)
/usr/lib/gcc/arm-none-eabi/13.2.1/../../../arm-none-eabi/lib/thumb/v7e-m+fp/hard/libc_nano.a(libc_a-impure.o)
                              /usr/lib/gcc/arm-none-eabi/13.2.1/../../../arm-none-eabi/lib/thumb/v7e-m+fp/hard/libc_nano.a(libc_a-sprintf.o) (_impure_ptr)
/usr/lib/gcc/arm-none-eabi/13.2.1/../../../arm-none-eabi/lib/thumb/v7e-m+fp/hard/libc_nano.a(libc_a-nano-svfprintf.o)
                              /usr/lib/gcc/arm-none-eabi/13.2.1/../../../arm-none-eabi/lib/thumb/v7e-m+fp/hard/libc_nano.a(libc_a-sprintf.o) (_svfprintf_r)
/usr/lib/gcc/arm-none-eabi/13.2.1/../../../arm-none-eabi/lib/thumb/v7e-m+fp/hard/libc_nano.a(libc_a-init.o)
                              /usr/lib/gcc/arm-none-eabi/13.2.1/../../../arm-none-eabi/lib/thumb/v7e-m+fp/hard/crt0.o (__libc_init_array)
/usr/lib/gcc/arm-none-eabi/13.2.1/../../../arm-none-eabi/lib/thumb/v7e-m+fp/hard/libc_nano.a(libc_a-abort.o)
                              /usr/lib/gcc/arm-none-eabi/13.2.1/../../../arm-none-eabi/lib/thumb/v7e-m+fp/hard/libc_nano.a(libc_a-assert.o) (abort)
/usr/lib/gcc/arm-none-eabi/13.2.1/../../../arm-none-eabi/lib/thumb/v7e-m+fp/hard/libc_nano.a(libc_a-memset.o)
                              /usr/lib/gcc/arm-none-eabi/13.2.1/../../../arm-none-eabi/lib/thumb/v7e-m+fp/hard/crt0.o (memset)
/usr/lib/gcc/arm-none-eabi/13.2.1/../../../arm-none-eabi/lib/thumb/v7e-m+fp/hard/libc_nano.a(libc_a-errno.o)
                              ./Core/Src/syscalls.o (__errno)
/usr/lib/gcc/arm-none-eabi/13.2.1/../../../arm-none-eabi/lib/thumb/v7e-m+fp/hard/libc_nano.a(libc_a-nano-vfprintf_float.o)
                              /usr/lib/gcc/arm-none-eabi/13.2.1/../../../arm-none-eabi/lib/thumb/v7e-m+fp/hard/libc_nano.a(libc_a-nano-svfprintf.o) (_printf_float)
/usr/lib/gcc/arm-none-eabi/13.2.1/../../../arm-none-eabi/lib/thumb/v7e-m+fp/hard/libc_nano.a(libc_a-mallocr.o)
                              /usr/lib/gcc/arm-none-eabi/13.2.1/../../../arm-none-eabi/lib/thumb/v7e-m+fp/hard/libc_nano.a(libc_a-nano-svfprintf.o) (_malloc_r)
/usr/lib/gcc/arm-none-eabi/13.2.1/../../../arm-none-eabi/lib/thumb/v7e-m+fp/hard/libc_nano.a(libc_a-dtoa.o)
                              /usr/lib/gcc/arm-none-eabi/13.2.1/../../../arm-none-eabi/lib/thumb/v7e-m+fp/hard/libc_nano.a(libc_a-nano-vfprintf_float.o) (_dtoa_r)
/usr/lib/gcc/arm-none-eabi/13.2.1/../../../arm-none-eabi/lib/thumb/v7e-m+fp/hard/libc_nano.a(libc_a-freer.o)
                              /usr/lib/gcc/arm-none-eabi/13.2.1/../../../arm-none-eabi/lib/thumb/v7e-m+fp/hard/libc_nano.a(libc_a-nano-svfprintf.o) (_free_r)
/usr/lib/gcc/arm-none-eabi/13.2.1/../../../arm-none-eabi/lib/thumb/v7e-m+fp/hard/libc_nano.a(libc_a-memmove.o)
                              /usr/lib/gcc/arm-none-eabi/13.2.1/../../../arm-none-eabi/lib/thumb/v7e-m+fp/hard/libc_nano.a(libc_a-nano-svfprintf.o) (memmove)
/usr/lib/gcc/arm-none-eabi/13.2.1/../../../arm-none-eabi/lib/thumb/v7e-m+fp/hard/libc_nano.a(libc_a-memchr.o)
                              /usr/lib/gcc/arm-none-eabi/13.2.1/../../../arm-none-eabi/lib/thumb/v7e-m+fp/hard/libc_nano.a(libc_a-nano-svfprintf.o) (memchr)
/usr/lib/gcc/arm-none-eabi/13.2.1/../../../arm-none-eabi/lib/thumb/v7e-m+fp/hard/libc_nano.a(libc_a-memcpy.o)
                              ./Middlewares/Third_Party/FreeRTOS/Source/CMSIS_RTOS_V2/cmsis_os2.o (memcpy)
/usr/lib/gcc/arm-none-eabi/13.2.1/../../../arm-none-eabi/lib/thumb/v7e-m+fp/hard/libc_nano.a(libc_a-malloc.o)
                              ./Core/Src/UART.o (malloc)
/usr/lib/gcc/arm-none-eabi/13.2.1/../../../arm-none-eabi/lib/thumb/v7e-m+fp/hard/libc_nano.a(libc_a-fprintf.o)
                              /usr/lib/gcc/arm-none-eabi/13.2.1/../../../arm-none-eabi/lib/thumb/v7e-m+fp/hard/libc_nano.a(libc_a-assert.o) (fiprintf)
/usr/lib/gcc/arm-none-eabi/13.2.1/../../../arm-none-eabi/lib/thumb/v7e-m+fp/hard/libc_nano.a(libc_a-reallocr.o)
                              /usr/lib/gcc/arm-none-eabi/13.2.1/../../../arm-none-eabi/lib/thumb/v7e-m+fp/hard/libc_nano.a(libc_a-nano-svfprintf.o) (_realloc_r)
/usr/lib/gcc/arm-none-eabi/13.2.1/../../../arm-none-eabi/lib/thumb/v7e-m+fp/hard/libc_nano.a(libc_a-nano-vfprintf_i.o)
[...]
Memory Configuration

Name             Origin             Length             Attributes
RAM              0x20000000         0x00018000         xrw
FLASH            0x08000000         0x00080000         xr
*default*        0x00000000         0xffffffff

Linker script and memory map

LOAD /usr/lib/gcc/arm-none-eabi/13.2.1/thumb/v7e-m+fp/hard/crti.o
LOAD /usr/lib/gcc/arm-none-eabi/13.2.1/thumb/v7e-m+fp/hard/crtbegin.o
LOAD /usr/lib/gcc/arm-none-eabi/13.2.1/../../../arm-none-eabi/lib/thumb/v7e-m+fp/hard/crt0.o
LOAD ./Core/Src/ADC.o
LOAD ./Core/Src/AM2302.o
LOAD ./Core/Src/GPIO.o
LOAD ./Core/Src/Math.o
LOAD ./Core/Src/SPI.o
LOAD ./Core/Src/UART.o
LOAD ./Core/Src/freertos.o
LOAD ./Core/Src/main.o
LOAD ./Core/Src/stm32f4xx_hal_msp.o
LOAD ./Core/Src/stm32f4xx_hal_timebase_tim.o
LOAD ./Core/Src/stm32f4xx_it.o
LOAD ./Core/Src/syscalls.o
LOAD ./Core/Src/sysmem.o
LOAD ./Core/Src/system_stm32f4xx.o
LOAD ./Core/Startup/startup_stm32f401retx.o
LOAD ./Drivers/STM32F4xx_HAL_Driver/Src/stm32f4xx_hal.o
LOAD ./Drivers/STM32F4xx_HAL_Driver/Src/stm32f4xx_hal_adc.o
LOAD ./Drivers/STM32F4xx_HAL_Driver/Src/stm32f4xx_hal_adc_ex.o
LOAD ./Drivers/STM32F4xx_HAL_Driver/Src/stm32f4xx_hal_cortex.o
LOAD ./Drivers/STM32F4xx_HAL_Driver/Src/stm32f4xx_hal_dma.o
LOAD ./Drivers/STM32F4xx_HAL_Driver/Src/stm32f4xx_hal_dma_ex.o
LOAD ./Drivers/STM32F4xx_HAL_Driver/Src/stm32f4xx_hal_exti.o
LOAD ./Drivers/STM32F4xx_HAL_Driver/Src/stm32f4xx_hal_flash.o
LOAD ./Drivers/STM32F4xx_HAL_Driver/Src/stm32f4xx_hal_flash_ex.o
LOAD ./Drivers/STM32F4xx_HAL_Driver/Src/stm32f4xx_hal_flash_ramfunc.o
LOAD ./Drivers/STM32F4xx_HAL_Driver/Src/stm32f4xx_hal_gpio.o
LOAD ./Drivers/STM32F4xx_HAL_Driver/Src/stm32f4xx_hal_pwr.o
LOAD ./Drivers/STM32F4xx_HAL_Driver/Src/stm32f4xx_hal_pwr_ex.o
LOAD ./Drivers/STM32F4xx_HAL_Driver/Src/stm32f4xx_hal_rcc.o
LOAD ./Drivers/STM32F4xx_HAL_Driver/Src/stm32f4xx_hal_rcc_ex.o
LOAD ./Drivers/STM32F4xx_HAL_Driver/Src/stm32f4xx_hal_tim.o
LOAD ./Drivers/STM32F4xx_HAL_Driver/Src/stm32f4xx_hal_tim_ex.o
LOAD ./Drivers/STM32F4xx_HAL_Driver/Src/stm32f4xx_ll_adc.o
LOAD ./Middlewares/Third_Party/FreeRTOS/Source/CMSIS_RTOS_V2/cmsis_os2.o
LOAD ./Middlewares/Third_Party/FreeRTOS/Source/croutine.o
LOAD ./Middlewares/Third_Party/FreeRTOS/Source/event_groups.o
LOAD ./Middlewares/Third_Party/FreeRTOS/Source/list.o
LOAD ./Middlewares/Third_Party/FreeRTOS/Source/queue.o
LOAD ./Middlewares/Third_Party/FreeRTOS/Source/stream_buffer.o
LOAD ./Middlewares/Third_Party/FreeRTOS/Source/tasks.o
LOAD ./Middlewares/Third_Party/FreeRTOS/Source/timers.o
LOAD ./Middlewares/Third_Party/FreeRTOS/Source/portable/GCC/ARM_CM4F/port.o
LOAD ./Middlewares/Third_Party/FreeRTOS/Source/portable/MemMang/heap_4.o
START GROUP
LOAD /usr/lib/gcc/arm-none-eabi/13.2.1/../../../arm-none-eabi/lib/thumb/v7e-m+fp/hard/libc_nano.a
LOAD /usr/lib/gcc/arm-none-eabi/13.2.1/../../../arm-none-eabi/lib/thumb/v7e-m+fp/hard/libm.a
END GROUP
START GROUP
LOAD /usr/lib/gcc/arm-none-eabi/13.2.1/thumb/v7e-m+fp/hard/libgcc.a
LOAD /usr/lib/gcc/arm-none-eabi/13.2.1/../../../arm-none-eabi/lib/thumb/v7e-m+fp/hard/libc_nano.a
END GROUP
START GROUP
LOAD /usr/lib/gcc/arm-none-eabi/13.2.1/thumb/v7e-m+fp/hard/libgcc.a
LOAD /usr/lib/gcc/arm-none-eabi/13.2.1/../../../arm-none-eabi/lib/thumb/v7e-m+fp/hard/libc_nano.a
LOAD /usr/lib/gcc/arm-none-eabi/13.2.1/../../../arm-none-eabi/lib/thumb/v7e-m+fp/hard/libnosys.a
END GROUP
START GROUP
LOAD /usr/lib/gcc/arm-none-eabi/13.2.1/thumb/v7e-m+fp/hard/libgcc.a
LOAD /usr/lib/gcc/arm-none-eabi/13.2.1/../../../arm-none-eabi/lib/thumb/v7e-m+fp/hard/libc_nano.a
LOAD /usr/lib/gcc/arm-none-eabi/13.2.1/../../../arm-none-eabi/lib/thumb/v7e-m+fp/hard/libnosys.a
END GROUP
LOAD /usr/lib/gcc/arm-none-eabi/13.2.1/thumb/v7e-m+fp/hard/crtend.o
LOAD /usr/lib/gcc/arm-none-eabi/13.2.1/thumb/v7e-m+fp/hard/crtn.o
                0x20018000                        _estack = (ORIGIN (RAM) + LENGTH (RAM))
                0x00000200                        _Min_Heap_Size = 0x200
                0x00000400                        _Min_Stack_Size = 0x400

.isr_vector     0x08000000      0x194
                0x08000000                        . = ALIGN (0x4)
 *(.isr_vector)
 .isr_vector    0x08000000      0x194 ./Core/Startup/startup_stm32f401retx.o
                0x08000000                g_pfnVectors
                0x08000194                        . = ALIGN (0x4)

.text           0x080001c0     0xb5c0
                0x080001c0                        . = ALIGN (0x4)
 *(.text)
 .text          0x080001c0       0x88 /usr/lib/gcc/arm-none-eabi/13.2.1/thumb/v7e-m+fp/hard/crtbegin.o
 .text          0x08000248       0x80 /usr/lib/gcc/arm-none-eabi/13.2.1/../../../arm-none-eabi/lib/thumb/v7e-m+fp/hard/libc_nano.a(libc_a-sprintf.o)
                0x08000248                _siprintf_r
                0x08000248                _sprintf_r
                0x08000284                sprintf
                0x08000284                siprintf
 .text          0x080002c8       0x4c /usr/lib/gcc/arm-none-eabi/13.2.1/../../../arm-none-eabi/lib/thumb/v7e-m+fp/hard/libc_nano.a(libc_a-assert.o)
                0x080002c8                __assert_func
                0x08000308                __assert
 .text          0x08000314       0xbc /usr/lib/gcc/arm-none-eabi/13.2.1/../../../arm-none-eabi/lib/thumb/v7e-m+fp/hard/libc_nano.a(libc_a-strcpy.o)
                0x08000314                strcpy
 .text          0x080003d0      0x400 /usr/lib/gcc/arm-none-eabi/13.2.1/../../../arm-none-eabi/lib/thumb/v7e-m+fp/hard/libc_nano.a(libc_a-nano-svfprintf.o)
                0x080003d0                __ssputs_r
                0x08000490                __ssprint_r
                0x08000598                _svfprintf_r
                0x08000598                _svfiprintf_r
 .text          0x080007d0       0x50 /usr/lib/gcc/arm-none-eabi/13.2.1/../../../arm-none-eabi/lib/thumb/v7e-m+fp/hard/libc_nano.a(libc_a-init.o)
                0x080007d0                __libc_init_array
 .text          0x08000820       0x10 /usr/lib/gcc/arm-none-eabi/13.2.1/../../../arm-none-eabi/lib/thumb/v7e-m+fp/hard/libc_nano.a(libc_a-abort.o)
                0x08000820                abort
 .text          0x08000830       0xa4 /usr/lib/gcc/arm-none-eabi/13.2.1/../../../arm-none-eabi/lib/thumb/v7e-m+fp/hard/libc_nano.a(libc_a-memset.o)
                0x08000830                memset
 .text          0x080008d4        0xc /usr/lib/gcc/arm-none-eabi/13.2.1/../../../arm-none-eabi/lib/thumb/v7e-m+fp/hard/libc_nano.a(libc_a-errno.o)
                0x080008d4                __errno
 .text          0x080008e0      0x6b0 /usr/lib/gcc/arm-none-eabi/13.2.1/../../../arm-none-eabi/lib/thumb/v7e-m+fp/hard/libc_nano.a(libc_a-nano-vfprintf_float.o)
                0x080008e0                __cvt
                0x080009f0                __exponent
                0x08000a74                _printf_float
 .text          0x08000f90      0x148 /usr/lib/gcc/arm-none-eabi/13.2.1/../../../arm-none-eabi/lib/thumb/v7e-m+fp/hard/libc_nano.a(libc_a-mallocr.o)
                0x08000fd8                _malloc_r
 .text          0x080010d8      0xfdc /usr/lib/gcc/arm-none-eabi/13.2.1/../../../arm-none-eabi/lib/thumb/v7e-m+fp/hard/libc_nano.a(libc_a-dtoa.o)
                0x08001204                _dtoa_r
 .text          0x080020b4       0xbc /usr/lib/gcc/arm-none-eabi/13.2.1/../../../arm-none-eabi/lib/thumb/v7e-m+fp/hard/libc_nano.a(libc_a-freer.o)
                0x080020b4                _free_r
 .text          0x08002170      0x100 /usr/lib/gcc/arm-none-eabi/13.2.1/../../../arm-none-eabi/lib/thumb/v7e-m+fp/hard/libc_nano.a(libc_a-memmove.o)
                0x08002170                memmove
 .text          0x08002270       0xa0 /usr/lib/gcc/arm-none-eabi/13.2.1/../../../arm-none-eabi/lib/thumb/v7e-m+fp/hard/libc_nano.a(libc_a-memchr.o)
                0x08002270                memchr
 .text          0x08002310      0x134 /usr/lib/gcc/arm-none-eabi/13.2.1/../../../arm-none-eabi/lib/thumb/v7e-m+fp/hard/libc_nano.a(libc_a-memcpy.o)
                0x08002310                memcpy
 .text          0x08002444       0x20 /usr/lib/gcc/arm-none-eabi/13.2.1/../../../arm-none-eabi/lib/thumb/v7e-m+fp/hard/libc_nano.a(libc_a-malloc.o)
                0x08002444                malloc
                0x08002454                free
 .text          0x08002464       0x44 /usr/lib/gcc/arm-none-eabi/13.2.1/../../../arm-none-eabi/lib/thumb/v7e-m+fp/hard/libc_nano.a(libc_a-fprintf.o)
                0x08002464                _fprintf_r
                0x08002464                _fiprintf_r
                0x08002480                fprintf
                0x08002480                fiprintf
 .text          0x080024a8       0x64 /usr/lib/gcc/arm-none-eabi/13.2.1/../../../arm-none-eabi/lib/thumb/v7e-m+fp/hard/libc_nano.a(libc_a-reallocr.o)
                0x080024a8                _realloc_r
 .text          0x0800250c      0x3a8 /usr/lib/gcc/arm-none-eabi/13.2.1/../../../arm-none-eabi/lib/thumb/v7e-m+fp/hard/libc_nano.a(libc_a-nano-vfprintf_i.o)
                0x0800250c                _printf_common
                0x08002630                _printf_i
 .text          0x080028b4        0x8 /usr/lib/gcc/arm-none-eabi/13.2.1/../../../arm-none-eabi/lib/thumb/v7e-m+fp/hard/libc_nano.a(libc_a-mlock.o)
                0x080028b4                __malloc_lock
                0x080028b8                __malloc_unlock
 .text          0x080028bc      0x314 /usr/lib/gcc/arm-none-eabi/13.2.1/../../../arm-none-eabi/lib/thumb/v7e-m+fp/hard/libc_nano.a(libc_a-nano-vfprintf.o)
                0x080028f8                __sfputs_r
                0x08002928                __sprint_r
                0x08002948                _vfiprintf_r
                0x08002948                _vfprintf_r
                0x08002bb4                vfiprintf
                0x08002bb4                vfprintf
 .text          0x08002bd0       0xa0 /usr/lib/gcc/arm-none-eabi/13.2.1/../../../arm-none-eabi/lib/thumb/v7e-m+fp/hard/libc_nano.a(libc_a-wbuf.o)
                0x08002bd0                __swbuf_r
                0x08002c58                __swbuf
 .text          0x08002c70      0xb10 /usr/lib/gcc/arm-none-eabi/13.2.1/../../../arm-none-eabi/lib/thumb/v7e-m+fp/hard/libc_nano.a(libc_a-mprec.o)
                0x08002c70                _Balloc
                0x08002cf0                _Bfree
                0x08002d38                __multadd
                0x08002dd4                __s2b
                0x08002e88                __hi0bits
                0x08002ecc                __lo0bits
                0x08002f2c                __i2b
                0x08002f58                __multiply
                0x080030c4                __pow5mult
                0x080031a4                __lshift
                0x0800328c                __mcmp
                0x080032d0                __mdiff
                0x08003448                __ulp
                0x080034ac                __b2d
                0x08003568                __d2b
                0x08003628                __ratio
                0x08003688                _mprec_log10
                0x080036c8                __copybits
                0x08003724                __any_on
 .text          0x08003780       0x24 /usr/lib/gcc/arm-none-eabi/13.2.1/../../../arm-none-eabi/lib/thumb/v7e-m+fp/hard/libc_nano.a(libc_a-sbrkr.o)
                0x08003780                _sbrk_r
 .text          0x080037a4       0x10 /usr/lib/gcc/arm-none-eabi/13.2.1/../../../arm-none-eabi/lib/thumb/v7e-m+fp/hard/libc_nano.a(libc_a-msizer.o)
                0x080037a4                _malloc_usable_size_r
 .text          0x080037b4       0x14 /usr/lib/gcc/arm-none-eabi/13.2.1/../../../arm-none-eabi/lib/thumb/v7e-m+fp/hard/libc_nano.a(libc_a-localeconv.o)
                0x080037b4                __localeconv_l
                0x080037b8                _localeconv_r
                0x080037c0                localeconv
 .text          0x080037c8      0x300 /usr/lib/gcc/arm-none-eabi/13.2.1/../../../arm-none-eabi/lib/thumb/v7e-m+fp/hard/libc_nano.a(libc_a-fvwrite.o)
                0x080037c8                __sfvwrite_r
 .text          0x08003ac8      0x260 /usr/lib/gcc/arm-none-eabi/13.2.1/../../../arm-none-eabi/lib/thumb/v7e-m+fp/hard/libc_nano.a(libc_a-signal.o)
                0x08003ac8                _init_signal_r
                0x08003af4                _signal_r
                0x08003b40                _raise_r
                0x08003b90                __sigtramp_r
                0x08003bf0                raise
                0x08003c44                signal
                0x08003c90                _init_signal
                0x08003cc4                __sigtramp
 .text          0x08003d28      0x224 /usr/lib/gcc/arm-none-eabi/13.2.1/../../../arm-none-eabi/lib/thumb/v7e-m+fp/hard/libc_nano.a(libc_a-findfp.o)
                0x08003e58                __sfp
                0x08003efc                __sinit
                0x08003f1c                __sfp_lock_acquire
                0x08003f20                __sfp_lock_release
                0x08003f24                __fp_lock_all
                0x08003f38                __fp_unlock_all
 *fill*         0x08003f4c       0x34 
 .text          0x08003f80       0xd8 /usr/lib/gcc/arm-none-eabi/13.2.1/../../../arm-none-eabi/lib/thumb/v7e-m+fp/hard/libc_nano.a(libc_a-strlen.o)
                0x08003f80                strlen
 .text          0x08004058      0x1a8 /usr/lib/gcc/arm-none-eabi/13.2.1/../../../arm-none-eabi/lib/thumb/v7e-m+fp/hard/libc_nano.a(libc_a-fflush.o)
                0x08004058                __sflush_r
                0x0800417c                _fflush_r
                0x080041b4                fflush
 .text          0x08004200       0x28 /usr/lib/gcc/arm-none-eabi/13.2.1/../../../arm-none-eabi/lib/thumb/v7e-m+fp/hard/libc_nano.a(libc_a-callocr.o)
                0x08004200                _calloc_r
 .text          0x08004228       0x44 /usr/lib/gcc/arm-none-eabi/13.2.1/../../../arm-none-eabi/lib/thumb/v7e-m+fp/hard/libc_nano.a(libc_a-fwalk.o)
                0x08004228                _fwalk_sglue
 .text          0x0800426c       0x30 /usr/lib/gcc/arm-none-eabi/13.2.1/../../../arm-none-eabi/lib/thumb/v7e-m+fp/hard/libc_nano.a(libc_a-wctomb_r.o)
                0x0800426c                _wctomb_r
                0x08004280                __ascii_wctomb
 .text          0x0800429c       0xc4 /usr/lib/gcc/arm-none-eabi/13.2.1/../../../arm-none-eabi/lib/thumb/v7e-m+fp/hard/libc_nano.a(libc_a-wsetup.o)
                0x0800429c                __swsetup_r
 .text          0x08004360      0x114 /usr/lib/gcc/arm-none-eabi/13.2.1/../../../arm-none-eabi/lib/thumb/v7e-m+fp/hard/libc_nano.a(libc_a-makebuf.o)
                0x08004360                __smakebuf_r
                0x08004424                __swhatbuf_r
 .text          0x08004474       0x24 /usr/lib/gcc/arm-none-eabi/13.2.1/../../../arm-none-eabi/lib/thumb/v7e-m+fp/hard/libc_nano.a(libc_a-isattyr.o)
                0x08004474                _isatty_r
 .text          0x08004498       0x94 /usr/lib/gcc/arm-none-eabi/13.2.1/../../../arm-none-eabi/lib/thumb/v7e-m+fp/hard/libc_nano.a(libc_a-stdio.o)
                0x08004498                __sread
                0x080044bc                __seofread
                0x080044c0                __swrite
                0x08004500                __sseek
                0x08004524                __sclose
 .text          0x0800452c       0x30 /usr/lib/gcc/arm-none-eabi/13.2.1/../../../arm-none-eabi/lib/thumb/v7e-m+fp/hard/libc_nano.a(libc_a-signalr.o)
                0x0800452c                _kill_r
                0x08004558                _getpid_r
 .text          0x0800455c       0x40 /usr/lib/gcc/arm-none-eabi/13.2.1/../../../arm-none-eabi/lib/thumb/v7e-m+fp/hard/libc_nano.a(libc_a-mbtowc_r.o)
                0x0800455c                _mbtowc_r
                0x08004570                __ascii_mbtowc
 .text          0x0800459c       0x24 /usr/lib/gcc/arm-none-eabi/13.2.1/../../../arm-none-eabi/lib/thumb/v7e-m+fp/hard/libc_nano.a(libc_a-closer.o)
                0x0800459c                _close_r
 .text          0x080045c0       0x2c /usr/lib/gcc/arm-none-eabi/13.2.1/../../../arm-none-eabi/lib/thumb/v7e-m+fp/hard/libc_nano.a(libc_a-readr.o)
                0x080045c0                _read_r
 .text          0x080045ec       0x2c /usr/lib/gcc/arm-none-eabi/13.2.1/../../../arm-none-eabi/lib/thumb/v7e-m+fp/hard/libc_nano.a(libc_a-fstatr.o)
                0x080045ec                _fstat_r
 .text          0x08004618       0x2c /usr/lib/gcc/arm-none-eabi/13.2.1/../../../arm-none-eabi/lib/thumb/v7e-m+fp/hard/libc_nano.a(libc_a-lseekr.o)
                0x08004618                _lseek_r
 .text          0x08004644       0x2c /usr/lib/gcc/arm-none-eabi/13.2.1/../../../arm-none-eabi/lib/thumb/v7e-m+fp/hard/libc_nano.a(libc_a-writer.o)
                0x08004644                _write_r
 .text          0x08004670       0xbc /usr/lib/gcc/arm-none-eabi/13.2.1/../../../arm-none-eabi/lib/thumb/v7e-m+fp/hard/libm.a(libm_a-wf_pow.o)
                0x08004670                powf
 .text          0x0800472c       0x14 /usr/lib/gcc/arm-none-eabi/13.2.1/../../../arm-none-eabi/lib/thumb/v7e-m+fp/hard/libm.a(libm_a-sf_finite.o)
                0x0800472c                finitef
 .text          0x08004740       0x60 /usr/lib/gcc/arm-none-eabi/13.2.1/../../../arm-none-eabi/lib/thumb/v7e-m+fp/hard/libm.a(libm_a-wf_log10.o)
                0x08004740                log10f
 .text          0x080047a0      0x684 /usr/lib/gcc/arm-none-eabi/13.2.1/../../../arm-none-eabi/lib/thumb/v7e-m+fp/hard/libm.a(libm_a-ef_pow.o)
                0x080047a0                __ieee754_powf
 .text          0x08004e24       0xe4 /usr/lib/gcc/arm-none-eabi/13.2.1/../../../arm-none-eabi/lib/thumb/v7e-m+fp/hard/libm.a(libm_a-sf_scalbn.o)
                0x08004e24                scalbnf
 .text          0x08004f08       0x8c /usr/lib/gcc/arm-none-eabi/13.2.1/../../../arm-none-eabi/lib/thumb/v7e-m+fp/hard/libm.a(libm_a-math_errf.o)
                0x08004f40                __math_uflowf
                0x08004f4c                __math_oflowf
                0x08004f58                __math_divzerof
                0x08004f78                __math_invalidf
 .text          0x08004f94        0xc /usr/lib/gcc/arm-none-eabi/13.2.1/../../../arm-none-eabi/lib/thumb/v7e-m+fp/hard/libm.a(libm_a-sf_nan.o)
                0x08004f94                nanf
 .text          0x08004fa0       0xc4 /usr/lib/gcc/arm-none-eabi/13.2.1/../../../arm-none-eabi/lib/thumb/v7e-m+fp/hard/libm.a(libm_a-ef_log10.o)
                0x08004fa0                __ieee754_log10f
 .text          0x08005064       0x10 /usr/lib/gcc/arm-none-eabi/13.2.1/../../../arm-none-eabi/lib/thumb/v7e-m+fp/hard/libm.a(libm_a-sf_fabs.o)
                0x08005064                fabsf
 .text          0x08005074      0x1f4 /usr/lib/gcc/arm-none-eabi/13.2.1/../../../arm-none-eabi/lib/thumb/v7e-m+fp/hard/libm.a(libm_a-ef_log.o)
                0x08005074                __ieee754_logf
 .text          0x08005268        0x8 /usr/lib/gcc/arm-none-eabi/13.2.1/../../../arm-none-eabi/lib/thumb/v7e-m+fp/hard/libm.a(libm_a-ef_sqrt.o)
                0x08005268                __ieee754_sqrtf
 .text          0x08005270      0x378 /usr/lib/gcc/arm-none-eabi/13.2.1/thumb/v7e-m+fp/hard/libgcc.a(_arm_addsubdf3.o)
                0x08005270                __aeabi_drsub
                0x08005278                __aeabi_dsub
                0x08005278                __subdf3
                0x0800527c                __adddf3
                0x0800527c                __aeabi_dadd
                0x080054f4                __aeabi_ui2d
                0x080054f4                __floatunsidf
                0x08005514                __floatsidf
                0x08005514                __aeabi_i2d
                0x08005538                __extendsfdf2
                0x08005538                __aeabi_f2d
                0x0800557c                __aeabi_ul2d
                0x0800557c                __floatundidf
                0x0800558c                __floatdidf
                0x0800558c                __aeabi_l2d
 .text          0x080055e8      0x424 /usr/lib/gcc/arm-none-eabi/13.2.1/thumb/v7e-m+fp/hard/libgcc.a(_arm_muldivdf3.o)
                0x080055e8                __aeabi_dmul
                0x080055e8                __muldf3
                0x0800583c                __aeabi_ddiv
                0x0800583c                __divdf3
 .text          0x08005a0c      0x110 /usr/lib/gcc/arm-none-eabi/13.2.1/thumb/v7e-m+fp/hard/libgcc.a(_arm_cmpdf2.o)
                0x08005a0c                __gtdf2
                0x08005a0c                __gedf2
                0x08005a14                __ltdf2
                0x08005a14                __ledf2
                0x08005a1c                __cmpdf2
                0x08005a1c                __eqdf2
                0x08005a1c                __nedf2
                0x08005a98                __aeabi_cdrcmple
                0x08005aa8                __aeabi_cdcmple
                0x08005aa8                __aeabi_cdcmpeq
                0x08005ab8                __aeabi_dcmpeq
                0x08005acc                __aeabi_dcmplt
                0x08005ae0                __aeabi_dcmple
                0x08005af4                __aeabi_dcmpge
                0x08005b08                __aeabi_dcmpgt
 .text          0x08005b1c       0x2c /usr/lib/gcc/arm-none-eabi/13.2.1/thumb/v7e-m+fp/hard/libgcc.a(_arm_unorddf2.o)
                0x08005b1c                __aeabi_dcmpun
                0x08005b1c                __unorddf2
 .text          0x08005b48       0x50 /usr/lib/gcc/arm-none-eabi/13.2.1/thumb/v7e-m+fp/hard/libgcc.a(_arm_fixdfsi.o)
                0x08005b48                __fixdfsi
                0x08005b48                __aeabi_d2iz
 .text          0x08005b98       0x30 /usr/lib/gcc/arm-none-eabi/13.2.1/thumb/v7e-m+fp/hard/libgcc.a(_aeabi_uldivmod.o)
                0x08005b98                __aeabi_uldivmod
 .text          0x08005bc8      0x2bc /usr/lib/gcc/arm-none-eabi/13.2.1/thumb/v7e-m+fp/hard/libgcc.a(_udivmoddi4.o)
                0x08005bc8                __udivmoddi4
 .text          0x08005e84        0x4 /usr/lib/gcc/arm-none-eabi/13.2.1/thumb/v7e-m+fp/hard/libgcc.a(_dvmd_tls.o)
                0x08005e84                __aeabi_ldiv0
                0x08005e84                __aeabi_idiv0
 *(.text*)
 .text.ADC_Init
                0x08005e88       0xbc ./Core/Src/ADC.o
                0x08005e88                ADC_Init
 .text.ADC_ReadChannel
                0x08005f44       0x44 ./Core/Src/ADC.o
                0x08005f44                ADC_ReadChannel
 .text.ADC_ReadTempSensor
                0x08005f88       0x8c ./Core/Src/ADC.o
                0x08005f88                ADC_ReadTempSensor
 .text.delay_us
                0x08006014       0x40 ./Core/Src/AM2302.o
                0x08006014                delay_us
 .text.AM2302_Init
                0x08006054       0xb8 ./Core/Src/AM2302.o
                0x08006054                AM2302_Init
 .text.AM2302_Start
                0x0800610c      0x140 ./Core/Src/AM2302.o
                0x0800610c                AM2302_Start
 .text.AM2302_ReadBit
                0x0800624c       0x64 ./Core/Src/AM2302.o
                0x0800624c                AM2302_ReadBit
 .text.AM2302_ReadByte
                0x080062b0       0x78 ./Core/Src/AM2302.o
                0x080062b0                AM2302_ReadByte
 .text.AM2302_Read
                0x08006328      0x280 ./Core/Src/AM2302.o
                0x08006328                AM2302_Read
 .text.GPIOA_Init
                0x080065a8       0x64 ./Core/Src/GPIO.o
                0x080065a8                GPIOA_Init
 .text.Hearth_beat_ON
                0x0800660c       0x18 ./Core/Src/GPIO.o
                0x0800660c                Hearth_beat_ON
 .text.Hearth_beat_OFF
                0x08006624       0x1c ./Core/Src/GPIO.o
                0x08006624                Hearth_beat_OFF
 .text.MQ9_GetRs
                0x08006640       0x84 ./Core/Src/Math.o
                0x08006640                MQ9_GetRs
 .text.MQ9_GetPPM
                0x080066c4       0x70 ./Core/Src/Math.o
                0x080066c4                MQ9_GetPPM
 .text.SPI_TransmitReceive
                0x08006734       0xe8 ./Core/Src/SPI.o
                0x08006734                SPI_TransmitReceive
 .text.SPI_CheckCRCError
                0x0800681c       0x40 ./Core/Src/SPI.o
                0x0800681c                SPI_CheckCRCError
 .text.SPI_ClearCRC
                0x0800685c       0x3c ./Core/Src/SPI.o
                0x0800685c                SPI_ClearCRC
 .text.UART_Init
                0x08006898       0x9c ./Core/Src/UART.o
                0x08006898                UART_Init
 .text.Send_Data
                0x08006934       0x40 ./Core/Src/UART.o
                0x08006934                Send_Data
 .text.Print_Message
                0x08006974       0x54 ./Core/Src/UART.o
                0x08006974                Print_Message
 .text.Split_Bits
                0x080069c8       0x2a ./Core/Src/UART.o
                0x080069c8                Split_Bits
 *fill*         0x080069f2        0x2 
 .text.main     0x080069f4       0xdc ./Core/Src/main.o
                0x080069f4                main
 .text.SystemClock_Config
                0x08006ad0       0xd8 ./Core/Src/main.o
                0x08006ad0                SystemClock_Config
 .text.Calculate_Checksum
                0x08006ba8       0x3e ./Core/Src/main.o
                0x08006ba8                Calculate_Checksum
 *fill*         0x08006be6        0x2 
 .text.Prepare_SPI_Data
                0x08006be8       0x80 ./Core/Src/main.o
                0x08006be8                Prepare_SPI_Data
 .text.SPI_Sensor_Data_Task
                0x08006c68      0x1a4 ./Core/Src/main.o
                0x08006c68                SPI_Sensor_Data_Task
 .text.Hearth_beat_Task
                0x08006e0c       0x6c ./Core/Src/main.o
                0x08006e0c                Hearth_beat_Task
 .text.MCU_Temperature_Task
                0x08006e78       0x74 ./Core/Src/main.o
                0x08006e78                MCU_Temperature_Task
 .text.MQ9_Task
                0x08006eec       0xd0 ./Core/Src/main.o
                0x08006eec                MQ9_Task
 .text.AM2302_Task
                0x08006fbc       0xd4 ./Core/Src/main.o
                0x08006fbc                AM2302_Task
 .text.HAL_TIM_PeriodElapsedCallback
                0x08007090       0x24 ./Core/Src/main.o
                0x08007090                HAL_TIM_PeriodElapsedCallback
 .text.Error_Handler
                0x080070b4        0xc ./Core/Src/main.o
                0x080070b4                Error_Handler
 .text.HAL_MspInit
                0x080070c0       0x58 ./Core/Src/stm32f4xx_hal_msp.o
                0x080070c0                HAL_MspInit
 .text.HAL_InitTick
                0x08007118       0xe4 ./Core/Src/stm32f4xx_hal_timebase_tim.o
                0x08007118                HAL_InitTick
 .text.NMI_Handler
                0x080071fc        0x8 ./Core/Src/stm32f4xx_it.o
                0x080071fc                NMI_Handler
 .text.HardFault_Handler
                0x08007204        0x8 ./Core/Src/stm32f4xx_it.o
                0x08007204                HardFault_Handler
 .text.MemManage_Handler
                0x0800720c        0x8 ./Core/Src/stm32f4xx_it.o
                0x0800720c                MemManage_Handler
 .text.BusFault_Handler
                0x08007214        0x8 ./Core/Src/stm32f4xx_it.o
                0x08007214                BusFault_Handler
 .text.UsageFault_Handler
                0x0800721c        0x8 ./Core/Src/stm32f4xx_it.o
                0x0800721c                UsageFault_Handler
 .text.DebugMon_Handler
                0x08007224        0xe ./Core/Src/stm32f4xx_it.o
                0x08007224                DebugMon_Handler
 *fill*         0x08007232        0x2 
 .text.TIM1_UP_TIM10_IRQHandler
                0x08007234       0x14 ./Core/Src/stm32f4xx_it.o
                0x08007234                TIM1_UP_TIM10_IRQHandler
 .text._getpid  0x08007248       0x10 ./Core/Src/syscalls.o
                0x08007248                _getpid
 .text._kill    0x08007258       0x20 ./Core/Src/syscalls.o
                0x08007258                _kill
 .text._exit    0x08007278       0x16 ./Core/Src/syscalls.o
                0x08007278                _exit
 .text._read    0x0800728e       0x3a ./Core/Src/syscalls.o
                0x0800728e                _read
 .text._write   0x080072c8       0x38 ./Core/Src/syscalls.o
                0x080072c8                _write
 .text._close   0x08007300       0x18 ./Core/Src/syscalls.o
                0x08007300                _close
 .text._fstat   0x08007318       0x20 ./Core/Src/syscalls.o
                0x08007318                _fstat
 .text._isatty  0x08007338       0x16 ./Core/Src/syscalls.o
                0x08007338                _isatty
 .text._lseek   0x0800734e       0x1a ./Core/Src/syscalls.o
                0x0800734e                _lseek
 .text._sbrk    0x08007368       0x6c ./Core/Src/sysmem.o
                0x08007368                _sbrk
 .text.SystemInit
                0x080073d4       0x24 ./Core/Src/system_stm32f4xx.o
                0x080073d4                SystemInit
 .text.Reset_Handler
                0x080073f8       0x50 ./Core/Startup/startup_stm32f401retx.o
                0x080073f8                Reset_Handler
 .text.Default_Handler
                0x08007448        0x2 ./Core/Startup/startup_stm32f401retx.o
                0x08007448                RTC_Alarm_IRQHandler
                0x08007448                EXTI2_IRQHandler
                0x08007448                SPI4_IRQHandler
                0x08007448                TIM1_CC_IRQHandler
                0x08007448                DMA2_Stream5_IRQHandler
                0x08007448                DMA1_Stream5_IRQHandler
                0x08007448                PVD_IRQHandler
                0x08007448                SDIO_IRQHandler
                0x08007448                TAMP_STAMP_IRQHandler
                0x08007448                EXTI3_IRQHandler
                0x08007448                I2C3_ER_IRQHandler
                0x08007448                EXTI0_IRQHandler
                0x08007448                I2C2_EV_IRQHandler
                0x08007448                DMA1_Stream2_IRQHandler
                0x08007448                FPU_IRQHandler
                0x08007448                DMA2_Stream2_IRQHandler
                0x08007448                SPI1_IRQHandler
                0x08007448                TIM1_BRK_TIM9_IRQHandler
                0x08007448                DMA2_Stream3_IRQHandler
                0x08007448                USART6_IRQHandler
                0x08007448                DMA2_Stream0_IRQHandler
                0x08007448                TIM4_IRQHandler
                0x08007448                I2C1_EV_IRQHandler
                0x08007448                DMA1_Stream6_IRQHandler
                0x08007448                DMA1_Stream1_IRQHandler
                0x08007448                TIM3_IRQHandler
                0x08007448                RCC_IRQHandler
                0x08007448                Default_Handler
                0x08007448                EXTI15_10_IRQHandler
                0x08007448                ADC_IRQHandler
                0x08007448                DMA1_Stream7_IRQHandler
                0x08007448                TIM5_IRQHandler
                0x08007448                DMA2_Stream7_IRQHandler
                0x08007448                I2C3_EV_IRQHandler
                0x08007448                EXTI9_5_IRQHandler
                0x08007448                RTC_WKUP_IRQHandler
                0x08007448                SPI2_IRQHandler
                0x08007448                DMA1_Stream0_IRQHandler
                0x08007448                EXTI4_IRQHandler
                0x08007448                WWDG_IRQHandler
                0x08007448                TIM2_IRQHandler
                0x08007448                OTG_FS_WKUP_IRQHandler
                0x08007448                TIM1_TRG_COM_TIM11_IRQHandler
                0x08007448                EXTI1_IRQHandler
                0x08007448                USART2_IRQHandler
                0x08007448                I2C2_ER_IRQHandler
                0x08007448                DMA2_Stream1_IRQHandler
                0x08007448                FLASH_IRQHandler
                0x08007448                DMA2_Stream4_IRQHandler
                0x08007448                USART1_IRQHandler
                0x08007448                OTG_FS_IRQHandler
                0x08007448                SPI3_IRQHandler
                0x08007448                DMA1_Stream4_IRQHandler
                0x08007448                I2C1_ER_IRQHandler
                0x08007448                DMA2_Stream6_IRQHandler
                0x08007448                DMA1_Stream3_IRQHandler
 *fill*         0x0800744a        0x2 
 .text.HAL_Init
                0x0800744c       0x44 ./Drivers/STM32F4xx_HAL_Driver/Src/stm32f4xx_hal.o
                0x0800744c                HAL_Init
 .text.HAL_IncTick
                0x08007490       0x28 ./Drivers/STM32F4xx_HAL_Driver/Src/stm32f4xx_hal.o
                0x08007490                HAL_IncTick
 .text.HAL_GetTick
                0x080074b8       0x18 ./Drivers/STM32F4xx_HAL_Driver/Src/stm32f4xx_hal.o
                0x080074b8                HAL_GetTick
 .text.HAL_Delay
                0x080074d0       0x48 ./Drivers/STM32F4xx_HAL_Driver/Src/stm32f4xx_hal.o
                0x080074d0                HAL_Delay
 .text.__NVIC_SetPriorityGrouping
                0x08007518       0x48 ./Drivers/STM32F4xx_HAL_Driver/Src/stm32f4xx_hal_cortex.o
 .text.__NVIC_GetPriorityGrouping
                0x08007560       0x1c ./Drivers/STM32F4xx_HAL_Driver/Src/stm32f4xx_hal_cortex.o
 .text.__NVIC_EnableIRQ
                0x0800757c       0x3c ./Drivers/STM32F4xx_HAL_Driver/Src/stm32f4xx_hal_cortex.o
 .text.__NVIC_SetPriority
                0x080075b8       0x54 ./Drivers/STM32F4xx_HAL_Driver/Src/stm32f4xx_hal_cortex.o
 .text.NVIC_EncodePriority
                0x0800760c       0x66 ./Drivers/STM32F4xx_HAL_Driver/Src/stm32f4xx_hal_cortex.o
 .text.HAL_NVIC_SetPriorityGrouping
                0x08007672       0x16 ./Drivers/STM32F4xx_HAL_Driver/Src/stm32f4xx_hal_cortex.o
                0x08007672                HAL_NVIC_SetPriorityGrouping
 .text.HAL_NVIC_SetPriority
                0x08007688       0x38 ./Drivers/STM32F4xx_HAL_Driver/Src/stm32f4xx_hal_cortex.o
                0x08007688                HAL_NVIC_SetPriority
 .text.HAL_NVIC_EnableIRQ
                0x080076c0       0x1c ./Drivers/STM32F4xx_HAL_Driver/Src/stm32f4xx_hal_cortex.o
                0x080076c0                HAL_NVIC_EnableIRQ
 .text.HAL_GPIO_Init
                0x080076dc      0x308 ./Drivers/STM32F4xx_HAL_Driver/Src/stm32f4xx_hal_gpio.o
                0x080076dc                HAL_GPIO_Init
 .text.HAL_GPIO_ReadPin
                0x080079e4       0x30 ./Drivers/STM32F4xx_HAL_Driver/Src/stm32f4xx_hal_gpio.o
                0x080079e4                HAL_GPIO_ReadPin
 .text.HAL_GPIO_WritePin
                0x08007a14       0x32 ./Drivers/STM32F4xx_HAL_Driver/Src/stm32f4xx_hal_gpio.o
                0x08007a14                HAL_GPIO_WritePin
 *fill*         0x08007a46        0x2 
 .text.HAL_RCC_OscConfig
                0x08007a48      0x4f0 ./Drivers/STM32F4xx_HAL_Driver/Src/stm32f4xx_hal_rcc.o
                0x08007a48                HAL_RCC_OscConfig
 .text.HAL_RCC_ClockConfig
                0x08007f38      0x1cc ./Drivers/STM32F4xx_HAL_Driver/Src/stm32f4xx_hal_rcc.o
                0x08007f38                HAL_RCC_ClockConfig
 .text.HAL_RCC_GetSysClockFreq
                0x08008104      0x18c ./Drivers/STM32F4xx_HAL_Driver/Src/stm32f4xx_hal_rcc.o
                0x08008104                HAL_RCC_GetSysClockFreq
 .text.HAL_RCC_GetHCLKFreq
                0x08008290       0x18 ./Drivers/STM32F4xx_HAL_Driver/Src/stm32f4xx_hal_rcc.o
                0x08008290                HAL_RCC_GetHCLKFreq
 .text.HAL_RCC_GetPCLK2Freq
                0x080082a8       0x28 ./Drivers/STM32F4xx_HAL_Driver/Src/stm32f4xx_hal_rcc.o
                0x080082a8                HAL_RCC_GetPCLK2Freq
 .text.HAL_RCC_GetClockConfig
                0x080082d0       0x64 ./Drivers/STM32F4xx_HAL_Driver/Src/stm32f4xx_hal_rcc.o
                0x080082d0                HAL_RCC_GetClockConfig
 .text.HAL_TIM_Base_Init
                0x08008334       0x9e ./Drivers/STM32F4xx_HAL_Driver/Src/stm32f4xx_hal_tim.o
                0x08008334                HAL_TIM_Base_Init
 .text.HAL_TIM_Base_MspInit
                0x080083d2       0x14 ./Drivers/STM32F4xx_HAL_Driver/Src/stm32f4xx_hal_tim.o
                0x080083d2                HAL_TIM_Base_MspInit
 *fill*         0x080083e6        0x2 
 .text.HAL_TIM_Base_Start_IT
                0x080083e8       0xc4 ./Drivers/STM32F4xx_HAL_Driver/Src/stm32f4xx_hal_tim.o
                0x080083e8                HAL_TIM_Base_Start_IT
 .text.HAL_TIM_IRQHandler
                0x080084ac      0x1e0 ./Drivers/STM32F4xx_HAL_Driver/Src/stm32f4xx_hal_tim.o
                0x080084ac                HAL_TIM_IRQHandler
 .text.HAL_TIM_OC_DelayElapsedCallback
                0x0800868c       0x14 ./Drivers/STM32F4xx_HAL_Driver/Src/stm32f4xx_hal_tim.o
                0x0800868c                HAL_TIM_OC_DelayElapsedCallback
 .text.HAL_TIM_IC_CaptureCallback
                0x080086a0       0x14 ./Drivers/STM32F4xx_HAL_Driver/Src/stm32f4xx_hal_tim.o
                0x080086a0                HAL_TIM_IC_CaptureCallback
 .text.HAL_TIM_PWM_PulseFinishedCallback
                0x080086b4       0x14 ./Drivers/STM32F4xx_HAL_Driver/Src/stm32f4xx_hal_tim.o
                0x080086b4                HAL_TIM_PWM_PulseFinishedCallback
 .text.HAL_TIM_TriggerCallback
                0x080086c8       0x14 ./Drivers/STM32F4xx_HAL_Driver/Src/stm32f4xx_hal_tim.o
                0x080086c8                HAL_TIM_TriggerCallback
 .text.TIM_Base_SetConfig
                0x080086dc      0x10c ./Drivers/STM32F4xx_HAL_Driver/Src/stm32f4xx_hal_tim.o
                0x080086dc                TIM_Base_SetConfig
 .text.HAL_TIMEx_CommutCallback
                0x080087e8       0x14 ./Drivers/STM32F4xx_HAL_Driver/Src/stm32f4xx_hal_tim_ex.o
                0x080087e8                HAL_TIMEx_CommutCallback
 .text.HAL_TIMEx_BreakCallback
                0x080087fc       0x14 ./Drivers/STM32F4xx_HAL_Driver/Src/stm32f4xx_hal_tim_ex.o
                0x080087fc                HAL_TIMEx_BreakCallback
 .text.SysTick_Handler
                0x08008810       0x20 ./Middlewares/Third_Party/FreeRTOS/Source/CMSIS_RTOS_V2/cmsis_os2.o
                0x08008810                SysTick_Handler
 .text.vApplicationGetIdleTaskMemory
                0x08008830       0x34 ./Middlewares/Third_Party/FreeRTOS/Source/CMSIS_RTOS_V2/cmsis_os2.o
                0x08008830                vApplicationGetIdleTaskMemory
 .text.vApplicationGetTimerTaskMemory
                0x08008864       0x34 ./Middlewares/Third_Party/FreeRTOS/Source/CMSIS_RTOS_V2/cmsis_os2.o
                0x08008864                vApplicationGetTimerTaskMemory
 .text.vListInitialise
                0x08008898       0x40 ./Middlewares/Third_Party/FreeRTOS/Source/list.o
                0x08008898                vListInitialise
 .text.vListInitialiseItem
                0x080088d8       0x1a ./Middlewares/Third_Party/FreeRTOS/Source/list.o
                0x080088d8                vListInitialiseItem
 .text.vListInsertEnd
                0x080088f2       0x48 ./Middlewares/Third_Party/FreeRTOS/Source/list.o
                0x080088f2                vListInsertEnd
 .text.vListInsert
                0x0800893a       0x72 ./Middlewares/Third_Party/FreeRTOS/Source/list.o
                0x0800893a                vListInsert
 .text.uxListRemove
                0x080089ac       0x54 ./Middlewares/Third_Party/FreeRTOS/Source/list.o
                0x080089ac                uxListRemove
 .text.xQueueGenericReset
                0x08008a00       0xd4 ./Middlewares/Third_Party/FreeRTOS/Source/queue.o
                0x08008a00                xQueueGenericReset
 .text.xQueueGenericCreateStatic
                0x08008ad4       0xfa ./Middlewares/Third_Party/FreeRTOS/Source/queue.o
                0x08008ad4                xQueueGenericCreateStatic
 .text.xQueueGenericCreate
                0x08008bce       0x76 ./Middlewares/Third_Party/FreeRTOS/Source/queue.o
                0x08008bce                xQueueGenericCreate
 .text.prvInitialiseNewQueue
                0x08008c44       0x46 ./Middlewares/Third_Party/FreeRTOS/Source/queue.o
 .text.prvInitialiseMutex
                0x08008c8a       0x34 ./Middlewares/Third_Party/FreeRTOS/Source/queue.o
 .text.xQueueCreateMutex
                0x08008cbe       0x30 ./Middlewares/Third_Party/FreeRTOS/Source/queue.o
                0x08008cbe                xQueueCreateMutex
 .text.xQueueGiveMutexRecursive
                0x08008cee       0x6a ./Middlewares/Third_Party/FreeRTOS/Source/queue.o
                0x08008cee                xQueueGiveMutexRecursive
 .text.xQueueTakeMutexRecursive
                0x08008d58       0x6e ./Middlewares/Third_Party/FreeRTOS/Source/queue.o
                0x08008d58                xQueueTakeMutexRecursive
 *fill*         0x08008dc6        0x2 
 .text.xQueueGenericSend
                0x08008dc8      0x204 ./Middlewares/Third_Party/FreeRTOS/Source/queue.o
                0x08008dc8                xQueueGenericSend
 .text.xQueueGenericSendFromISR
                0x08008fcc      0x13c ./Middlewares/Third_Party/FreeRTOS/Source/queue.o
                0x08008fcc                xQueueGenericSendFromISR
 .text.xQueueReceive
                0x08009108      0x1c4 ./Middlewares/Third_Party/FreeRTOS/Source/queue.o
                0x08009108                xQueueReceive
 .text.xQueueSemaphoreTake
                0x080092cc      0x220 ./Middlewares/Third_Party/FreeRTOS/Source/queue.o
                0x080092cc                xQueueSemaphoreTake
 .text.prvGetDisinheritPriorityAfterTimeout
                0x080094ec       0x30 ./Middlewares/Third_Party/FreeRTOS/Source/queue.o
 .text.prvCopyDataToQueue
                0x0800951c       0xd4 ./Middlewares/Third_Party/FreeRTOS/Source/queue.o
 .text.prvCopyDataFromQueue
                0x080095f0       0x4c ./Middlewares/Third_Party/FreeRTOS/Source/queue.o
 .text.prvUnlockQueue
                0x0800963c       0xa4 ./Middlewares/Third_Party/FreeRTOS/Source/queue.o
 .text.prvIsQueueEmpty
                0x080096e0       0x2c ./Middlewares/Third_Party/FreeRTOS/Source/queue.o
 .text.prvIsQueueFull
                0x0800970c       0x30 ./Middlewares/Third_Party/FreeRTOS/Source/queue.o
 .text.vQueueAddToRegistry
                0x0800973c       0x54 ./Middlewares/Third_Party/FreeRTOS/Source/queue.o
                0x0800973c                vQueueAddToRegistry
 .text.vQueueWaitForMessageRestricted
                0x08009790       0x68 ./Middlewares/Third_Party/FreeRTOS/Source/queue.o
                0x08009790                vQueueWaitForMessageRestricted
 .text.xTaskCreateStatic
                0x080097f8       0xc0 ./Middlewares/Third_Party/FreeRTOS/Source/tasks.o
                0x080097f8                xTaskCreateStatic
 .text.xTaskCreate
                0x080098b8       0x8a ./Middlewares/Third_Party/FreeRTOS/Source/tasks.o
                0x080098b8                xTaskCreate
 .text.prvInitialiseNewTask
                0x08009942      0x120 ./Middlewares/Third_Party/FreeRTOS/Source/tasks.o
 *fill*         0x08009a62        0x2 
 .text.prvAddNewTaskToReadyList
                0x08009a64       0xe0 ./Middlewares/Third_Party/FreeRTOS/Source/tasks.o
 .text.vTaskDelay
                0x08009b44       0x6c ./Middlewares/Third_Party/FreeRTOS/Source/tasks.o
                0x08009b44                vTaskDelay
 .text.vTaskStartScheduler
                0x08009bb0       0xd0 ./Middlewares/Third_Party/FreeRTOS/Source/tasks.o
                0x08009bb0                vTaskStartScheduler
 .text.vTaskSuspendAll
                0x08009c80       0x1c ./Middlewares/Third_Party/FreeRTOS/Source/tasks.o
                0x08009c80                vTaskSuspendAll
 .text.xTaskResumeAll
                0x08009c9c      0x13c ./Middlewares/Third_Party/FreeRTOS/Source/tasks.o
                0x08009c9c                xTaskResumeAll
 .text.xTaskGetTickCount
                0x08009dd8       0x20 ./Middlewares/Third_Party/FreeRTOS/Source/tasks.o
                0x08009dd8                xTaskGetTickCount
 .text.xTaskIncrementTick
                0x08009df8      0x174 ./Middlewares/Third_Party/FreeRTOS/Source/tasks.o
                0x08009df8                xTaskIncrementTick
 .text.vTaskSwitchContext
                0x08009f6c       0xbc ./Middlewares/Third_Party/FreeRTOS/Source/tasks.o
                0x08009f6c                vTaskSwitchContext
 .text.vTaskPlaceOnEventList
                0x0800a028       0x4c ./Middlewares/Third_Party/FreeRTOS/Source/tasks.o
                0x0800a028                vTaskPlaceOnEventList
 .text.vTaskPlaceOnEventListRestricted
                0x0800a074       0x58 ./Middlewares/Third_Party/FreeRTOS/Source/tasks.o
                0x0800a074                vTaskPlaceOnEventListRestricted
 .text.xTaskRemoveFromEventList
                0x0800a0cc       0xc8 ./Middlewares/Third_Party/FreeRTOS/Source/tasks.o
                0x0800a0cc                xTaskRemoveFromEventList
 .text.vTaskInternalSetTimeOutState
                0x0800a194       0x2c ./Middlewares/Third_Party/FreeRTOS/Source/tasks.o
                0x0800a194                vTaskInternalSetTimeOutState
 .text.xTaskCheckForTimeOut
                0x0800a1c0       0xc8 ./Middlewares/Third_Party/FreeRTOS/Source/tasks.o
                0x0800a1c0                xTaskCheckForTimeOut
 .text.vTaskMissedYield
                0x0800a288       0x18 ./Middlewares/Third_Party/FreeRTOS/Source/tasks.o
                0x0800a288                vTaskMissedYield
 .text.prvIdleTask
                0x0800a2a0       0x30 ./Middlewares/Third_Party/FreeRTOS/Source/tasks.o
 .text.prvInitialiseTaskLists
                0x0800a2d0       0x80 ./Middlewares/Third_Party/FreeRTOS/Source/tasks.o
 .text.prvCheckTasksWaitingTermination
                0x0800a350       0x5c ./Middlewares/Third_Party/FreeRTOS/Source/tasks.o
 .text.prvDeleteTCB
                0x0800a3ac       0x60 ./Middlewares/Third_Party/FreeRTOS/Source/tasks.o
 .text.prvResetNextTaskUnblockTime
                0x0800a40c       0x40 ./Middlewares/Third_Party/FreeRTOS/Source/tasks.o
 .text.xTaskGetCurrentTaskHandle
                0x0800a44c       0x20 ./Middlewares/Third_Party/FreeRTOS/Source/tasks.o
                0x0800a44c                xTaskGetCurrentTaskHandle
 .text.xTaskGetSchedulerState
                0x0800a46c       0x3c ./Middlewares/Third_Party/FreeRTOS/Source/tasks.o
                0x0800a46c                xTaskGetSchedulerState
 .text.xTaskPriorityInherit
                0x0800a4a8       0xd0 ./Middlewares/Third_Party/FreeRTOS/Source/tasks.o
                0x0800a4a8                xTaskPriorityInherit
 .text.xTaskPriorityDisinherit
                0x0800a578       0xe0 ./Middlewares/Third_Party/FreeRTOS/Source/tasks.o
                0x0800a578                xTaskPriorityDisinherit
 .text.vTaskPriorityDisinheritAfterTimeout
                0x0800a658      0x108 ./Middlewares/Third_Party/FreeRTOS/Source/tasks.o
                0x0800a658                vTaskPriorityDisinheritAfterTimeout
 .text.pvTaskIncrementMutexHeldCount
                0x0800a760       0x28 ./Middlewares/Third_Party/FreeRTOS/Source/tasks.o
                0x0800a760                pvTaskIncrementMutexHeldCount
 .text.prvAddCurrentTaskToDelayedList
                0x0800a788       0xa8 ./Middlewares/Third_Party/FreeRTOS/Source/tasks.o
 .text.xTimerCreateTimerTask
                0x0800a830       0x94 ./Middlewares/Third_Party/FreeRTOS/Source/timers.o
                0x0800a830                xTimerCreateTimerTask
 .text.xTimerGenericCommand
                0x0800a8c4       0x9c ./Middlewares/Third_Party/FreeRTOS/Source/timers.o
                0x0800a8c4                xTimerGenericCommand
 .text.prvProcessExpiredTimer
                0x0800a960       0x9c ./Middlewares/Third_Party/FreeRTOS/Source/timers.o
 .text.prvTimerTask
                0x0800a9fc       0x26 ./Middlewares/Third_Party/FreeRTOS/Source/timers.o
 *fill*         0x0800aa22        0x2 
 .text.prvProcessTimerOrBlockTask
                0x0800aa24       0x9c ./Middlewares/Third_Party/FreeRTOS/Source/timers.o
 .text.prvGetNextExpireTime
                0x0800aac0       0x48 ./Middlewares/Third_Party/FreeRTOS/Source/timers.o
 .text.prvSampleTimeNow
                0x0800ab08       0x40 ./Middlewares/Third_Party/FreeRTOS/Source/timers.o
 .text.prvInsertTimerInActiveList
                0x0800ab48       0x84 ./Middlewares/Third_Party/FreeRTOS/Source/timers.o
 .text.prvProcessReceivedCommands
                0x0800abcc      0x1cc ./Middlewares/Third_Party/FreeRTOS/Source/timers.o
 .text.prvSwitchTimerLists
                0x0800ad98       0xcc ./Middlewares/Third_Party/FreeRTOS/Source/timers.o
 .text.prvCheckForValidListAndQueue
                0x0800ae64       0x80 ./Middlewares/Third_Party/FreeRTOS/Source/timers.o
 .text.pxPortInitialiseStack
                0x0800aee4       0x68 ./Middlewares/Third_Party/FreeRTOS/Source/portable/GCC/ARM_CM4F/port.o
                0x0800aee4                pxPortInitialiseStack
 .text.prvTaskExitError
                0x0800af4c       0x5c ./Middlewares/Third_Party/FreeRTOS/Source/portable/GCC/ARM_CM4F/port.o
 *fill*         0x0800afa8        0x8 
 .text.SVC_Handler
                0x0800afb0       0x28 ./Middlewares/Third_Party/FreeRTOS/Source/portable/GCC/ARM_CM4F/port.o
                0x0800afb0                SVC_Handler
 .text.prvPortStartFirstTask
                0x0800afd8       0x28 ./Middlewares/Third_Party/FreeRTOS/Source/portable/GCC/ARM_CM4F/port.o
 .text.xPortStartScheduler
                0x0800b000      0x148 ./Middlewares/Third_Party/FreeRTOS/Source/portable/GCC/ARM_CM4F/port.o
                0x0800b000                xPortStartScheduler
 .text.vPortEnterCritical
                0x0800b148       0x64 ./Middlewares/Third_Party/FreeRTOS/Source/portable/GCC/ARM_CM4F/port.o
                0x0800b148                vPortEnterCritical
 .text.vPortExitCritical
                0x0800b1ac       0x54 ./Middlewares/Third_Party/FreeRTOS/Source/portable/GCC/ARM_CM4F/port.o
                0x0800b1ac                vPortExitCritical
 .text.PendSV_Handler
                0x0800b200       0x68 ./Middlewares/Third_Party/FreeRTOS/Source/portable/GCC/ARM_CM4F/port.o
                0x0800b200                PendSV_Handler
 .text.xPortSysTickHandler
                0x0800b268       0x44 ./Middlewares/Third_Party/FreeRTOS/Source/portable/GCC/ARM_CM4F/port.o
                0x0800b268                xPortSysTickHandler
 .text.vPortSetupTimerInterrupt
                0x0800b2ac       0x48 ./Middlewares/Third_Party/FreeRTOS/Source/portable/GCC/ARM_CM4F/port.o
                0x0800b2ac                vPortSetupTimerInterrupt
 .text.vPortEnableVFP
                0x0800b2f4       0x14 ./Middlewares/Third_Party/FreeRTOS/Source/portable/GCC/ARM_CM4F/port.o
 .text.vPortValidateInterruptPriority
                0x0800b308       0x84 ./Middlewares/Third_Party/FreeRTOS/Source/portable/GCC/ARM_CM4F/port.o
                0x0800b308                vPortValidateInterruptPriority
 .text.pvPortMalloc
                0x0800b38c      0x19c ./Middlewares/Third_Party/FreeRTOS/Source/portable/MemMang/heap_4.o
                0x0800b38c                pvPortMalloc
 .text.vPortFree
                0x0800b528       0xc8 ./Middlewares/Third_Party/FreeRTOS/Source/portable/MemMang/heap_4.o
                0x0800b528                vPortFree
 .text.prvHeapInit
                0x0800b5f0       0xc4 ./Middlewares/Third_Party/FreeRTOS/Source/portable/MemMang/heap_4.o
 .text.prvInsertBlockIntoFreeList
                0x0800b6b4       0xb4 ./Middlewares/Third_Party/FreeRTOS/Source/portable/MemMang/heap_4.o
 *(.glue_7)
 .glue_7        0x0800b768        0x0 linker stubs
 *(.glue_7t)
 .glue_7t       0x0800b768        0x0 linker stubs
 *(.eh_frame)
 .eh_frame      0x0800b768        0x0 /usr/lib/gcc/arm-none-eabi/13.2.1/thumb/v7e-m+fp/hard/crtbegin.o
 *(.init)
 .init          0x0800b768        0x4 /usr/lib/gcc/arm-none-eabi/13.2.1/thumb/v7e-m+fp/hard/crti.o
                0x0800b768                _init
 .init          0x0800b76c        0x8 /usr/lib/gcc/arm-none-eabi/13.2.1/thumb/v7e-m+fp/hard/crtn.o
 *(.fini)
 .fini          0x0800b774        0x4 /usr/lib/gcc/arm-none-eabi/13.2.1/thumb/v7e-m+fp/hard/crti.o
                0x0800b774                _fini
 .fini          0x0800b778        0x8 /usr/lib/gcc/arm-none-eabi/13.2.1/thumb/v7e-m+fp/hard/crtn.o
                0x0800b780                        . = ALIGN (0x4)
                0x0800b780                        _etext = .

.vfp11_veneer   0x0800b780        0x0
 .vfp11_veneer  0x0800b780        0x0 linker stubs

.v4_bx          0x0800b780        0x0
 .v4_bx         0x0800b780        0x0 linker stubs

.iplt           0x0800b780        0x0
 .iplt          0x0800b780        0x0 /usr/lib/gcc/arm-none-eabi/13.2.1/thumb/v7e-m+fp/hard/crtbegin.o

.rodata         0x0800b780      0x7fc
                0x0800b780                        . = ALIGN (0x4)
 *(.rodata)
 .rodata        0x0800b780      0x22c ./Core/Src/AM2302.o
 .rodata        0x0800b9ac       0x1b ./Core/Src/UART.o
 *fill*         0x0800b9c7        0x1 
 .rodata        0x0800b9c8      0x21c ./Core/Src/main.o
 .rodata        0x0800bbe4        0x5 ./Middlewares/Third_Party/FreeRTOS/Source/tasks.o
 *fill*         0x0800bbe9        0x3 
 .rodata        0x0800bbec        0xd ./Middlewares/Third_Party/FreeRTOS/Source/timers.o
 *fill*         0x0800bbf9        0x7 
 .rodata        0x0800bc00      0x128 /usr/lib/gcc/arm-none-eabi/13.2.1/../../../arm-none-eabi/lib/thumb/v7e-m+fp/hard/libc_nano.a(libc_a-mprec.o)
                0x0800bc10                __mprec_tens
                0x0800bcd8                __mprec_tinytens
                0x0800bd00                __mprec_bigtens
 .rodata        0x0800bd28      0x101 /usr/lib/gcc/arm-none-eabi/13.2.1/../../../arm-none-eabi/lib/thumb/v7e-m+fp/hard/libc_nano.a(libc_a-ctype_.o)
                0x0800bd28                _ctype_
 *(.rodata*)
 *fill*         0x0800be29        0x3 
 .rodata.AHBPrescTable
                0x0800be2c       0x10 ./Core/Src/system_stm32f4xx.o
                0x0800be2c                AHBPrescTable
 .rodata.APBPrescTable
                0x0800be3c        0x8 ./Core/Src/system_stm32f4xx.o
                0x0800be3c                APBPrescTable
 .rodata.str1.4
                0x0800be44      0x136 /usr/lib/gcc/arm-none-eabi/13.2.1/../../../arm-none-eabi/lib/thumb/v7e-m+fp/hard/libc_nano.a(libc_a-assert.o)
                                 0x43 (size before relaxing)
 .rodata.str1.4
                0x0800bf7a       0x13 /usr/lib/gcc/arm-none-eabi/13.2.1/../../../arm-none-eabi/lib/thumb/v7e-m+fp/hard/libc_nano.a(libc_a-nano-svfprintf.o)
 .rodata.str1.4
                0x0800bf7a       0x12 /usr/lib/gcc/arm-none-eabi/13.2.1/../../../arm-none-eabi/lib/thumb/v7e-m+fp/hard/libc_nano.a(libc_a-nano-vfprintf_float.o)
 .rodata.str1.4
                0x0800bf7a       0x69 /usr/lib/gcc/arm-none-eabi/13.2.1/../../../arm-none-eabi/lib/thumb/v7e-m+fp/hard/libc_nano.a(libc_a-dtoa.o)
 .rodata.str1.4
                0x0800bf7a       0x25 /usr/lib/gcc/arm-none-eabi/13.2.1/../../../arm-none-eabi/lib/thumb/v7e-m+fp/hard/libc_nano.a(libc_a-nano-vfprintf_i.o)
 .rodata.str1.4
                0x0800bf7a       0x13 /usr/lib/gcc/arm-none-eabi/13.2.1/../../../arm-none-eabi/lib/thumb/v7e-m+fp/hard/libc_nano.a(libc_a-nano-vfprintf.o)
 .rodata.str1.4
                0x0800bf7a       0x59 /usr/lib/gcc/arm-none-eabi/13.2.1/../../../arm-none-eabi/lib/thumb/v7e-m+fp/hard/libc_nano.a(libc_a-mprec.o)
 .rodata.str1.4
                0x0800bf7a       0x12 /usr/lib/gcc/arm-none-eabi/13.2.1/../../../arm-none-eabi/lib/thumb/v7e-m+fp/hard/libc_nano.a(libc_a-locale.o)
 .rodata.str1.4
                0x0800bf7a        0x1 /usr/lib/gcc/arm-none-eabi/13.2.1/../../../arm-none-eabi/lib/thumb/v7e-m+fp/hard/libm.a(libm_a-wf_log10.o)
                0x0800bfe4                        . = ALIGN (0x4)
 *fill*         0x0800bf7a        0x2 

.ARM.extab      0x0800bf7c        0x0
                0x0800bf7c                        . = ALIGN (0x4)
 *(.ARM.extab* .gnu.linkonce.armextab.*)
                0x0800bf7c                        . = ALIGN (0x4)

.ARM            0x0800bf7c        0x8
                0x0800bf7c                        . = ALIGN (0x4)
                0x0800bf7c                        __exidx_start = .
 *(.ARM.exidx*)
 .ARM.exidx     0x0800bf7c        0x8 /usr/lib/gcc/arm-none-eabi/13.2.1/../../../arm-none-eabi/lib/thumb/v7e-m+fp/hard/libc_nano.a(libc_a-memchr.o)
 .ARM.exidx     0x0800bf84        0x0 /usr/lib/gcc/arm-none-eabi/13.2.1/../../../arm-none-eabi/lib/thumb/v7e-m+fp/hard/libc_nano.a(libc_a-memcpy.o)
                                  0x8 (size before relaxing)
 .ARM.exidx     0x0800bf84        0x0 /usr/lib/gcc/arm-none-eabi/13.2.1/../../../arm-none-eabi/lib/thumb/v7e-m+fp/hard/libc_nano.a(libc_a-strlen.o)
                                  0x8 (size before relaxing)
 .ARM.exidx     0x0800bf84        0x0 /usr/lib/gcc/arm-none-eabi/13.2.1/thumb/v7e-m+fp/hard/libgcc.a(_udivmoddi4.o)
                                  0x8 (size before relaxing)
                0x0800bf84                        __exidx_end = .
                0x0800bf84                        . = ALIGN (0x4)

.preinit_array  0x0800bf84        0x0
                0x0800bf84                        . = ALIGN (0x4)
                0x0800bf84                        PROVIDE (__preinit_array_start = .)
 *(.preinit_array*)
                0x0800bf84                        PROVIDE (__preinit_array_end = .)
                0x0800bf84                        . = ALIGN (0x4)

.init_array     0x0800bf84        0x4
                0x0800bf84                        . = ALIGN (0x4)
                0x0800bf84                        PROVIDE (__init_array_start = .)
 *(SORT_BY_NAME(.init_array.*))
 *(.init_array*)
 .init_array    0x0800bf84        0x4 /usr/lib/gcc/arm-none-eabi/13.2.1/thumb/v7e-m+fp/hard/crtbegin.o
                0x0800bf88                        PROVIDE (__init_array_end = .)
                0x0800bf88                        . = ALIGN (0x4)

.fini_array     0x0800bf88        0x4
                0x0800bf88                        . = ALIGN (0x4)
                0x0800bf88                        PROVIDE (__fini_array_start = .)
 *(SORT_BY_NAME(.fini_array.*))
 *(.fini_array*)
 .fini_array    0x0800bf88        0x4 /usr/lib/gcc/arm-none-eabi/13.2.1/thumb/v7e-m+fp/hard/crtbegin.o
                0x0800bf8c                        PROVIDE (__fini_array_end = .)
                0x0800bf8c                        . = ALIGN (0x4)
                0x0800bf8c                        _sidata = LOADADDR (.data)

.rel.dyn        0x0800bf8c        0x0
 .rel.iplt      0x0800bf8c        0x0 /usr/lib/gcc/arm-none-eabi/13.2.1/thumb/v7e-m+fp/hard/crtbegin.o

.data           0x20000000      0x1dc load address 0x0800bf8c
                0x20000000                        . = ALIGN (0x4)
                0x20000000                        _sdata = .
 *(.data)
 .data          0x20000000       0x50 /usr/lib/gcc/arm-none-eabi/13.2.1/../../../arm-none-eabi/lib/thumb/v7e-m+fp/hard/libc_nano.a(libc_a-impure.o)
                0x20000000                _impure_ptr
                0x20000004                _impure_data
 .data          0x20000050        0xc /usr/lib/gcc/arm-none-eabi/13.2.1/../../../arm-none-eabi/lib/thumb/v7e-m+fp/hard/libc_nano.a(libc_a-findfp.o)
                0x20000050                __sglue
 .data          0x2000005c      0x16c /usr/lib/gcc/arm-none-eabi/13.2.1/../../../arm-none-eabi/lib/thumb/v7e-m+fp/hard/libc_nano.a(libc_a-locale.o)
                0x2000005c                __global_locale
 *(.data*)
 .data.Ro_MQ9   0x200001c8        0x4 ./Core/Src/Math.o
                0x200001c8                Ro_MQ9
 .data.SystemCoreClock
                0x200001cc        0x4 ./Core/Src/system_stm32f4xx.o
                0x200001cc                SystemCoreClock
 .data.uwTickPrio
                0x200001d0        0x4 ./Drivers/STM32F4xx_HAL_Driver/Src/stm32f4xx_hal.o
                0x200001d0                uwTickPrio
 .data.uwTickFreq
                0x200001d4        0x1 ./Drivers/STM32F4xx_HAL_Driver/Src/stm32f4xx_hal.o
                0x200001d4                uwTickFreq
 *fill*         0x200001d5        0x3 
 .data.uxCriticalNesting
                0x200001d8        0x4 ./Middlewares/Third_Party/FreeRTOS/Source/portable/GCC/ARM_CM4F/port.o
 *(.RamFunc)
 *(.RamFunc*)
                0x200001dc                        . = ALIGN (0x4)
                0x200001dc                        _edata = .

.tm_clone_table
                0x200001dc        0x0 load address 0x0800c168
 .tm_clone_table
                0x200001dc        0x0 /usr/lib/gcc/arm-none-eabi/13.2.1/thumb/v7e-m+fp/hard/crtbegin.o
 .tm_clone_table
                0x200001dc        0x0 /usr/lib/gcc/arm-none-eabi/13.2.1/thumb/v7e-m+fp/hard/crtend.o

.igot.plt       0x200001dc        0x0 load address 0x0800c168
 .igot.plt      0x200001dc        0x0 /usr/lib/gcc/arm-none-eabi/13.2.1/thumb/v7e-m+fp/hard/crtbegin.o
                0x200001dc                        . = ALIGN (0x4)

.bss            0x200001dc     0x4b30 load address 0x0800c168
                0x200001dc                        _sbss = .
                0x200001dc                        __bss_start__ = _sbss
 *(.bss)
 .bss           0x200001dc       0x1c /usr/lib/gcc/arm-none-eabi/13.2.1/thumb/v7e-m+fp/hard/crtbegin.o
 .bss           0x200001f8        0x8 /usr/lib/gcc/arm-none-eabi/13.2.1/../../../arm-none-eabi/lib/thumb/v7e-m+fp/hard/libc_nano.a(libc_a-mallocr.o)
                0x200001f8                __malloc_sbrk_start
                0x200001fc                __malloc_free_list
 .bss           0x20000200      0x13c /usr/lib/gcc/arm-none-eabi/13.2.1/../../../arm-none-eabi/lib/thumb/v7e-m+fp/hard/libc_nano.a(libc_a-findfp.o)
                0x20000200                __sf
                0x20000338                __stdio_exit_handler
 .bss           0x2000033c        0x4 /usr/lib/gcc/arm-none-eabi/13.2.1/../../../arm-none-eabi/lib/thumb/v7e-m+fp/hard/libc_nano.a(libc_a-reent.o)
                0x2000033c                errno
 *(.bss*)
 .bss.xRecursiveMutex
                0x20000340        0x4 ./Core/Src/main.o
                0x20000340                xRecursiveMutex
 .bss.xUARTMutex
                0x20000344        0x4 ./Core/Src/main.o
                0x20000344                xUARTMutex
 .bss.xSPIMutex
                0x20000348        0x4 ./Core/Src/main.o
                0x20000348                xSPIMutex
 .bss.hspi2     0x2000034c       0x14 ./Core/Src/main.o
                0x2000034c                hspi2
 .bss.current_mcu_temp
                0x20000360        0x4 ./Core/Src/main.o
                0x20000360                current_mcu_temp
 .bss.current_mq9_ppm
                0x20000364        0x4 ./Core/Src/main.o
                0x20000364                current_mq9_ppm
 .bss.current_am2302_temp
                0x20000368        0x4 ./Core/Src/main.o
                0x20000368                current_am2302_temp
 .bss.current_am2302_humidity
                0x2000036c        0x4 ./Core/Src/main.o
                0x2000036c                current_am2302_humidity
 .bss.htim1     0x20000370       0x48 ./Core/Src/stm32f4xx_hal_timebase_tim.o
                0x20000370                htim1
 .bss.__sbrk_heap_end
                0x200003b8        0x4 ./Core/Src/sysmem.o
 .bss.uwTick    0x200003bc        0x4 ./Drivers/STM32F4xx_HAL_Driver/Src/stm32f4xx_hal.o
                0x200003bc                uwTick
 .bss.Idle_TCB.3
                0x200003c0       0x5c ./Middlewares/Third_Party/FreeRTOS/Source/CMSIS_RTOS_V2/cmsis_os2.o
 .bss.Idle_Stack.2
                0x2000041c      0x200 ./Middlewares/Third_Party/FreeRTOS/Source/CMSIS_RTOS_V2/cmsis_os2.o
 .bss.Timer_TCB.1
                0x2000061c       0x5c ./Middlewares/Third_Party/FreeRTOS/Source/CMSIS_RTOS_V2/cmsis_os2.o
 .bss.Timer_Stack.0
                0x20000678      0x400 ./Middlewares/Third_Party/FreeRTOS/Source/CMSIS_RTOS_V2/cmsis_os2.o
 .bss.xQueueRegistry
                0x20000a78       0x40 ./Middlewares/Third_Party/FreeRTOS/Source/queue.o
                0x20000a78                xQueueRegistry
 .bss.pxCurrentTCB
                0x20000ab8        0x4 ./Middlewares/Third_Party/FreeRTOS/Source/tasks.o
                0x20000ab8                pxCurrentTCB
 .bss.pxReadyTasksLists
                0x20000abc      0x460 ./Middlewares/Third_Party/FreeRTOS/Source/tasks.o
 .bss.xDelayedTaskList1
                0x20000f1c       0x14 ./Middlewares/Third_Party/FreeRTOS/Source/tasks.o
 .bss.xDelayedTaskList2
                0x20000f30       0x14 ./Middlewares/Third_Party/FreeRTOS/Source/tasks.o
 .bss.pxDelayedTaskList
                0x20000f44        0x4 ./Middlewares/Third_Party/FreeRTOS/Source/tasks.o
 .bss.pxOverflowDelayedTaskList
                0x20000f48        0x4 ./Middlewares/Third_Party/FreeRTOS/Source/tasks.o
 .bss.xPendingReadyList
                0x20000f4c       0x14 ./Middlewares/Third_Party/FreeRTOS/Source/tasks.o
 .bss.xTasksWaitingTermination
                0x20000f60       0x14 ./Middlewares/Third_Party/FreeRTOS/Source/tasks.o
 .bss.uxDeletedTasksWaitingCleanUp
                0x20000f74        0x4 ./Middlewares/Third_Party/FreeRTOS/Source/tasks.o
 .bss.xSuspendedTaskList
                0x20000f78       0x14 ./Middlewares/Third_Party/FreeRTOS/Source/tasks.o
 .bss.uxCurrentNumberOfTasks
                0x20000f8c        0x4 ./Middlewares/Third_Party/FreeRTOS/Source/tasks.o
 .bss.xTickCount
                0x20000f90        0x4 ./Middlewares/Third_Party/FreeRTOS/Source/tasks.o
 .bss.uxTopReadyPriority
                0x20000f94        0x4 ./Middlewares/Third_Party/FreeRTOS/Source/tasks.o
 .bss.xSchedulerRunning
                0x20000f98        0x4 ./Middlewares/Third_Party/FreeRTOS/Source/tasks.o
 .bss.xPendedTicks
                0x20000f9c        0x4 ./Middlewares/Third_Party/FreeRTOS/Source/tasks.o
 .bss.xYieldPending
                0x20000fa0        0x4 ./Middlewares/Third_Party/FreeRTOS/Source/tasks.o
 .bss.xNumOfOverflows
                0x20000fa4        0x4 ./Middlewares/Third_Party/FreeRTOS/Source/tasks.o
 .bss.uxTaskNumber
                0x20000fa8        0x4 ./Middlewares/Third_Party/FreeRTOS/Source/tasks.o
 .bss.xNextTaskUnblockTime
                0x20000fac        0x4 ./Middlewares/Third_Party/FreeRTOS/Source/tasks.o
 .bss.xIdleTaskHandle
                0x20000fb0        0x4 ./Middlewares/Third_Party/FreeRTOS/Source/tasks.o
 .bss.uxSchedulerSuspended
                0x20000fb4        0x4 ./Middlewares/Third_Party/FreeRTOS/Source/tasks.o
 .bss.xActiveTimerList1
                0x20000fb8       0x14 ./Middlewares/Third_Party/FreeRTOS/Source/timers.o
 .bss.xActiveTimerList2
                0x20000fcc       0x14 ./Middlewares/Third_Party/FreeRTOS/Source/timers.o
 .bss.pxCurrentTimerList
                0x20000fe0        0x4 ./Middlewares/Third_Party/FreeRTOS/Source/timers.o
 .bss.pxOverflowTimerList
                0x20000fe4        0x4 ./Middlewares/Third_Party/FreeRTOS/Source/timers.o
 .bss.xTimerQueue
                0x20000fe8        0x4 ./Middlewares/Third_Party/FreeRTOS/Source/timers.o
 .bss.xTimerTaskHandle
                0x20000fec        0x4 ./Middlewares/Third_Party/FreeRTOS/Source/timers.o
 .bss.xLastTime.2
                0x20000ff0        0x4 ./Middlewares/Third_Party/FreeRTOS/Source/timers.o
 .bss.ucStaticTimerQueueStorage.1
                0x20000ff4       0xa0 ./Middlewares/Third_Party/FreeRTOS/Source/timers.o
 .bss.xStaticTimerQueue.0
                0x20001094       0x50 ./Middlewares/Third_Party/FreeRTOS/Source/timers.o
 .bss.ucMaxSysCallPriority
                0x200010e4        0x1 ./Middlewares/Third_Party/FreeRTOS/Source/portable/GCC/ARM_CM4F/port.o
 *fill*         0x200010e5        0x3 
 .bss.ulMaxPRIGROUPValue
                0x200010e8        0x4 ./Middlewares/Third_Party/FreeRTOS/Source/portable/GCC/ARM_CM4F/port.o
 .bss.ucHeap    0x200010ec     0x3c00 ./Middlewares/Third_Party/FreeRTOS/Source/portable/MemMang/heap_4.o
 .bss.xStart    0x20004cec        0x8 ./Middlewares/Third_Party/FreeRTOS/Source/portable/MemMang/heap_4.o
 .bss.pxEnd     0x20004cf4        0x4 ./Middlewares/Third_Party/FreeRTOS/Source/portable/MemMang/heap_4.o
 .bss.xFreeBytesRemaining
                0x20004cf8        0x4 ./Middlewares/Third_Party/FreeRTOS/Source/portable/MemMang/heap_4.o
 .bss.xMinimumEverFreeBytesRemaining
                0x20004cfc        0x4 ./Middlewares/Third_Party/FreeRTOS/Source/portable/MemMang/heap_4.o
 .bss.xNumberOfSuccessfulAllocations
                0x20004d00        0x4 ./Middlewares/Third_Party/FreeRTOS/Source/portable/MemMang/heap_4.o
 .bss.xNumberOfSuccessfulFrees
                0x20004d04        0x4 ./Middlewares/Third_Party/FreeRTOS/Source/portable/MemMang/heap_4.o
 .bss.xBlockAllocatedBit
                0x20004d08        0x4 ./Middlewares/Third_Party/FreeRTOS/Source/portable/MemMang/heap_4.o
 *(COMMON)
                0x20004d0c                        . = ALIGN (0x4)
                0x20004d0c                        _ebss = .
                0x20004d0c                        __bss_end__ = _ebss

._user_heap_stack
                0x20004d0c      0x604 load address 0x0800c168
                0x20004d10                        . = ALIGN (0x8)
 *fill*         0x20004d0c        0x4 
                [!provide]                        PROVIDE (end = .)
                0x20004d10                        PROVIDE (_end = .)
                0x20004f10                        . = (. + _Min_Heap_Size)
 *fill*         0x20004d10      0x200 
                0x20005310                        . = (. + _Min_Stack_Size)
 *fill*         0x20004f10      0x400 
                0x20005310                        . = ALIGN (0x8)

/DISCARD/
 libc.a(*)
 libm.a(*)
 libgcc.a(*)

.ARM.attributes
                0x00000000       0x30
 *(.ARM.attributes)
 .ARM.attributes
                0x00000000       0x22 /usr/lib/gcc/arm-none-eabi/13.2.1/thumb/v7e-m+fp/hard/crti.o
 .ARM.attributes
                0x00000022       0x34 /usr/lib/gcc/arm-none-eabi/13.2.1/thumb/v7e-m+fp/hard/crtbegin.o
 .ARM.attributes
                0x00000056       0x34 ./Core/Src/ADC.o
 .ARM.attributes
                0x0000008a       0x34 ./Core/Src/AM2302.o
 .ARM.attributes
                0x000000be       0x34 ./Core/Src/GPIO.o
 .ARM.attributes
                0x000000f2       0x34 ./Core/Src/Math.o
 .ARM.attributes
                0x00000126       0x34 ./Core/Src/SPI.o
 .ARM.attributes
                0x0000015a       0x34 ./Core/Src/UART.o
 .ARM.attributes
                0x0000018e       0x34 ./Core/Src/main.o
 .ARM.attributes
                0x000001c2       0x34 ./Core/Src/stm32f4xx_hal_msp.o
 .ARM.attributes
                0x000001f6       0x34 ./Core/Src/stm32f4xx_hal_timebase_tim.o
 .ARM.attributes
                0x0000022a       0x34 ./Core/Src/stm32f4xx_it.o
 .ARM.attributes
                0x0000025e       0x34 ./Core/Src/syscalls.o
 .ARM.attributes
                0x00000292       0x34 ./Core/Src/sysmem.o
 .ARM.attributes
                0x000002c6       0x34 ./Core/Src/system_stm32f4xx.o
 .ARM.attributes
                0x000002fa       0x21 ./Core/Startup/startup_stm32f401retx.o
 .ARM.attributes
                0x0000031b       0x34 ./Drivers/STM32F4xx_HAL_Driver/Src/stm32f4xx_hal.o
 .ARM.attributes
                0x0000034f       0x34 ./Drivers/STM32F4xx_HAL_Driver/Src/stm32f4xx_hal_cortex.o
 .ARM.attributes
                0x00000383       0x34 ./Drivers/STM32F4xx_HAL_Driver/Src/stm32f4xx_hal_gpio.o
 .ARM.attributes
                0x000003b7       0x34 ./Drivers/STM32F4xx_HAL_Driver/Src/stm32f4xx_hal_rcc.o
 .ARM.attributes
                0x000003eb       0x34 ./Drivers/STM32F4xx_HAL_Driver/Src/stm32f4xx_hal_tim.o
 .ARM.attributes
                0x0000041f       0x34 ./Drivers/STM32F4xx_HAL_Driver/Src/stm32f4xx_hal_tim_ex.o
 .ARM.attributes
                0x00000453       0x34 ./Middlewares/Third_Party/FreeRTOS/Source/CMSIS_RTOS_V2/cmsis_os2.o
 .ARM.attributes
                0x00000487       0x34 ./Middlewares/Third_Party/FreeRTOS/Source/list.o
 .ARM.attributes
                0x000004bb       0x34 ./Middlewares/Third_Party/FreeRTOS/Source/queue.o
 .ARM.attributes
                0x000004ef       0x34 ./Middlewares/Third_Party/FreeRTOS/Source/tasks.o
 .ARM.attributes
                0x00000523       0x34 ./Middlewares/Third_Party/FreeRTOS/Source/timers.o
 .ARM.attributes
                0x00000557       0x34 ./Middlewares/Third_Party/FreeRTOS/Source/portable/GCC/ARM_CM4F/port.o
 .ARM.attributes
                0x0000058b       0x34 ./Middlewares/Third_Party/FreeRTOS/Source/portable/MemMang/heap_4.o
 .ARM.attributes
                0x000005bf       0x34 /usr/lib/gcc/arm-none-eabi/13.2.1/../../../arm-none-eabi/lib/thumb/v7e-m+fp/hard/libc_nano.a(libc_a-sprintf.o)
 .ARM.attributes
                0x000005f3       0x34 /usr/lib/gcc/arm-none-eabi/13.2.1/../../../arm-none-eabi/lib/thumb/v7e-m+fp/hard/libc_nano.a(libc_a-assert.o)
 .ARM.attributes
                0x00000627       0x34 /usr/lib/gcc/arm-none-eabi/13.2.1/../../../arm-none-eabi/lib/thumb/v7e-m+fp/hard/libc_nano.a(libc_a-strcpy.o)
 .ARM.attributes
                0x0000065b       0x34 /usr/lib/gcc/arm-none-eabi/13.2.1/../../../arm-none-eabi/lib/thumb/v7e-m+fp/hard/libc_nano.a(libc_a-impure.o)
 .ARM.attributes
                0x0000068f       0x34 /usr/lib/gcc/arm-none-eabi/13.2.1/../../../arm-none-eabi/lib/thumb/v7e-m+fp/hard/libc_nano.a(libc_a-nano-svfprintf.o)
 .ARM.attributes
                0x000006c3       0x34 /usr/lib/gcc/arm-none-eabi/13.2.1/../../../arm-none-eabi/lib/thumb/v7e-m+fp/hard/libc_nano.a(libc_a-init.o)
 .ARM.attributes
                0x000006f7       0x34 /usr/lib/gcc/arm-none-eabi/13.2.1/../../../arm-none-eabi/lib/thumb/v7e-m+fp/hard/libc_nano.a(libc_a-abort.o)
 .ARM.attributes
                0x0000072b       0x34 /usr/lib/gcc/arm-none-eabi/13.2.1/../../../arm-none-eabi/lib/thumb/v7e-m+fp/hard/libc_nano.a(libc_a-memset.o)
 .ARM.attributes
                0x0000075f       0x34 /usr/lib/gcc/arm-none-eabi/13.2.1/../../../arm-none-eabi/lib/thumb/v7e-m+fp/hard/libc_nano.a(libc_a-errno.o)
 .ARM.attributes
                0x00000793       0x34 /usr/lib/gcc/arm-none-eabi/13.2.1/../../../arm-none-eabi/lib/thumb/v7e-m+fp/hard/libc_nano.a(libc_a-nano-vfprintf_float.o)
 .ARM.attributes
                0x000007c7       0x34 /usr/lib/gcc/arm-none-eabi/13.2.1/../../../arm-none-eabi/lib/thumb/v7e-m+fp/hard/libc_nano.a(libc_a-mallocr.o)
 .ARM.attributes
                0x000007fb       0x34 /usr/lib/gcc/arm-none-eabi/13.2.1/../../../arm-none-eabi/lib/thumb/v7e-m+fp/hard/libc_nano.a(libc_a-dtoa.o)
 .ARM.attributes
                0x0000082f       0x34 /usr/lib/gcc/arm-none-eabi/13.2.1/../../../arm-none-eabi/lib/thumb/v7e-m+fp/hard/libc_nano.a(libc_a-freer.o)
 .ARM.attributes
                0x00000863       0x34 /usr/lib/gcc/arm-none-eabi/13.2.1/../../../arm-none-eabi/lib/thumb/v7e-m+fp/hard/libc_nano.a(libc_a-memmove.o)
 .ARM.attributes
                0x00000897       0x1c /usr/lib/gcc/arm-none-eabi/13.2.1/../../../arm-none-eabi/lib/thumb/v7e-m+fp/hard/libc_nano.a(libc_a-memchr.o)
 .ARM.attributes
                0x000008b3       0x20 /usr/lib/gcc/arm-none-eabi/13.2.1/../../../arm-none-eabi/lib/thumb/v7e-m+fp/hard/libc_nano.a(libc_a-memcpy.o)
 .ARM.attributes
                0x000008d3       0x34 /usr/lib/gcc/arm-none-eabi/13.2.1/../../../arm-none-eabi/lib/thumb/v7e-m+fp/hard/libc_nano.a(libc_a-malloc.o)
 .ARM.attributes
                0x00000907       0x34 /usr/lib/gcc/arm-none-eabi/13.2.1/../../../arm-none-eabi/lib/thumb/v7e-m+fp/hard/libc_nano.a(libc_a-fprintf.o)
 .ARM.attributes
                0x0000093b       0x34 /usr/lib/gcc/arm-none-eabi/13.2.1/../../../arm-none-eabi/lib/thumb/v7e-m+fp/hard/libc_nano.a(libc_a-reallocr.o)
 .ARM.attributes
                0x0000096f       0x34 /usr/lib/gcc/arm-none-eabi/13.2.1/../../../arm-none-eabi/lib/thumb/v7e-m+fp/hard/libc_nano.a(libc_a-nano-vfprintf_i.o)
 .ARM.attributes
                0x000009a3       0x34 /usr/lib/gcc/arm-none-eabi/13.2.1/../../../arm-none-eabi/lib/thumb/v7e-m+fp/hard/libc_nano.a(libc_a-mlock.o)
 .ARM.attributes
                0x000009d7       0x34 /usr/lib/gcc/arm-none-eabi/13.2.1/../../../arm-none-eabi/lib/thumb/v7e-m+fp/hard/libc_nano.a(libc_a-nano-vfprintf.o)
 .ARM.attributes
                0x00000a0b       0x34 /usr/lib/gcc/arm-none-eabi/13.2.1/../../../arm-none-eabi/lib/thumb/v7e-m+fp/hard/libc_nano.a(libc_a-wbuf.o)
 .ARM.attributes
                0x00000a3f       0x34 /usr/lib/gcc/arm-none-eabi/13.2.1/../../../arm-none-eabi/lib/thumb/v7e-m+fp/hard/libc_nano.a(libc_a-mprec.o)
 .ARM.attributes
                0x00000a73       0x34 /usr/lib/gcc/arm-none-eabi/13.2.1/../../../arm-none-eabi/lib/thumb/v7e-m+fp/hard/libc_nano.a(libc_a-sbrkr.o)
 .ARM.attributes
                0x00000aa7       0x34 /usr/lib/gcc/arm-none-eabi/13.2.1/../../../arm-none-eabi/lib/thumb/v7e-m+fp/hard/libc_nano.a(libc_a-msizer.o)
 .ARM.attributes
                0x00000adb       0x34 /usr/lib/gcc/arm-none-eabi/13.2.1/../../../arm-none-eabi/lib/thumb/v7e-m+fp/hard/libc_nano.a(libc_a-localeconv.o)
 .ARM.attributes
                0x00000b0f       0x34 /usr/lib/gcc/arm-none-eabi/13.2.1/../../../arm-none-eabi/lib/thumb/v7e-m+fp/hard/libc_nano.a(libc_a-fvwrite.o)
 .ARM.attributes
                0x00000b43       0x34 /usr/lib/gcc/arm-none-eabi/13.2.1/../../../arm-none-eabi/lib/thumb/v7e-m+fp/hard/libc_nano.a(libc_a-signal.o)
 .ARM.attributes
                0x00000b77       0x34 /usr/lib/gcc/arm-none-eabi/13.2.1/../../../arm-none-eabi/lib/thumb/v7e-m+fp/hard/libc_nano.a(libc_a-findfp.o)
 .ARM.attributes
                0x00000bab       0x1c /usr/lib/gcc/arm-none-eabi/13.2.1/../../../arm-none-eabi/lib/thumb/v7e-m+fp/hard/libc_nano.a(libc_a-strlen.o)
 .ARM.attributes
                0x00000bc7       0x34 /usr/lib/gcc/arm-none-eabi/13.2.1/../../../arm-none-eabi/lib/thumb/v7e-m+fp/hard/libc_nano.a(libc_a-fflush.o)
 .ARM.attributes
                0x00000bfb       0x34 /usr/lib/gcc/arm-none-eabi/13.2.1/../../../arm-none-eabi/lib/thumb/v7e-m+fp/hard/libc_nano.a(libc_a-callocr.o)
 .ARM.attributes
                0x00000c2f       0x34 /usr/lib/gcc/arm-none-eabi/13.2.1/../../../arm-none-eabi/lib/thumb/v7e-m+fp/hard/libc_nano.a(libc_a-locale.o)
 .ARM.attributes
                0x00000c63       0x34 /usr/lib/gcc/arm-none-eabi/13.2.1/../../../arm-none-eabi/lib/thumb/v7e-m+fp/hard/libc_nano.a(libc_a-fwalk.o)
 .ARM.attributes
                0x00000c97       0x34 /usr/lib/gcc/arm-none-eabi/13.2.1/../../../arm-none-eabi/lib/thumb/v7e-m+fp/hard/libc_nano.a(libc_a-wctomb_r.o)
 .ARM.attributes
                0x00000ccb       0x34 /usr/lib/gcc/arm-none-eabi/13.2.1/../../../arm-none-eabi/lib/thumb/v7e-m+fp/hard/libc_nano.a(libc_a-wsetup.o)
 .ARM.attributes
                0x00000cff       0x34 /usr/lib/gcc/arm-none-eabi/13.2.1/../../../arm-none-eabi/lib/thumb/v7e-m+fp/hard/libc_nano.a(libc_a-reent.o)
 .ARM.attributes
                0x00000d33       0x34 /usr/lib/gcc/arm-none-eabi/13.2.1/../../../arm-none-eabi/lib/thumb/v7e-m+fp/hard/libc_nano.a(libc_a-makebuf.o)
 .ARM.attributes
                0x00000d67       0x34 /usr/lib/gcc/arm-none-eabi/13.2.1/../../../arm-none-eabi/lib/thumb/v7e-m+fp/hard/libc_nano.a(libc_a-ctype_.o)
 .ARM.attributes
                0x00000d9b       0x34 /usr/lib/gcc/arm-none-eabi/13.2.1/../../../arm-none-eabi/lib/thumb/v7e-m+fp/hard/libc_nano.a(libc_a-isattyr.o)
 .ARM.attributes
                0x00000dcf       0x34 /usr/lib/gcc/arm-none-eabi/13.2.1/../../../arm-none-eabi/lib/thumb/v7e-m+fp/hard/libc_nano.a(libc_a-stdio.o)
 .ARM.attributes
                0x00000e03       0x34 /usr/lib/gcc/arm-none-eabi/13.2.1/../../../arm-none-eabi/lib/thumb/v7e-m+fp/hard/libc_nano.a(libc_a-signalr.o)
 .ARM.attributes
                0x00000e37       0x34 /usr/lib/gcc/arm-none-eabi/13.2.1/../../../arm-none-eabi/lib/thumb/v7e-m+fp/hard/libc_nano.a(libc_a-mbtowc_r.o)
 .ARM.attributes
                0x00000e6b       0x34 /usr/lib/gcc/arm-none-eabi/13.2.1/../../../arm-none-eabi/lib/thumb/v7e-m+fp/hard/libc_nano.a(libc_a-closer.o)
 .ARM.attributes
                0x00000e9f       0x34 /usr/lib/gcc/arm-none-eabi/13.2.1/../../../arm-none-eabi/lib/thumb/v7e-m+fp/hard/libc_nano.a(libc_a-readr.o)
 .ARM.attributes
                0x00000ed3       0x34 /usr/lib/gcc/arm-none-eabi/13.2.1/../../../arm-none-eabi/lib/thumb/v7e-m+fp/hard/libc_nano.a(libc_a-fstatr.o)
 .ARM.attributes
                0x00000f07       0x34 /usr/lib/gcc/arm-none-eabi/13.2.1/../../../arm-none-eabi/lib/thumb/v7e-m+fp/hard/libc_nano.a(libc_a-lseekr.o)
 .ARM.attributes
                0x00000f3b       0x34 /usr/lib/gcc/arm-none-eabi/13.2.1/../../../arm-none-eabi/lib/thumb/v7e-m+fp/hard/libc_nano.a(libc_a-writer.o)
 .ARM.attributes
                0x00000f6f       0x34 /usr/lib/gcc/arm-none-eabi/13.2.1/../../../arm-none-eabi/lib/thumb/v7e-m+fp/hard/libm.a(libm_a-wf_pow.o)
 .ARM.attributes
                0x00000fa3       0x34 /usr/lib/gcc/arm-none-eabi/13.2.1/../../../arm-none-eabi/lib/thumb/v7e-m+fp/hard/libm.a(libm_a-sf_finite.o)
 .ARM.attributes
                0x00000fd7       0x34 /usr/lib/gcc/arm-none-eabi/13.2.1/../../../arm-none-eabi/lib/thumb/v7e-m+fp/hard/libm.a(libm_a-wf_log10.o)
 .ARM.attributes
                0x0000100b       0x34 /usr/lib/gcc/arm-none-eabi/13.2.1/../../../arm-none-eabi/lib/thumb/v7e-m+fp/hard/libm.a(libm_a-ef_pow.o)
 .ARM.attributes
                0x0000103f       0x34 /usr/lib/gcc/arm-none-eabi/13.2.1/../../../arm-none-eabi/lib/thumb/v7e-m+fp/hard/libm.a(libm_a-sf_scalbn.o)
 .ARM.attributes
                0x00001073       0x34 /usr/lib/gcc/arm-none-eabi/13.2.1/../../../arm-none-eabi/lib/thumb/v7e-m+fp/hard/libm.a(libm_a-math_errf.o)
 .ARM.attributes
                0x000010a7       0x34 /usr/lib/gcc/arm-none-eabi/13.2.1/../../../arm-none-eabi/lib/thumb/v7e-m+fp/hard/libm.a(libm_a-sf_nan.o)
 .ARM.attributes
                0x000010db       0x34 /usr/lib/gcc/arm-none-eabi/13.2.1/../../../arm-none-eabi/lib/thumb/v7e-m+fp/hard/libm.a(libm_a-ef_log10.o)
 .ARM.attributes
                0x0000110f       0x34 /usr/lib/gcc/arm-none-eabi/13.2.1/../../../arm-none-eabi/lib/thumb/v7e-m+fp/hard/libm.a(libm_a-sf_fabs.o)
 .ARM.attributes
                0x00001143       0x34 /usr/lib/gcc/arm-none-eabi/13.2.1/../../../arm-none-eabi/lib/thumb/v7e-m+fp/hard/libm.a(libm_a-ef_log.o)
 .ARM.attributes
                0x00001177       0x34 /usr/lib/gcc/arm-none-eabi/13.2.1/../../../arm-none-eabi/lib/thumb/v7e-m+fp/hard/libm.a(libm_a-ef_sqrt.o)
 .ARM.attributes
                0x000011ab       0x22 /usr/lib/gcc/arm-none-eabi/13.2.1/thumb/v7e-m+fp/hard/libgcc.a(_arm_addsubdf3.o)
 .ARM.attributes
                0x000011cd       0x22 /usr/lib/gcc/arm-none-eabi/13.2.1/thumb/v7e-m+fp/hard/libgcc.a(_arm_muldivdf3.o)
 .ARM.attributes
                0x000011ef       0x22 /usr/lib/gcc/arm-none-eabi/13.2.1/thumb/v7e-m+fp/hard/libgcc.a(_arm_cmpdf2.o)
 .ARM.attributes
                0x00001211       0x22 /usr/lib/gcc/arm-none-eabi/13.2.1/thumb/v7e-m+fp/hard/libgcc.a(_arm_unorddf2.o)
 .ARM.attributes
                0x00001233       0x22 /usr/lib/gcc/arm-none-eabi/13.2.1/thumb/v7e-m+fp/hard/libgcc.a(_arm_fixdfsi.o)
 .ARM.attributes
                0x00001255       0x22 /usr/lib/gcc/arm-none-eabi/13.2.1/thumb/v7e-m+fp/hard/libgcc.a(_aeabi_uldivmod.o)
 .ARM.attributes
                0x00001277       0x34 /usr/lib/gcc/arm-none-eabi/13.2.1/thumb/v7e-m+fp/hard/libgcc.a(_udivmoddi4.o)
 .ARM.attributes
                0x000012ab       0x22 /usr/lib/gcc/arm-none-eabi/13.2.1/thumb/v7e-m+fp/hard/libgcc.a(_dvmd_tls.o)
 .ARM.attributes
                0x000012cd       0x34 /usr/lib/gcc/arm-none-eabi/13.2.1/thumb/v7e-m+fp/hard/crtend.o
 .ARM.attributes
                0x00001301       0x22 /usr/lib/gcc/arm-none-eabi/13.2.1/thumb/v7e-m+fp/hard/crtn.o
OUTPUT(Ecohive.elf elf32-littlearm)
LOAD linker stubs
LOAD /usr/lib/gcc/arm-none-eabi/13.2.1/../../../arm-none-eabi/lib/thumb/v7e-m+fp/hard/libc.a
LOAD /usr/lib/gcc/arm-none-eabi/13.2.1/../../../arm-none-eabi/lib/thumb/v7e-m+fp/hard/libm.a
LOAD /usr/lib/gcc/arm-none-eabi/13.2.1/thumb/v7e-m+fp/hard/libgcc.a

.comment        0x00000000       0x26
 .comment       0x00000000       0x26 /usr/lib/gcc/arm-none-eabi/13.2.1/thumb/v7e-m+fp/hard/crtbegin.o
                                 0x27 (size before relaxing)
 .comment       0x00000026       0x27 ./Core/Src/ADC.o
 .comment       0x00000026       0x27 ./Core/Src/AM2302.o
 .comment       0x00000026       0x27 ./Core/Src/GPIO.o
 .comment       0x00000026       0x27 ./Core/Src/Math.o
 .comment       0x00000026       0x27 ./Core/Src/SPI.o
 .comment       0x00000026       0x27 ./Core/Src/UART.o
 .comment       0x00000026       0x27 ./Core/Src/main.o
 .comment       0x00000026       0x27 ./Core/Src/stm32f4xx_hal_msp.o
 .comment       0x00000026       0x27 ./Core/Src/stm32f4xx_hal_timebase_tim.o
 .comment       0x00000026       0x27 ./Core/Src/stm32f4xx_it.o
 .comment       0x00000026       0x27 ./Core/Src/syscalls.o
 .comment       0x00000026       0x27 ./Core/Src/sysmem.o
 .comment       0x00000026       0x27 ./Core/Src/system_stm32f4xx.o
 .comment       0x00000026       0x27 ./Drivers/STM32F4xx_HAL_Driver/Src/stm32f4xx_hal.o
 .comment       0x00000026       0x27 ./Drivers/STM32F4xx_HAL_Driver/Src/stm32f4xx_hal_cortex.o
 .comment       0x00000026       0x27 ./Drivers/STM32F4xx_HAL_Driver/Src/stm32f4xx_hal_gpio.o
 .comment       0x00000026       0x27 ./Drivers/STM32F4xx_HAL_Driver/Src/stm32f4xx_hal_rcc.o
 .comment       0x00000026       0x27 ./Drivers/STM32F4xx_HAL_Driver/Src/stm32f4xx_hal_tim.o
 .comment       0x00000026       0x27 ./Drivers/STM32F4xx_HAL_Driver/Src/stm32f4xx_hal_tim_ex.o
 .comment       0x00000026       0x27 ./Middlewares/Third_Party/FreeRTOS/Source/CMSIS_RTOS_V2/cmsis_os2.o
 .comment       0x00000026       0x27 ./Middlewares/Third_Party/FreeRTOS/Source/list.o
 .comment       0x00000026       0x27 ./Middlewares/Third_Party/FreeRTOS/Source/queue.o
 .comment       0x00000026       0x27 ./Middlewares/Third_Party/FreeRTOS/Source/tasks.o
 .comment       0x00000026       0x27 ./Middlewares/Third_Party/FreeRTOS/Source/timers.o
 .comment       0x00000026       0x27 ./Middlewares/Third_Party/FreeRTOS/Source/portable/GCC/ARM_CM4F/port.o
 .comment       0x00000026       0x27 ./Middlewares/Third_Party/FreeRTOS/Source/portable/MemMang/heap_4.o
 .comment       0x00000026       0x27 /usr/lib/gcc/arm-none-eabi/13.2.1/../../../arm-none-eabi/lib/thumb/v7e-m+fp/hard/libc_nano.a(libc_a-sprintf.o)
 .comment       0x00000026       0x27 /usr/lib/gcc/arm-none-eabi/13.2.1/../../../arm-none-eabi/lib/thumb/v7e-m+fp/hard/libc_nano.a(libc_a-assert.o)
 .comment       0x00000026       0x27 /usr/lib/gcc/arm-none-eabi/13.2.1/../../../arm-none-eabi/lib/thumb/v7e-m+fp/hard/libc_nano.a(libc_a-strcpy.o)
 .comment       0x00000026       0x27 /usr/lib/gcc/arm-none-eabi/13.2.1/../../../arm-none-eabi/lib/thumb/v7e-m+fp/hard/libc_nano.a(libc_a-impure.o)
 .comment       0x00000026       0x27 /usr/lib/gcc/arm-none-eabi/13.2.1/../../../arm-none-eabi/lib/thumb/v7e-m+fp/hard/libc_nano.a(libc_a-nano-svfprintf.o)
 .comment       0x00000026       0x27 /usr/lib/gcc/arm-none-eabi/13.2.1/../../../arm-none-eabi/lib/thumb/v7e-m+fp/hard/libc_nano.a(libc_a-init.o)
 .comment       0x00000026       0x27 /usr/lib/gcc/arm-none-eabi/13.2.1/../../../arm-none-eabi/lib/thumb/v7e-m+fp/hard/libc_nano.a(libc_a-abort.o)
 .comment       0x00000026       0x27 /usr/lib/gcc/arm-none-eabi/13.2.1/../../../arm-none-eabi/lib/thumb/v7e-m+fp/hard/libc_nano.a(libc_a-memset.o)
 .comment       0x00000026       0x27 /usr/lib/gcc/arm-none-eabi/13.2.1/../../../arm-none-eabi/lib/thumb/v7e-m+fp/hard/libc_nano.a(libc_a-errno.o)
 .comment       0x00000026       0x27 /usr/lib/gcc/arm-none-eabi/13.2.1/../../../arm-none-eabi/lib/thumb/v7e-m+fp/hard/libc_nano.a(libc_a-nano-vfprintf_float.o)
 .comment       0x00000026       0x27 /usr/lib/gcc/arm-none-eabi/13.2.1/../../../arm-none-eabi/lib/thumb/v7e-m+fp/hard/libc_nano.a(libc_a-mallocr.o)
 .comment       0x00000026       0x27 /usr/lib/gcc/arm-none-eabi/13.2.1/../../../arm-none-eabi/lib/thumb/v7e-m+fp/hard/libc_nano.a(libc_a-dtoa.o)
 .comment       0x00000026       0x27 /usr/lib/gcc/arm-none-eabi/13.2.1/../../../arm-none-eabi/lib/thumb/v7e-m+fp/hard/libc_nano.a(libc_a-freer.o)
 .comment       0x00000026       0x27 /usr/lib/gcc/arm-none-eabi/13.2.1/../../../arm-none-eabi/lib/thumb/v7e-m+fp/hard/libc_nano.a(libc_a-memmove.o)
 .comment       0x00000026       0x27 /usr/lib/gcc/arm-none-eabi/13.2.1/../../../arm-none-eabi/lib/thumb/v7e-m+fp/hard/libc_nano.a(libc_a-malloc.o)
 .comment       0x00000026       0x27 /usr/lib/gcc/arm-none-eabi/13.2.1/../../../arm-none-eabi/lib/thumb/v7e-m+fp/hard/libc_nano.a(libc_a-fprintf.o)
 .comment       0x00000026       0x27 /usr/lib/gcc/arm-none-eabi/13.2.1/../../../arm-none-eabi/lib/thumb/v7e-m+fp/hard/libc_nano.a(libc_a-reallocr.o)
 .comment       0x00000026       0x27 /usr/lib/gcc/arm-none-eabi/13.2.1/../../../arm-none-eabi/lib/thumb/v7e-m+fp/hard/libc_nano.a(libc_a-nano-vfprintf_i.o)
 .comment       0x00000026       0x27 /usr/lib/gcc/arm-none-eabi/13.2.1/../../../arm-none-eabi/lib/thumb/v7e-m+fp/hard/libc_nano.a(libc_a-mlock.o)
 .comment       0x00000026       0x27 /usr/lib/gcc/arm-none-eabi/13.2.1/../../../arm-none-eabi/lib/thumb/v7e-m+fp/hard/libc_nano.a(libc_a-nano-vfprintf.o)
 .comment       0x00000026       0x27 /usr/lib/gcc/arm-none-eabi/13.2.1/../../../arm-none-eabi/lib/thumb/v7e-m+fp/hard/libc_nano.a(libc_a-wbuf.o)
 .comment       0x00000026       0x27 /usr/lib/gcc/arm-none-eabi/13.2.1/../../../arm-none-eabi/lib/thumb/v7e-m+fp/hard/libc_nano.a(libc_a-mprec.o)
 .comment       0x00000026       0x27 /usr/lib/gcc/arm-none-eabi/13.2.1/../../../arm-none-eabi/lib/thumb/v7e-m+fp/hard/libc_nano.a(libc_a-sbrkr.o)
 .comment       0x00000026       0x27 /usr/lib/gcc/arm-none-eabi/13.2.1/../../../arm-none-eabi/lib/thumb/v7e-m+fp/hard/libc_nano.a(libc_a-msizer.o)
 .comment       0x00000026       0x27 /usr/lib/gcc/arm-none-eabi/13.2.1/../../../arm-none-eabi/lib/thumb/v7e-m+fp/hard/libc_nano.a(libc_a-localeconv.o)
 .comment       0x00000026       0x27 /usr/lib/gcc/arm-none-eabi/13.2.1/../../../arm-none-eabi/lib/thumb/v7e-m+fp/hard/libc_nano.a(libc_a-fvwrite.o)
 .comment       0x00000026       0x27 /usr/lib/gcc/arm-none-eabi/13.2.1/../../../arm-none-eabi/lib/thumb/v7e-m+fp/hard/libc_nano.a(libc_a-signal.o)
 .comment       0x00000026       0x27 /usr/lib/gcc/arm-none-eabi/13.2.1/../../../arm-none-eabi/lib/thumb/v7e-m+fp/hard/libc_nano.a(libc_a-findfp.o)
 .comment       0x00000026       0x27 /usr/lib/gcc/arm-none-eabi/13.2.1/../../../arm-none-eabi/lib/thumb/v7e-m+fp/hard/libc_nano.a(libc_a-fflush.o)
 .comment       0x00000026       0x27 /usr/lib/gcc/arm-none-eabi/13.2.1/../../../arm-none-eabi/lib/thumb/v7e-m+fp/hard/libc_nano.a(libc_a-callocr.o)
 .comment       0x00000026       0x27 /usr/lib/gcc/arm-none-eabi/13.2.1/../../../arm-none-eabi/lib/thumb/v7e-m+fp/hard/libc_nano.a(libc_a-locale.o)
 .comment       0x00000026       0x27 /usr/lib/gcc/arm-none-eabi/13.2.1/../../../arm-none-eabi/lib/thumb/v7e-m+fp/hard/libc_nano.a(libc_a-fwalk.o)
 .comment       0x00000026       0x27 /usr/lib/gcc/arm-none-eabi/13.2.1/../../../arm-none-eabi/lib/thumb/v7e-m+fp/hard/libc_nano.a(libc_a-wctomb_r.o)
 .comment       0x00000026       0x27 /usr/lib/gcc/arm-none-eabi/13.2.1/../../../arm-none-eabi/lib/thumb/v7e-m+fp/hard/libc_nano.a(libc_a-wsetup.o)
 .comment       0x00000026       0x27 /usr/lib/gcc/arm-none-eabi/13.2.1/../../../arm-none-eabi/lib/thumb/v7e-m+fp/hard/libc_nano.a(libc_a-reent.o)
 .comment       0x00000026       0x27 /usr/lib/gcc/arm-none-eabi/13.2.1/../../../arm-none-eabi/lib/thumb/v7e-m+fp/hard/libc_nano.a(libc_a-makebuf.o)
 .comment       0x00000026       0x27 /usr/lib/gcc/arm-none-eabi/13.2.1/../../../arm-none-eabi/lib/thumb/v7e-m+fp/hard/libc_nano.a(libc_a-ctype_.o)
 .comment       0x00000026       0x27 /usr/lib/gcc/arm-none-eabi/13.2.1/../../../arm-none-eabi/lib/thumb/v7e-m+fp/hard/libc_nano.a(libc_a-isattyr.o)
 .comment       0x00000026       0x27 /usr/lib/gcc/arm-none-eabi/13.2.1/../../../arm-none-eabi/lib/thumb/v7e-m+fp/hard/libc_nano.a(libc_a-stdio.o)
 .comment       0x00000026       0x27 /usr/lib/gcc/arm-none-eabi/13.2.1/../../../arm-none-eabi/lib/thumb/v7e-m+fp/hard/libc_nano.a(libc_a-signalr.o)
 .comment       0x00000026       0x27 /usr/lib/gcc/arm-none-eabi/13.2.1/../../../arm-none-eabi/lib/thumb/v7e-m+fp/hard/libc_nano.a(libc_a-mbtowc_r.o)
 .comment       0x00000026       0x27 /usr/lib/gcc/arm-none-eabi/13.2.1/../../../arm-none-eabi/lib/thumb/v7e-m+fp/hard/libc_nano.a(libc_a-closer.o)
 .comment       0x00000026       0x27 /usr/lib/gcc/arm-none-eabi/13.2.1/../../../arm-none-eabi/lib/thumb/v7e-m+fp/hard/libc_nano.a(libc_a-readr.o)
 .comment       0x00000026       0x27 /usr/lib/gcc/arm-none-eabi/13.2.1/../../../arm-none-eabi/lib/thumb/v7e-m+fp/hard/libc_nano.a(libc_a-fstatr.o)
 .comment       0x00000026       0x27 /usr/lib/gcc/arm-none-eabi/13.2.1/../../../arm-none-eabi/lib/thumb/v7e-m+fp/hard/libc_nano.a(libc_a-lseekr.o)
 .comment       0x00000026       0x27 /usr/lib/gcc/arm-none-eabi/13.2.1/../../../arm-none-eabi/lib/thumb/v7e-m+fp/hard/libc_nano.a(libc_a-writer.o)
 .comment       0x00000026       0x27 /usr/lib/gcc/arm-none-eabi/13.2.1/../../../arm-none-eabi/lib/thumb/v7e-m+fp/hard/libm.a(libm_a-wf_pow.o)
 .comment       0x00000026       0x27 /usr/lib/gcc/arm-none-eabi/13.2.1/../../../arm-none-eabi/lib/thumb/v7e-m+fp/hard/libm.a(libm_a-sf_finite.o)
 .comment       0x00000026       0x27 /usr/lib/gcc/arm-none-eabi/13.2.1/../../../arm-none-eabi/lib/thumb/v7e-m+fp/hard/libm.a(libm_a-wf_log10.o)
 .comment       0x00000026       0x27 /usr/lib/gcc/arm-none-eabi/13.2.1/../../../arm-none-eabi/lib/thumb/v7e-m+fp/hard/libm.a(libm_a-ef_pow.o)
 .comment       0x00000026       0x27 /usr/lib/gcc/arm-none-eabi/13.2.1/../../../arm-none-eabi/lib/thumb/v7e-m+fp/hard/libm.a(libm_a-sf_scalbn.o)