2025-01-03 11:25:23,137 [INFO] Activator:176 - 


2025-01-03 11:25:23,146 [INFO] Activator:177 - !SESSION log4j initialized
2025-01-03 11:25:35,342 [INFO] LogOutputStream:77 - [STDOUT_REDIRECT] 
2025-01-03 11:25:40,367 [INFO] ApplicationProperties:184 - Using Application install path: D:\Software_installed\STM32CubeIDE_1.15.1\STM32CubeIDE\plugins\com.st.stm32cube.common.mx_6.11.1.202404110753
2025-01-03 11:25:40,396 [INFO] DbMcusXml:78 - Set database path to: D:\Software_installed\STM32CubeIDE_1.15.1\STM32CubeIDE\plugins\com.st.stm32cube.common.mx_6.11.1.202404110753\\db\/mcu/
2025-01-03 11:25:40,397 [INFO] ApiDb:274 - Set plugin database path to: D:\Software_installed\STM32CubeIDE_1.15.1\STM32CubeIDE\plugins\com.st.stm32cube.common.mx_6.11.1.202404110753\\db\/plugins/boardmanager/
2025-01-03 11:25:40,397 [WARN] ApiDb:259 - Overriding images path with different value:  => D:\Software_installed\STM32CubeIDE_1.15.1\STM32CubeIDE\plugins\com.st.stm32cube.common.mx_6.11.1.202404110753\\db\/plugins/mcufinder/images/
2025-01-03 11:25:40,419 [INFO] ApiDb:250 - Set database path to: C:\Users\hosse\.stmcufinder\plugins\mcufinder//mcu/
2025-01-03 11:25:40,420 [INFO] DbMcusAds:125 - Set database path to: C:\Users\hosse\.stmcufinder\plugins\mcufinder//mcu/
2025-01-03 11:25:40,425 [INFO] CrossReferenceDbSqlite:203 - Set database path to: C:\Users\hosse\.stmcufinder\plugins\mcufinder//mcu/cs/
2025-01-03 11:25:40,647 [INFO] RulesReader:64 - Compatibility file has been processed (297 Rules)
2025-01-03 11:25:40,799 [INFO] DbMcusXml:78 - Set database path to: D:\Software_installed\STM32CubeIDE_1.15.1\STM32CubeIDE\plugins\com.st.stm32cube.common.mx_6.11.1.202404110753\\db\/mcu/
2025-01-03 11:25:40,799 [INFO] ApiDb:274 - Set plugin database path to: D:\Software_installed\STM32CubeIDE_1.15.1\STM32CubeIDE\plugins\com.st.stm32cube.common.mx_6.11.1.202404110753\\db\/plugins/boardmanager/
2025-01-03 11:25:40,800 [INFO] ApiDb:261 - Set plugin images path to: D:\Software_installed\STM32CubeIDE_1.15.1\STM32CubeIDE\plugins\com.st.stm32cube.common.mx_6.11.1.202404110753\\db\/plugins/mcufinder/images/
2025-01-03 11:25:40,800 [WARN] DbFile:41 - Overriding database path with different value: C:\Users\hosse\.stmcufinder\plugins\mcufinder/ => C:\Users\hosse\.stmcufinder\plugins\mcufinder
2025-01-03 11:25:40,801 [INFO] ApiDb:250 - Set database path to: C:\Users\hosse\.stmcufinder\plugins\mcufinder//mcu/
2025-01-03 11:25:40,801 [WARN] DbFile:41 - Overriding database path with different value: C:\Users\hosse\.stmcufinder\plugins\mcufinder/ => C:\Users\hosse\.stmcufinder\plugins\mcufinder
2025-01-03 11:25:40,801 [INFO] DbMcusAds:125 - Set database path to: C:\Users\hosse\.stmcufinder\plugins\mcufinder//mcu/
2025-01-03 11:25:40,801 [WARN] DbFile:41 - Overriding database path with different value: C:\Users\hosse\.stmcufinder\plugins\mcufinder/ => C:\Users\hosse\.stmcufinder\plugins\mcufinder
2025-01-03 11:25:40,801 [WARN] DbFile:41 - Overriding database path with different value: C:\Users\hosse\.stmcufinder\plugins\mcufinder/ => C:\Users\hosse\.stmcufinder\plugins\mcufinder
2025-01-03 11:25:40,801 [INFO] CrossReferenceDbSqlite:203 - Set database path to: C:\Users\hosse\.stmcufinder\plugins\mcufinder//mcu/cs/
2025-01-03 11:25:40,938 [INFO] MainPanel:264 - HeapMemory: 268435456
2025-01-03 11:25:41,082 [INFO] DbMcusXml:78 - Set database path to: D:\Software_installed\STM32CubeIDE_1.15.1\STM32CubeIDE\plugins\com.st.stm32cube.common.mx_6.11.1.202404110753\\db\/mcu/
2025-01-03 11:25:41,082 [INFO] ApiDb:274 - Set plugin database path to: D:\Software_installed\STM32CubeIDE_1.15.1\STM32CubeIDE\plugins\com.st.stm32cube.common.mx_6.11.1.202404110753\\db\/plugins/boardmanager/
2025-01-03 11:25:41,083 [INFO] ApiDb:261 - Set plugin images path to: D:\Software_installed\STM32CubeIDE_1.15.1\STM32CubeIDE\plugins\com.st.stm32cube.common.mx_6.11.1.202404110753\\db\/plugins/mcufinder/images/
2025-01-03 11:25:41,083 [WARN] DbFile:41 - Overriding database path with different value: C:\Users\hosse\.stmcufinder\plugins\mcufinder/ => C:\Users\hosse\.stmcufinder\plugins\mcufinder
2025-01-03 11:25:41,084 [INFO] ApiDb:250 - Set database path to: C:\Users\hosse\.stmcufinder\plugins\mcufinder//mcu/
2025-01-03 11:25:41,084 [WARN] DbFile:41 - Overriding database path with different value: C:\Users\hosse\.stmcufinder\plugins\mcufinder/ => C:\Users\hosse\.stmcufinder\plugins\mcufinder
2025-01-03 11:25:41,084 [INFO] DbMcusAds:125 - Set database path to: C:\Users\hosse\.stmcufinder\plugins\mcufinder//mcu/
2025-01-03 11:25:41,084 [WARN] DbFile:41 - Overriding database path with different value: C:\Users\hosse\.stmcufinder\plugins\mcufinder/ => C:\Users\hosse\.stmcufinder\plugins\mcufinder
2025-01-03 11:25:41,084 [WARN] DbFile:41 - Overriding database path with different value: C:\Users\hosse\.stmcufinder\plugins\mcufinder/ => C:\Users\hosse\.stmcufinder\plugins\mcufinder
2025-01-03 11:25:41,084 [INFO] CrossReferenceDbSqlite:203 - Set database path to: C:\Users\hosse\.stmcufinder\plugins\mcufinder//mcu/cs/
2025-01-03 11:25:41,116 [INFO] ApplicationProperties:184 - Using Application install path: D:\Software_installed\STM32CubeIDE_1.15.1\STM32CubeIDE\plugins\com.st.stm32cube.common.mx_6.11.1.202404110753
2025-01-03 11:25:41,119 [INFO] PluginManage:196 - Search for loadable plugins [exclusion list=, ]
2025-01-03 11:25:41,121 [INFO] PluginManage:310 - Check plugin analytics
2025-01-03 11:25:41,423 [INFO] AnalyticsPlugin:253 - Accepted Software Licenses: STM32CubeMX.6.6.1,STM32CubeMX.6.11.1,STM32CubeMX.6.12.1
2025-01-03 11:25:41,424 [INFO] AnalyticsPlugin:255 - Accepted CMSIS Pack Licenses: 
2025-01-03 11:25:41,424 [INFO] AnalyticsPlugin:257 - Accepted Firmware Licenses: FW.F4.1.28.0,FW.F7.1.17.0
2025-01-03 11:25:41,430 [INFO] PluginManage:359 - Loaded plugin analytics (category:tool,tabindex:-1)
2025-01-03 11:25:41,430 [INFO] PluginManage:310 - Check plugin cadmodel
2025-01-03 11:25:41,458 [INFO] CADModel:105 - Init CAD model plugin
2025-01-03 11:25:41,458 [INFO] PluginManage:359 - Loaded plugin cadmodel (category:power,tabindex:5)
2025-01-03 11:25:41,459 [INFO] PluginManage:310 - Check plugin clock
2025-01-03 11:25:41,495 [INFO] PluginManage:359 - Loaded plugin clock (category:base,tabindex:2)
2025-01-03 11:25:41,495 [INFO] PluginManage:310 - Check plugin ddr
2025-01-03 11:25:41,498 [INFO] PluginManage:359 - Loaded plugin ddr (category:tool,tabindex:6)
2025-01-03 11:25:41,499 [INFO] PluginManage:310 - Check plugin filemanager
2025-01-03 11:25:41,722 [INFO] PluginManage:359 - Loaded plugin filemanager (category:base,tabindex:10)
2025-01-03 11:25:41,723 [INFO] PluginManage:310 - Check plugin ipmanager
2025-01-03 11:25:41,734 [INFO] PluginManage:359 - Loaded plugin ipmanager (category:base,tabindex:5)
2025-01-03 11:25:41,736 [INFO] PluginManage:310 - Check plugin lpbam
2025-01-03 11:25:41,768 [INFO] PluginManage:359 - Loaded plugin lpbam (category:base,tabindex:0)
2025-01-03 11:25:41,768 [INFO] PluginManage:310 - Check plugin memorymap
2025-01-03 11:25:41,809 [INFO] PluginManage:359 - Loaded plugin memorymap (category:base,tabindex:4)
2025-01-03 11:25:41,809 [INFO] PluginManage:310 - Check plugin pinoutandconfiguration
2025-01-03 11:25:41,842 [INFO] PluginManage:359 - Loaded plugin pinoutandconfiguration (category:base,tabindex:1)
2025-01-03 11:25:41,843 [INFO] PluginManage:310 - Check plugin pinoutconfig
2025-01-03 11:25:42,012 [WARN] SupportedApi:132 - Cannot load RTOS API schema: s4s-elt-must-match.1: The content of 'definitions' must match (annotation?, (simpleType | complexType)?, (unique | key | keyref)*)). A problem was found starting at: attribute.
2025-01-03 11:25:42,220 [INFO] PluginManage:359 - Loaded plugin pinoutconfig (category:base,tabindex:0)
2025-01-03 11:25:42,220 [INFO] PluginManage:310 - Check plugin power
2025-01-03 11:25:42,264 [INFO] PluginManage:359 - Loaded plugin power (category:power,tabindex:4)
2025-01-03 11:25:42,264 [INFO] PluginManage:310 - Check plugin projectmanager
2025-01-03 11:25:42,292 [INFO] PluginManage:359 - Loaded plugin projectmanager (category:projectmanager,tabindex:3)
2025-01-03 11:25:42,293 [INFO] PluginManage:310 - Check plugin thirdparty
2025-01-03 11:25:42,819 [INFO] PluginManage:359 - Loaded plugin thirdparty (category:base,tabindex:-1)
2025-01-03 11:25:42,818 [WARN] IntegrityCheckThread:84 - waiting for thirdparty lock release [integrity check]
2025-01-03 11:25:42,819 [INFO] PluginManage:310 - Check plugin tools
2025-01-03 11:25:42,819 [INFO] IntegrityCheckThread:86 - entering critical section [integrity check]
2025-01-03 11:25:42,821 [INFO] ThirdPartyUpdaterWithRetryManager:70 - Updater plugin not ready yet. [1/15]
2025-01-03 11:25:42,887 [INFO] PluginManage:359 - Loaded plugin tools (category:base,tabindex:7)
2025-01-03 11:25:42,888 [INFO] PluginManage:310 - Check plugin tutovideos
2025-01-03 11:25:43,215 [INFO] PluginManage:359 - Loaded plugin tutovideos (category:base,tabindex:-1)
2025-01-03 11:25:43,215 [INFO] PluginManage:310 - Check plugin updater
2025-01-03 11:25:43,233 [INFO] PluginManage:359 - Loaded plugin updater (category:base,tabindex:12)
2025-01-03 11:25:43,233 [INFO] PluginManage:310 - Check plugin userauth
2025-01-03 11:25:43,242 [INFO] UserAuth:114 - Init User Auth plugin
2025-01-03 11:25:43,242 [INFO] PluginManage:359 - Loaded plugin userauth (category:base,tabindex:14)
2025-01-03 11:25:43,243 [INFO] PluginManage:283 - PluginManage : Loaded plugins [17]
2025-01-03 11:25:43,608 [INFO] PinOutPanel:1561 - setPackage(No Configuration,No Configuration)
2025-01-03 11:25:43,748 [INFO] CADModel:165 - CPN selected for project level
2025-01-03 11:25:43,748 [INFO] CADModel:114 - Register for checkConnection events
2025-01-03 11:25:43,794 [INFO] IPUIPlugin:80 - create IPUIPlugin
2025-01-03 11:25:43,794 [INFO] PluginManager:220 - loadIPPluginJar : add adc
2025-01-03 11:25:43,865 [INFO] IPUIPlugin:80 - create IPUIPlugin
2025-01-03 11:25:43,865 [INFO] PluginManager:220 - loadIPPluginJar : add aes
2025-01-03 11:25:43,946 [INFO] IPUIPlugin:80 - create IPUIPlugin
2025-01-03 11:25:43,946 [INFO] PluginManager:220 - loadIPPluginJar : add can
2025-01-03 11:25:43,996 [INFO] IPUIPlugin:80 - create IPUIPlugin
2025-01-03 11:25:43,996 [INFO] PluginManager:220 - loadIPPluginJar : add comp
2025-01-03 11:25:44,057 [INFO] IPUIPlugin:80 - create IPUIPlugin
2025-01-03 11:25:44,057 [INFO] PluginManager:220 - loadIPPluginJar : add cryp
2025-01-03 11:25:44,112 [INFO] IPUIPlugin:80 - create IPUIPlugin
2025-01-03 11:25:44,112 [INFO] PluginManager:220 - loadIPPluginJar : add dfsdm
2025-01-03 11:25:44,137 [INFO] IPUIPlugin:80 - create IPUIPlugin
2025-01-03 11:25:44,138 [INFO] PluginManager:220 - loadIPPluginJar : add dma
2025-01-03 11:25:44,214 [INFO] IPUIPlugin:80 - create IPUIPlugin
2025-01-03 11:25:44,215 [INFO] PluginManager:220 - loadIPPluginJar : add dma3
2025-01-03 11:25:44,299 [INFO] IPUIPlugin:80 - create IPUIPlugin
2025-01-03 11:25:44,300 [INFO] PluginManager:220 - loadIPPluginJar : add extmemmanager
2025-01-03 11:25:44,344 [INFO] IPUIPlugin:80 - create IPUIPlugin
2025-01-03 11:25:44,344 [INFO] PluginManager:220 - loadIPPluginJar : add fatfs
2025-01-03 11:25:44,455 [INFO] IPUIPlugin:80 - create IPUIPlugin
2025-01-03 11:25:44,455 [INFO] PluginManager:220 - loadIPPluginJar : add fmc
2025-01-03 11:25:44,486 [INFO] IPUIPlugin:80 - create IPUIPlugin
2025-01-03 11:25:44,487 [INFO] PluginManager:220 - loadIPPluginJar : add freertos
2025-01-03 11:25:44,526 [INFO] IPUIPlugin:80 - create IPUIPlugin
2025-01-03 11:25:44,527 [INFO] PluginManager:220 - loadIPPluginJar : add genericplugin
2025-01-03 11:25:44,689 [INFO] IPUIPlugin:80 - create IPUIPlugin
2025-01-03 11:25:44,689 [INFO] PluginManager:220 - loadIPPluginJar : add gfxmmu
2025-01-03 11:25:44,918 [INFO] IPUIPlugin:80 - create IPUIPlugin
2025-01-03 11:25:44,918 [INFO] PluginManager:220 - loadIPPluginJar : add gic
2025-01-03 11:25:44,944 [INFO] IPUIPlugin:80 - create IPUIPlugin
2025-01-03 11:25:44,944 [INFO] PluginManager:220 - loadIPPluginJar : add gpio
2025-01-03 11:25:45,114 [INFO] IPUIPlugin:80 - create IPUIPlugin
2025-01-03 11:25:45,114 [INFO] PluginManager:220 - loadIPPluginJar : add gtzc
2025-01-03 11:25:45,174 [INFO] IPUIPlugin:80 - create IPUIPlugin
2025-01-03 11:25:45,174 [INFO] PluginManager:220 - loadIPPluginJar : add hash
2025-01-03 11:25:45,265 [INFO] IPUIPlugin:80 - create IPUIPlugin
2025-01-03 11:25:45,267 [INFO] PluginManager:220 - loadIPPluginJar : add i2c
2025-01-03 11:25:45,340 [INFO] IPUIPlugin:80 - create IPUIPlugin
2025-01-03 11:25:45,340 [INFO] PluginManager:220 - loadIPPluginJar : add i2s
2025-01-03 11:25:45,414 [INFO] IPUIPlugin:80 - create IPUIPlugin
2025-01-03 11:25:45,414 [INFO] PluginManager:220 - loadIPPluginJar : add i3c
2025-01-03 11:25:45,608 [INFO] IPUIPlugin:80 - create IPUIPlugin
2025-01-03 11:25:45,609 [INFO] PluginManager:220 - loadIPPluginJar : add ipddr
2025-01-03 11:25:45,773 [INFO] IPUIPlugin:80 - create IPUIPlugin
2025-01-03 11:25:45,773 [INFO] PluginManager:220 - loadIPPluginJar : add linkedlist
2025-01-03 11:25:45,821 [INFO] ThirdPartyUpdaterWithRetryManager:70 - Updater plugin not ready yet. [2/15]
2025-01-03 11:25:45,837 [INFO] IPUIPlugin:80 - create IPUIPlugin
2025-01-03 11:25:45,837 [INFO] PluginManager:220 - loadIPPluginJar : add lorawan
2025-01-03 11:25:45,902 [INFO] IPUIPlugin:80 - create IPUIPlugin
2025-01-03 11:25:45,903 [INFO] PluginManager:220 - loadIPPluginJar : add ltdc
2025-01-03 11:25:45,930 [INFO] IPUIPlugin:80 - create IPUIPlugin
2025-01-03 11:25:45,930 [INFO] PluginManager:220 - loadIPPluginJar : add mdma
2025-01-03 11:25:45,953 [INFO] IPUIPlugin:80 - create IPUIPlugin
2025-01-03 11:25:45,953 [INFO] PluginManager:220 - loadIPPluginJar : add nvic
2025-01-03 11:25:46,022 [INFO] IPUIPlugin:80 - create IPUIPlugin
2025-01-03 11:25:46,022 [INFO] PluginManager:220 - loadIPPluginJar : add opamp
2025-01-03 11:25:46,131 [INFO] IPUIPlugin:80 - create IPUIPlugin
2025-01-03 11:25:46,132 [INFO] PluginManager:220 - loadIPPluginJar : add openamp
2025-01-03 11:25:46,207 [INFO] IPUIPlugin:80 - create IPUIPlugin
2025-01-03 11:25:46,208 [INFO] PluginManager:220 - loadIPPluginJar : add pdm2pcm
2025-01-03 11:25:46,233 [INFO] IPUIPlugin:80 - create IPUIPlugin
2025-01-03 11:25:46,237 [INFO] PluginManager:220 - loadIPPluginJar : add plateformsettings
2025-01-03 11:25:46,282 [INFO] IPUIPlugin:80 - create IPUIPlugin
2025-01-03 11:25:46,282 [INFO] PluginManager:220 - loadIPPluginJar : add quadspi
2025-01-03 11:25:46,307 [INFO] IPUIPlugin:80 - create IPUIPlugin
2025-01-03 11:25:46,308 [INFO] PluginManager:220 - loadIPPluginJar : add resmgrutility
2025-01-03 11:25:46,397 [INFO] IPUIPlugin:80 - create IPUIPlugin
2025-01-03 11:25:46,397 [INFO] PluginManager:220 - loadIPPluginJar : add sai
2025-01-03 11:25:46,467 [INFO] IPUIPlugin:80 - create IPUIPlugin
2025-01-03 11:25:46,467 [INFO] PluginManager:220 - loadIPPluginJar : add spi
2025-01-03 11:25:46,596 [INFO] IPUIPlugin:80 - create IPUIPlugin
2025-01-03 11:25:46,596 [INFO] PluginManager:220 - loadIPPluginJar : add stm32_wpan
2025-01-03 11:25:46,642 [INFO] IPUIPlugin:80 - create IPUIPlugin
2025-01-03 11:25:46,642 [INFO] PluginManager:220 - loadIPPluginJar : add tim
2025-01-03 11:25:46,757 [INFO] IPUIPlugin:80 - create IPUIPlugin
2025-01-03 11:25:46,758 [INFO] PluginManager:220 - loadIPPluginJar : add touchsensing
2025-01-03 11:25:46,801 [INFO] IPUIPlugin:80 - create IPUIPlugin
2025-01-03 11:25:46,802 [INFO] PluginManager:220 - loadIPPluginJar : add tracer_emb
2025-01-03 11:25:46,846 [INFO] IPUIPlugin:80 - create IPUIPlugin
2025-01-03 11:25:46,846 [INFO] PluginManager:220 - loadIPPluginJar : add ts
2025-01-03 11:25:46,889 [INFO] IPUIPlugin:80 - create IPUIPlugin
2025-01-03 11:25:46,890 [INFO] PluginManager:220 - loadIPPluginJar : add tsc
2025-01-03 11:25:46,931 [INFO] IPUIPlugin:80 - create IPUIPlugin
2025-01-03 11:25:46,931 [INFO] PluginManager:220 - loadIPPluginJar : add ucpd
2025-01-03 11:25:47,013 [INFO] IPUIPlugin:80 - create IPUIPlugin
2025-01-03 11:25:47,013 [INFO] PluginManager:220 - loadIPPluginJar : add usart
2025-01-03 11:25:47,093 [INFO] IPUIPlugin:80 - create IPUIPlugin
2025-01-03 11:25:47,093 [INFO] PluginManager:220 - loadIPPluginJar : add usbx
2025-01-03 11:25:47,265 [INFO] CADModel:165 - CPN selected for project level
2025-01-03 11:25:47,266 [INFO] CADModel:114 - Register for checkConnection events
2025-01-03 11:25:47,266 [FATAL] Updater:308 - Updater called before beeing initialized
2025-01-03 11:25:47,266 [ERROR] CADModel:125 - Updater not yet initialized, retry later 
2025-01-03 11:25:47,522 [INFO] CADModel:165 - CPN selected for project level
2025-01-03 11:25:47,523 [INFO] CADModel:114 - Register for checkConnection events
2025-01-03 11:25:47,523 [FATAL] Updater:308 - Updater called before beeing initialized
2025-01-03 11:25:47,523 [ERROR] CADModel:125 - Updater not yet initialized, retry later 
2025-01-03 11:25:47,528 [FATAL] Updater:308 - Updater called before beeing initialized
2025-01-03 11:25:47,703 [FATAL] Updater:308 - Updater called before beeing initialized
2025-01-03 11:25:47,721 [INFO] DbMcusAds:53 - JSON generation date=Tue Dec 17 17:01:15 CET 2024 (1734451275222)
2025-01-03 11:25:47,721 [FATAL] Updater:308 - Updater called before beeing initialized
2025-01-03 11:25:47,864 [WARN] DetailPanel:346 - Failed to get advertising image, set to default
2025-01-03 11:25:48,056 [FATAL] Updater:308 - Updater called before beeing initialized
2025-01-03 11:25:48,059 [FATAL] Updater:308 - Updater called before beeing initialized
2025-01-03 11:25:48,059 [FATAL] Updater:308 - Updater called before beeing initialized
2025-01-03 11:25:48,060 [WARN] DetailPanel:346 - Failed to get advertising image, set to default
2025-01-03 11:25:48,061 [FATAL] Updater:308 - Updater called before beeing initialized
2025-01-03 11:25:48,172 [ERROR] Updater:1120 - MainUpdater not yet initialized. External WinMGr cannot be set.
2025-01-03 11:25:48,192 [INFO] Updater:1056 - Updater Version found : 6.11.1
2025-01-03 11:25:48,224 [INFO] ApplicationProperties:184 - Using Application install path: D:\Software_installed\STM32CubeIDE_1.15.1\STM32CubeIDE\plugins\com.st.stm32cube.common.mx_6.11.1.202404110753
2025-01-03 11:25:48,823 [INFO] ThirdPartyUpdaterWithRetryManager:70 - Updater plugin not ready yet. [3/15]
2025-01-03 11:25:49,198 [INFO] MainUpdater:2873 - connection check result : 10
2025-01-03 11:25:49,201 [INFO] MainUpdater:290 - Updater Check For Update Now.
2025-01-03 11:25:49,201 [INFO] MicroXplorer:498 - Change Database Version : DB.6.0.111
2025-01-03 11:25:49,295 [INFO] McuFinderGlobals:63 - Set McuFinder mode to 2 (CubeIDE integrated)
2025-01-03 11:25:49,325 [INFO] UserAuth:415 - Internet connection configuration mode: 1
2025-01-03 11:25:49,364 [INFO] JxBrowserEngine:152 - Initiate JxBrowser Engine with user profile folder
2025-01-03 11:25:49,635 [INFO] CheckServerUpdateThread:120 - End of CheckServer Thread
2025-01-03 11:25:52,288 [WARN] PackLoader:240 - Cannot read IP mode file for STMicroelectronics.FP-SNS-MOTENVWB1.1.4.0
2025-01-03 11:25:52,318 [WARN] PackLoader:240 - Cannot read IP mode file for STMicroelectronics.FP-ATR-ASTRA1.2.0.1
2025-01-03 11:25:52,349 [WARN] PackLoader:240 - Cannot read IP mode file for STMicroelectronics.X-CUBE-SMBUS.2.1.0
2025-01-03 11:25:52,385 [WARN] PackLoader:240 - Cannot read IP mode file for STMicroelectronics.X-CUBE-WB05N.1.1.0
2025-01-03 11:25:52,417 [WARN] PackLoader:240 - Cannot read IP mode file for STMicroelectronics.X-CUBE-TOUCHGFX.4.23.2
2025-01-03 11:25:52,714 [WARN] PackLoader:240 - Cannot read IP mode file for STMicroelectronics.X-CUBE-AZRTOS-F7.1.1.0
2025-01-03 11:25:52,903 [WARN] PackLoader:240 - Cannot read IP mode file for STMicroelectronics.X-CUBE-MEMS1.11.0.0
2025-01-03 11:25:53,180 [WARN] PackLoader:240 - Cannot read IP mode file for STMicroelectronics.FP-SNS-FLIGHT1.5.0.2
2025-01-03 11:25:53,223 [WARN] PackLoader:240 - Cannot read IP mode file for STMicroelectronics.X-CUBE-DISPLAY.3.0.0
2025-01-03 11:25:53,272 [WARN] PackLoader:240 - Cannot read IP mode file for STMicroelectronics.X-CUBE-BLE1.7.0.0
2025-01-03 11:25:53,314 [WARN] PackLoader:240 - Cannot read IP mode file for STMicroelectronics.X-CUBE-NFC10.1.0.0
2025-01-03 11:25:53,356 [WARN] PackLoader:240 - Cannot read IP mode file for STMicroelectronics.X-CUBE-BLEMGR.4.0.0
2025-01-03 11:25:53,395 [WARN] PackLoader:240 - Cannot read IP mode file for emotas.I-CUBE-CANOPEN.1.3.0
2025-01-03 11:25:53,436 [WARN] PackLoader:240 - Cannot read IP mode file for STMicroelectronics.X-CUBE-BLEMGR.3.1.0
2025-01-03 11:25:53,475 [WARN] PackLoader:240 - Cannot read IP mode file for STMicroelectronics.FP-SNS-SMARTAG2.1.2.0
2025-01-03 11:25:53,648 [WARN] PackLoader:240 - Cannot read IP mode file for STMicroelectronics.X-CUBE-MEMS1.11.1.0
2025-01-03 11:25:53,911 [INFO] LogOutputStream:77 - [STDOUT_REDIRECT] 1 : Invalid condition id : UX_CORESTACK_Condition cause : null
2025-01-03 11:25:53,913 [INFO] LogOutputStream:77 - [STDOUT_REDIRECT] 1 : Invalid condition id : UX_CORESTACK_Condition cause : null
2025-01-03 11:25:53,914 [INFO] LogOutputStream:77 - [STDOUT_REDIRECT] 1 : Invalid condition id : UX_CORESTACK_Condition cause : null
2025-01-03 11:25:53,916 [INFO] LogOutputStream:77 - [STDOUT_REDIRECT] 1 : Invalid condition id : UX_CORESTACK_Condition cause : null
2025-01-03 11:25:53,919 [INFO] LogOutputStream:77 - [STDOUT_REDIRECT] 1 : Invalid condition id : UX_CORESTACK_Condition cause : null
2025-01-03 11:25:53,924 [WARN] PackLoader:240 - Cannot read IP mode file for STMicroelectronics.X-CUBE-AZRTOS-WL.2.0.0
2025-01-03 11:25:53,958 [WARN] PackLoader:240 - Cannot read IP mode file for STMicroelectronics.FP-SNS-MOTENV1.5.0.0
2025-01-03 11:25:53,985 [WARN] PackLoader:240 - Cannot read IP mode file for wolfSSL.I-CUBE-wolfMQTT.1.19.0
2025-01-03 11:25:54,018 [WARN] PackLoader:240 - Cannot read IP mode file for WES.I-CUBE-Cesium.1.3.0
2025-01-03 11:25:54,050 [WARN] PackLoader:240 - Cannot read IP mode file for STMicroelectronics.X-CUBE-BLE2.3.3.0
2025-01-03 11:25:54,090 [WARN] PackLoader:240 - Cannot read IP mode file for STMicroelectronics.X-CUBE-NFC9.1.0.0
2025-01-03 11:25:54,125 [WARN] PackLoader:240 - Cannot read IP mode file for STMicroelectronics.X-CUBE-TCPP.4.1.0
2025-01-03 11:25:54,371 [WARN] PackLoader:240 - Cannot read IP mode file for STMicroelectronics.X-CUBE-ALGOBUILD.1.3.0
2025-01-03 11:25:54,419 [WARN] PackLoader:240 - Cannot read IP mode file for STMicroelectronics.X-CUBE-AZRTOS-G0.1.1.0
2025-01-03 11:25:54,447 [WARN] PackLoader:240 - Cannot read IP mode file for STMicroelectronics.X-CUBE-SAFEA1.1.2.2
2025-01-03 11:25:54,476 [WARN] PackLoader:240 - Cannot read IP mode file for STMicroelectronics.X-CUBE-NFC4.3.0.0
2025-01-03 11:25:54,500 [WARN] PackLoader:240 - Cannot read IP mode file for wolfSSL.I-CUBE-wolfMQTT.1.18.0
2025-01-03 11:25:54,530 [WARN] PackLoader:240 - Cannot read IP mode file for EmbeddedOffice.I-CUBE-FS-RTOS.1.0.1
2025-01-03 11:25:54,530 [ERROR] ConditionMgr:805 - Attr not supported : Dmpu
2025-01-03 11:25:54,530 [ERROR] ConditionMgr:805 - Attr not supported : Dmpu
2025-01-03 11:25:54,530 [ERROR] ConditionMgr:805 - Attr not supported : Dmpu
2025-01-03 11:25:54,530 [ERROR] ConditionMgr:805 - Attr not supported : Dmpu
2025-01-03 11:25:54,531 [ERROR] ConditionMgr:805 - Attr not supported : Dmpu
2025-01-03 11:25:54,531 [ERROR] ConditionMgr:805 - Attr not supported : Dmpu
2025-01-03 11:25:54,531 [ERROR] ConditionMgr:805 - Attr not supported : Dmpu
2025-01-03 11:25:54,531 [ERROR] ConditionMgr:805 - Attr not supported : Dmpu
2025-01-03 11:25:54,531 [ERROR] ConditionMgr:805 - Attr not supported : Dmpu
2025-01-03 11:25:54,531 [ERROR] ConditionMgr:805 - Attr not supported : Dmpu
2025-01-03 11:25:54,531 [ERROR] ConditionMgr:805 - Attr not supported : Dmpu
2025-01-03 11:25:54,531 [ERROR] ConditionMgr:805 - Attr not supported : Dmpu
2025-01-03 11:25:54,531 [ERROR] ConditionMgr:805 - Attr not supported : Dmpu
2025-01-03 11:25:54,532 [ERROR] ConditionMgr:805 - Attr not supported : Dmpu
2025-01-03 11:25:54,532 [ERROR] ConditionMgr:805 - Attr not supported : Dmpu
2025-01-03 11:25:54,532 [ERROR] ConditionMgr:805 - Attr not supported : Dmpu
2025-01-03 11:25:54,532 [ERROR] ConditionMgr:805 - Attr not supported : Dmpu
2025-01-03 11:25:54,532 [ERROR] ConditionMgr:805 - Attr not supported : Dmpu
2025-01-03 11:25:54,532 [ERROR] ConditionMgr:805 - Attr not supported : Dmpu
2025-01-03 11:25:54,532 [ERROR] ConditionMgr:805 - Attr not supported : Dmpu
2025-01-03 11:25:54,532 [ERROR] ConditionMgr:805 - Attr not supported : Dmpu
2025-01-03 11:25:54,533 [ERROR] ConditionMgr:805 - Attr not supported : Dmpu
2025-01-03 11:25:54,533 [ERROR] ConditionMgr:805 - Attr not supported : Dmpu
2025-01-03 11:25:54,533 [ERROR] ConditionMgr:805 - Attr not supported : Dmpu
2025-01-03 11:25:54,533 [ERROR] ConditionMgr:805 - Attr not supported : Dmpu
2025-01-03 11:25:54,533 [ERROR] ConditionMgr:805 - Attr not supported : Dmpu
2025-01-03 11:25:54,533 [ERROR] ConditionMgr:805 - Attr not supported : Dmpu
2025-01-03 11:25:54,533 [ERROR] ConditionMgr:805 - Attr not supported : Dmpu
2025-01-03 11:25:54,534 [ERROR] ConditionMgr:805 - Attr not supported : Dmpu
2025-01-03 11:25:54,534 [ERROR] ConditionMgr:805 - Attr not supported : Dmpu
2025-01-03 11:25:54,534 [ERROR] ConditionMgr:805 - Attr not supported : Dmpu
2025-01-03 11:25:54,534 [ERROR] ConditionMgr:805 - Attr not supported : Dmpu
2025-01-03 11:25:54,534 [ERROR] ConditionMgr:805 - Attr not supported : Dmpu
2025-01-03 11:25:54,534 [ERROR] ConditionMgr:805 - Attr not supported : Dmpu
2025-01-03 11:25:54,534 [ERROR] ConditionMgr:805 - Attr not supported : Dmpu
2025-01-03 11:25:54,534 [ERROR] ConditionMgr:805 - Attr not supported : Dmpu
2025-01-03 11:25:54,535 [ERROR] ConditionMgr:805 - Attr not supported : Dmpu
2025-01-03 11:25:54,535 [ERROR] ConditionMgr:805 - Attr not supported : Dmpu
2025-01-03 11:25:54,535 [ERROR] ConditionMgr:805 - Attr not supported : Dmpu
2025-01-03 11:25:54,535 [ERROR] ConditionMgr:805 - Attr not supported : Dmpu
2025-01-03 11:25:54,535 [ERROR] ConditionMgr:805 - Attr not supported : Dmpu
2025-01-03 11:25:54,535 [ERROR] ConditionMgr:805 - Attr not supported : Dmpu
2025-01-03 11:25:54,535 [ERROR] ConditionMgr:805 - Attr not supported : Dmpu
2025-01-03 11:25:54,535 [ERROR] ConditionMgr:805 - Attr not supported : Dmpu
2025-01-03 11:25:54,535 [ERROR] ConditionMgr:805 - Attr not supported : Dmpu
2025-01-03 11:25:54,536 [ERROR] ConditionMgr:805 - Attr not supported : Dmpu
2025-01-03 11:25:54,536 [ERROR] ConditionMgr:805 - Attr not supported : Dmpu
2025-01-03 11:25:54,536 [ERROR] ConditionMgr:805 - Attr not supported : Dmpu
2025-01-03 11:25:54,536 [ERROR] ConditionMgr:805 - Attr not supported : Dmpu
2025-01-03 11:25:54,536 [ERROR] ConditionMgr:805 - Attr not supported : Dmpu
2025-01-03 11:25:54,536 [ERROR] ConditionMgr:805 - Attr not supported : Dmpu
2025-01-03 11:25:54,536 [ERROR] ConditionMgr:805 - Attr not supported : Dmpu
2025-01-03 11:25:54,537 [ERROR] ConditionMgr:805 - Attr not supported : Dmpu
2025-01-03 11:25:54,537 [ERROR] ConditionMgr:805 - Attr not supported : Dmpu
2025-01-03 11:25:54,537 [ERROR] ConditionMgr:805 - Attr not supported : Dmpu
2025-01-03 11:25:54,537 [ERROR] ConditionMgr:805 - Attr not supported : Dmpu
2025-01-03 11:25:54,537 [ERROR] ConditionMgr:805 - Attr not supported : Dmpu
2025-01-03 11:25:54,537 [ERROR] ConditionMgr:805 - Attr not supported : Dmpu
2025-01-03 11:25:54,537 [ERROR] ConditionMgr:805 - Attr not supported : Dmpu
2025-01-03 11:25:54,537 [ERROR] ConditionMgr:805 - Attr not supported : Dmpu
2025-01-03 11:25:54,537 [ERROR] ConditionMgr:805 - Attr not supported : Dmpu
2025-01-03 11:25:54,537 [ERROR] ConditionMgr:805 - Attr not supported : Dmpu
2025-01-03 11:25:54,538 [ERROR] ConditionMgr:805 - Attr not supported : Dmpu
2025-01-03 11:25:54,538 [ERROR] ConditionMgr:805 - Attr not supported : Dmpu
2025-01-03 11:25:54,562 [ERROR] Engine:466 - C:\Users\hosse\.stm32cubemx\thirdparties\pdsc\STMicroelectronics.X-CUBE-TCPP.4.2.0.pdsc: PDSC version is not supported
2025-01-03 11:25:54,589 [WARN] PackLoader:240 - Cannot read IP mode file for RealThread.X-CUBE-RT-Thread_Nano.4.1.1
2025-01-03 11:25:54,612 [WARN] PackLoader:240 - Cannot read IP mode file for wolfSSL.I-CUBE-wolfSSL.5.7.0
2025-01-03 11:25:54,637 [WARN] PackLoader:240 - Cannot read IP mode file for STMicroelectronics.FP-ATR-SIGFOX1.3.2.0
2025-01-03 11:25:54,658 [WARN] PackLoader:240 - Cannot read IP mode file for wolfSSL.I-CUBE-wolfSSL.5.7.2
2025-01-03 11:25:54,679 [WARN] ConditionMgr:438 - getConditionDescription Invalid condition id : Cortex-A Device cause : null
2025-01-03 11:25:54,709 [WARN] ConditionMgr:1039 - genDependencies : Invalid condition id : Cortex-A Device cause : null
2025-01-03 11:25:54,709 [WARN] ConditionMgr:1039 - genDependencies : Invalid condition id : Cortex-A Device cause : null
2025-01-03 11:25:54,709 [WARN] ConditionMgr:1039 - genDependencies : Invalid condition id : Cortex-A Device cause : null
2025-01-03 11:25:54,742 [WARN] PackLoader:240 - Cannot read IP mode file for STMicroelectronics.X-CUBE-EEPRMA1.5.1.0
2025-01-03 11:25:54,775 [WARN] PackLoader:240 - Cannot read IP mode file for STMicroelectronics.X-CUBE-TOUCHGFX.4.20.0
2025-01-03 11:25:54,916 [WARN] PackLoader:240 - Cannot read IP mode file for ITTIA_DB.I-CUBE-ITTIADB.8.9.0
2025-01-03 11:25:54,976 [WARN] PackLoader:240 - Cannot read IP mode file for SEGGER.I-CUBE-embOS.1.3.1
2025-01-03 11:25:55,043 [WARN] PackLoader:240 - Cannot read IP mode file for STMicroelectronics.X-CUBE-ALGOBUILD.1.4.0
2025-01-03 11:25:55,067 [WARN] PackLoader:240 - Cannot read IP mode file for STMicroelectronics.X-CUBE-AI.9.1.0
2025-01-03 11:25:55,094 [WARN] PackLoader:240 - Cannot read IP mode file for STMicroelectronics.X-CUBE-GNSS1.6.0.0
2025-01-03 11:25:55,138 [WARN] PackLoader:240 - Cannot read IP mode file for STMicroelectronics.X-CUBE-AZRTOS-F4.1.1.0
2025-01-03 11:25:55,202 [WARN] PackLoader:240 - Cannot read IP mode file for STMicroelectronics.X-CUBE-ISPU.2.1.0
2025-01-03 11:25:55,251 [WARN] PackLoader:240 - Cannot read IP mode file for STMicroelectronics.X-CUBE-FREERTOS.1.2.0
2025-01-03 11:25:55,317 [WARN] PackLoader:240 - Cannot read IP mode file for STMicroelectronics.X-CUBE-AZRTOS-L5.2.0.0
2025-01-03 11:25:55,359 [WARN] PackLoader:240 - Cannot read IP mode file for STMicroelectronics.X-CUBE-NFC6.3.1.0
2025-01-03 11:25:55,392 [WARN] PackLoader:240 - Cannot read IP mode file for STMicroelectronics.X-CUBE-DPower.1.2.0
2025-01-03 11:25:55,421 [WARN] PackLoader:240 - Cannot read IP mode file for STMicroelectronics.X-CUBE-AI.9.0.0
2025-01-03 11:25:55,545 [WARN] PackLoader:240 - Cannot read IP mode file for STMicroelectronics.X-CUBE-FREERTOS.1.3.0
2025-01-03 11:25:55,577 [WARN] PackLoader:240 - Cannot read IP mode file for STMicroelectronics.X-CUBE-NFC7.1.0.1
2025-01-03 11:25:55,634 [WARN] ConditionMgr:438 - getConditionDescription Invalid condition id : LAN8742 Phy interface Condition cause : null
2025-01-03 11:25:55,635 [WARN] PackLoader:240 - Cannot read IP mode file for STMicroelectronics.X-CUBE-AZRTOS-L4.2.0.0
2025-01-03 11:25:55,638 [WARN] ConditionMgr:1039 - genDependencies : Invalid condition id : LAN8742 Phy interface Condition cause : null
2025-01-03 11:25:55,638 [WARN] ConditionMgr:1039 - genDependencies : Invalid condition id : LAN8742 Phy interface Condition cause : null
2025-01-03 11:25:55,639 [WARN] ConditionMgr:1039 - genDependencies : Invalid condition id : LAN8742 Phy interface Condition cause : null
2025-01-03 11:25:55,665 [WARN] PackLoader:240 - Cannot read IP mode file for STMicroelectronics.X-CUBE-SFXS2LP1.4.0.0
2025-01-03 11:25:55,713 [WARN] PackLoader:240 - Cannot read IP mode file for STMicroelectronics.X-CUBE-AZRTOS-H7.3.3.0
2025-01-03 11:25:55,748 [WARN] PackLoader:240 - Cannot read IP mode file for STMicroelectronics.X-CUBE-IPS.3.0.0
2025-01-03 11:25:55,797 [WARN] ConditionMgr:438 - getConditionDescription Invalid condition id : UX DEVICE CLASS RTOS Condition cause : null
2025-01-03 11:25:55,797 [WARN] ConditionMgr:438 - getConditionDescription Invalid condition id : UX DEVICE CLASS RTOS Condition cause : null
2025-01-03 11:25:55,799 [WARN] PackLoader:240 - Cannot read IP mode file for STMicroelectronics.X-CUBE-AZRTOS-WB.2.0.0
2025-01-03 11:25:55,800 [WARN] ConditionMgr:1039 - genDependencies : Invalid condition id : UX DEVICE CLASS RTOS Condition cause : null
2025-01-03 11:25:55,800 [WARN] ConditionMgr:1039 - genDependencies : Invalid condition id : UX DEVICE CLASS RTOS Condition cause : null
2025-01-03 11:25:55,800 [WARN] ConditionMgr:1039 - genDependencies : Invalid condition id : UX DEVICE CLASS RTOS Condition cause : null
2025-01-03 11:25:55,801 [WARN] ConditionMgr:1039 - genDependencies : Invalid condition id : UX DEVICE CLASS RTOS Condition cause : null
2025-01-03 11:25:55,801 [WARN] ConditionMgr:1039 - genDependencies : Invalid condition id : UX DEVICE CLASS RTOS Condition cause : null
2025-01-03 11:25:55,825 [WARN] PackLoader:240 - Cannot read IP mode file for STMicroelectronics.X-CUBE-GNSS1.7.0.0
2025-01-03 11:25:55,855 [WARN] PackLoader:240 - Cannot read IP mode file for STMicroelectronics.X-CUBE-GNSS1.7.0.1
2025-01-03 11:25:55,887 [WARN] PackLoader:240 - Cannot read IP mode file for STMicroelectronics.FP-SNS-STBOX1.2.0.0
2025-01-03 11:25:55,928 [WARN] PackLoader:240 - Cannot read IP mode file for STMicroelectronics.X-CUBE-SUBG2.5.0.0
2025-01-03 11:25:55,962 [WARN] PackLoader:240 - Cannot read IP mode file for Cesanta.I-CUBE-Mongoose.7.13.0
2025-01-03 11:25:56,009 [WARN] PackLoader:240 - Cannot read IP mode file for STMicroelectronics.X-CUBE-AZRTOS-G4.2.0.0
2025-01-03 11:25:56,039 [WARN] PackLoader:240 - Cannot read IP mode file for STMicroelectronics.X-CUBE-ISPU.2.0.0
2025-01-03 11:25:56,069 [WARN] PackLoader:240 - Cannot read IP mode file for STMicroelectronics.X-CUBE-ALS.1.0.2
2025-01-03 11:25:56,177 [WARN] PackLoader:240 - Cannot read IP mode file for STMicroelectronics.X-CUBE-MEMS1.10.0.0
2025-01-03 11:25:56,340 [WARN] PackLoader:240 - Cannot read IP mode file for STMicroelectronics.X-CUBE-TOUCHGFX.4.24.0
2025-01-03 11:25:56,360 [WARN] PackLoader:240 - Cannot read IP mode file for STMicroelectronics.X-CUBE-TOUCHGFX.4.24.1
2025-01-03 11:25:56,384 [WARN] PackLoader:240 - Cannot read IP mode file for wolfSSL.I-CUBE-wolfTPM.3.4.0
2025-01-03 11:25:56,409 [WARN] PackLoader:240 - Cannot read IP mode file for portGmbH.I-Cube-SoM-uGOAL.1.1.0
2025-01-03 11:25:56,431 [WARN] PackLoader:240 - Cannot read IP mode file for STMicroelectronics.X-CUBE-ALS.1.0.1
2025-01-03 11:25:56,477 [WARN] PackLoader:240 - Cannot read IP mode file for STMicroelectronics.X-CUBE-AZRTOS-H7RS.1.0.0
2025-01-03 11:25:56,507 [WARN] PackLoader:240 - Cannot read IP mode file for STMicroelectronics.FP-ATR-ASTRA1.2.0.0
2025-01-03 11:25:56,539 [WARN] PackLoader:240 - Cannot read IP mode file for STMicroelectronics.X-CUBE-TOF1.3.4.2
2025-01-03 11:25:56,610 [WARN] PackLoader:240 - Cannot read IP mode file for Infineon.AIROC-Wi-Fi-Bluetooth-STM32.1.6.1
2025-01-03 11:25:56,640 [WARN] PackLoader:240 - Cannot read IP mode file for STMicroelectronics.X-CUBE-TOF1.3.4.1
2025-01-03 11:25:56,711 [WARN] PackLoader:240 - Cannot read IP mode file for STMicroelectronics.X-CUBE-AZRTOS-H7.3.2.0
2025-01-03 11:25:56,766 [WARN] PackLoader:240 - Cannot read IP mode file for Infineon.AIROC-Wi-Fi-Bluetooth-STM32.1.6.0
2025-01-03 11:25:56,797 [WARN] PackLoader:240 - Cannot read IP mode file for wolfSSL.I-CUBE-wolfSSH.1.4.17
2025-01-03 11:25:56,798 [INFO] ThirdParty:978 - Integrity check success = true
2025-01-03 11:25:56,798 [INFO] IntegrityCheckThread:100 - exiting critical section [integrity check]
2025-01-03 11:25:56,798 [INFO] IntegrityCheckThread:103 - End integrity checks thread
2025-01-03 11:26:04,922 [INFO] WebApp:161 - Instantiating new browser for Auth
2025-01-03 11:26:05,897 [INFO] WebApp:779 - Register for checkConnection events
2025-01-03 11:26:05,897 [INFO] WebApp:414 - Apply proxy settings
2025-01-03 11:26:05,898 [INFO] WebApp:499 - Chromium requires no authentication
2025-01-03 11:26:05,910 [INFO] WebApp:442 - Direct internet connection detected
2025-01-03 11:26:06,204 [INFO] WebApp:192 - Starting web application
2025-01-03 11:26:06,205 [INFO] WebApp:544 - Web application path used D:\Software_installed\STM32CubeIDE_1.15.1\STM32CubeIDE\plugins\com.st.stm32cube.common.mx_6.11.1.202404110753\db\plugins\mcufinder\reactClient1\index.html
2025-01-03 14:28:41,843 [ERROR] LogOutputStream:75 - [STDERR_REDIRECT] 
