2024-12-29 19:52:10,459 [INFO] Activator:176 - 


2024-12-29 19:52:10,461 [INFO] Activator:177 - !SESSION log4j initialized
2024-12-29 19:52:12,974 [INFO] LogOutputStream:77 - [STDOUT_REDIRECT] 
2024-12-29 19:52:18,050 [INFO] ApplicationProperties:184 - Using Application install path: D:\Software_installed\STM32CubeIDE_1.15.1\STM32CubeIDE\plugins\com.st.stm32cube.common.mx_6.11.1.202404110753
2024-12-29 19:52:18,082 [INFO] DbMcusXml:78 - Set database path to: D:\Software_installed\STM32CubeIDE_1.15.1\STM32CubeIDE\plugins\com.st.stm32cube.common.mx_6.11.1.202404110753\\db\/mcu/
2024-12-29 19:52:18,083 [INFO] ApiDb:274 - Set plugin database path to: D:\Software_installed\STM32CubeIDE_1.15.1\STM32CubeIDE\plugins\com.st.stm32cube.common.mx_6.11.1.202404110753\\db\/plugins/boardmanager/
2024-12-29 19:52:18,084 [WARN] ApiDb:259 - Overriding images path with different value:  => D:\Software_installed\STM32CubeIDE_1.15.1\STM32CubeIDE\plugins\com.st.stm32cube.common.mx_6.11.1.202404110753\\db\/plugins/mcufinder/images/
2024-12-29 19:52:18,103 [INFO] ApiDb:250 - Set database path to: C:\Users\hosse\.stmcufinder\plugins\mcufinder//mcu/
2024-12-29 19:52:18,104 [INFO] DbMcusAds:125 - Set database path to: C:\Users\hosse\.stmcufinder\plugins\mcufinder//mcu/
2024-12-29 19:52:18,107 [INFO] CrossReferenceDbSqlite:203 - Set database path to: C:\Users\hosse\.stmcufinder\plugins\mcufinder//mcu/cs/
2024-12-29 19:52:18,283 [INFO] RulesReader:64 - Compatibility file has been processed (297 Rules)
2024-12-29 19:52:18,436 [INFO] DbMcusXml:78 - Set database path to: D:\Software_installed\STM32CubeIDE_1.15.1\STM32CubeIDE\plugins\com.st.stm32cube.common.mx_6.11.1.202404110753\\db\/mcu/
2024-12-29 19:52:18,436 [INFO] ApiDb:274 - Set plugin database path to: D:\Software_installed\STM32CubeIDE_1.15.1\STM32CubeIDE\plugins\com.st.stm32cube.common.mx_6.11.1.202404110753\\db\/plugins/boardmanager/
2024-12-29 19:52:18,436 [INFO] ApiDb:261 - Set plugin images path to: D:\Software_installed\STM32CubeIDE_1.15.1\STM32CubeIDE\plugins\com.st.stm32cube.common.mx_6.11.1.202404110753\\db\/plugins/mcufinder/images/
2024-12-29 19:52:18,436 [WARN] DbFile:41 - Overriding database path with different value: C:\Users\hosse\.stmcufinder\plugins\mcufinder/ => C:\Users\hosse\.stmcufinder\plugins\mcufinder
2024-12-29 19:52:18,436 [INFO] ApiDb:250 - Set database path to: C:\Users\hosse\.stmcufinder\plugins\mcufinder//mcu/
2024-12-29 19:52:18,437 [WARN] DbFile:41 - Overriding database path with different value: C:\Users\hosse\.stmcufinder\plugins\mcufinder/ => C:\Users\hosse\.stmcufinder\plugins\mcufinder
2024-12-29 19:52:18,437 [INFO] DbMcusAds:125 - Set database path to: C:\Users\hosse\.stmcufinder\plugins\mcufinder//mcu/
2024-12-29 19:52:18,437 [WARN] DbFile:41 - Overriding database path with different value: C:\Users\hosse\.stmcufinder\plugins\mcufinder/ => C:\Users\hosse\.stmcufinder\plugins\mcufinder
2024-12-29 19:52:18,437 [WARN] DbFile:41 - Overriding database path with different value: C:\Users\hosse\.stmcufinder\plugins\mcufinder/ => C:\Users\hosse\.stmcufinder\plugins\mcufinder
2024-12-29 19:52:18,437 [INFO] CrossReferenceDbSqlite:203 - Set database path to: C:\Users\hosse\.stmcufinder\plugins\mcufinder//mcu/cs/
2024-12-29 19:52:18,542 [INFO] MainPanel:264 - HeapMemory: 268435456
2024-12-29 19:52:18,676 [INFO] DbMcusXml:78 - Set database path to: D:\Software_installed\STM32CubeIDE_1.15.1\STM32CubeIDE\plugins\com.st.stm32cube.common.mx_6.11.1.202404110753\\db\/mcu/
2024-12-29 19:52:18,676 [INFO] ApiDb:274 - Set plugin database path to: D:\Software_installed\STM32CubeIDE_1.15.1\STM32CubeIDE\plugins\com.st.stm32cube.common.mx_6.11.1.202404110753\\db\/plugins/boardmanager/
2024-12-29 19:52:18,676 [INFO] ApiDb:261 - Set plugin images path to: D:\Software_installed\STM32CubeIDE_1.15.1\STM32CubeIDE\plugins\com.st.stm32cube.common.mx_6.11.1.202404110753\\db\/plugins/mcufinder/images/
2024-12-29 19:52:18,677 [WARN] DbFile:41 - Overriding database path with different value: C:\Users\hosse\.stmcufinder\plugins\mcufinder/ => C:\Users\hosse\.stmcufinder\plugins\mcufinder
2024-12-29 19:52:18,677 [INFO] ApiDb:250 - Set database path to: C:\Users\hosse\.stmcufinder\plugins\mcufinder//mcu/
2024-12-29 19:52:18,677 [WARN] DbFile:41 - Overriding database path with different value: C:\Users\hosse\.stmcufinder\plugins\mcufinder/ => C:\Users\hosse\.stmcufinder\plugins\mcufinder
2024-12-29 19:52:18,677 [INFO] DbMcusAds:125 - Set database path to: C:\Users\hosse\.stmcufinder\plugins\mcufinder//mcu/
2024-12-29 19:52:18,677 [WARN] DbFile:41 - Overriding database path with different value: C:\Users\hosse\.stmcufinder\plugins\mcufinder/ => C:\Users\hosse\.stmcufinder\plugins\mcufinder
2024-12-29 19:52:18,677 [WARN] DbFile:41 - Overriding database path with different value: C:\Users\hosse\.stmcufinder\plugins\mcufinder/ => C:\Users\hosse\.stmcufinder\plugins\mcufinder
2024-12-29 19:52:18,678 [INFO] CrossReferenceDbSqlite:203 - Set database path to: C:\Users\hosse\.stmcufinder\plugins\mcufinder//mcu/cs/
2024-12-29 19:52:18,704 [INFO] ApplicationProperties:184 - Using Application install path: D:\Software_installed\STM32CubeIDE_1.15.1\STM32CubeIDE\plugins\com.st.stm32cube.common.mx_6.11.1.202404110753
2024-12-29 19:52:18,713 [INFO] PluginManage:196 - Search for loadable plugins [exclusion list=, ]
2024-12-29 19:52:18,715 [INFO] PluginManage:310 - Check plugin analytics
2024-12-29 19:52:19,038 [INFO] AnalyticsPlugin:253 - Accepted Software Licenses: STM32CubeMX.6.6.1,STM32CubeMX.6.11.1,STM32CubeMX.6.12.1
2024-12-29 19:52:19,039 [INFO] AnalyticsPlugin:255 - Accepted CMSIS Pack Licenses: 
2024-12-29 19:52:19,039 [INFO] AnalyticsPlugin:257 - Accepted Firmware Licenses: FW.F4.1.28.0,FW.F7.1.17.0
2024-12-29 19:52:19,042 [INFO] PluginManage:359 - Loaded plugin analytics (category:tool,tabindex:-1)
2024-12-29 19:52:19,042 [INFO] PluginManage:310 - Check plugin cadmodel
2024-12-29 19:52:19,051 [INFO] CADModel:105 - Init CAD model plugin
2024-12-29 19:52:19,051 [INFO] PluginManage:359 - Loaded plugin cadmodel (category:power,tabindex:5)
2024-12-29 19:52:19,052 [INFO] PluginManage:310 - Check plugin clock
2024-12-29 19:52:19,068 [INFO] PluginManage:359 - Loaded plugin clock (category:base,tabindex:2)
2024-12-29 19:52:19,068 [INFO] PluginManage:310 - Check plugin ddr
2024-12-29 19:52:19,073 [INFO] PluginManage:359 - Loaded plugin ddr (category:tool,tabindex:6)
2024-12-29 19:52:19,073 [INFO] PluginManage:310 - Check plugin filemanager
2024-12-29 19:52:19,344 [INFO] PluginManage:359 - Loaded plugin filemanager (category:base,tabindex:10)
2024-12-29 19:52:19,344 [INFO] PluginManage:310 - Check plugin ipmanager
2024-12-29 19:52:19,356 [INFO] PluginManage:359 - Loaded plugin ipmanager (category:base,tabindex:5)
2024-12-29 19:52:19,356 [INFO] PluginManage:310 - Check plugin lpbam
2024-12-29 19:52:19,370 [INFO] PluginManage:359 - Loaded plugin lpbam (category:base,tabindex:0)
2024-12-29 19:52:19,370 [INFO] PluginManage:310 - Check plugin memorymap
2024-12-29 19:52:19,402 [INFO] PluginManage:359 - Loaded plugin memorymap (category:base,tabindex:4)
2024-12-29 19:52:19,402 [INFO] PluginManage:310 - Check plugin pinoutandconfiguration
2024-12-29 19:52:19,420 [INFO] PluginManage:359 - Loaded plugin pinoutandconfiguration (category:base,tabindex:1)
2024-12-29 19:52:19,420 [INFO] PluginManage:310 - Check plugin pinoutconfig
2024-12-29 19:52:19,584 [WARN] SupportedApi:132 - Cannot load RTOS API schema: s4s-elt-must-match.1: The content of 'definitions' must match (annotation?, (simpleType | complexType)?, (unique | key | keyref)*)). A problem was found starting at: attribute.
2024-12-29 19:52:19,859 [INFO] PluginManage:359 - Loaded plugin pinoutconfig (category:base,tabindex:0)
2024-12-29 19:52:19,859 [INFO] PluginManage:310 - Check plugin power
2024-12-29 19:52:19,870 [INFO] PluginManage:359 - Loaded plugin power (category:power,tabindex:4)
2024-12-29 19:52:19,871 [INFO] PluginManage:310 - Check plugin projectmanager
2024-12-29 19:52:19,892 [INFO] PluginManage:359 - Loaded plugin projectmanager (category:projectmanager,tabindex:3)
2024-12-29 19:52:19,892 [INFO] PluginManage:310 - Check plugin thirdparty
2024-12-29 19:52:20,063 [INFO] PluginManage:359 - Loaded plugin thirdparty (category:base,tabindex:-1)
2024-12-29 19:52:20,063 [WARN] IntegrityCheckThread:84 - waiting for thirdparty lock release [integrity check]
2024-12-29 19:52:20,063 [INFO] PluginManage:310 - Check plugin tools
2024-12-29 19:52:20,064 [INFO] IntegrityCheckThread:86 - entering critical section [integrity check]
2024-12-29 19:52:20,064 [INFO] ThirdPartyUpdaterWithRetryManager:70 - Updater plugin not ready yet. [1/15]
2024-12-29 19:52:20,069 [INFO] PluginManage:359 - Loaded plugin tools (category:base,tabindex:7)
2024-12-29 19:52:20,069 [INFO] PluginManage:310 - Check plugin tutovideos
2024-12-29 19:52:20,318 [INFO] PluginManage:359 - Loaded plugin tutovideos (category:base,tabindex:-1)
2024-12-29 19:52:20,318 [INFO] PluginManage:310 - Check plugin updater
2024-12-29 19:52:20,329 [INFO] PluginManage:359 - Loaded plugin updater (category:base,tabindex:12)
2024-12-29 19:52:20,330 [INFO] PluginManage:310 - Check plugin userauth
2024-12-29 19:52:20,338 [INFO] UserAuth:114 - Init User Auth plugin
2024-12-29 19:52:20,338 [INFO] PluginManage:359 - Loaded plugin userauth (category:base,tabindex:14)
2024-12-29 19:52:20,339 [INFO] PluginManage:283 - PluginManage : Loaded plugins [17]
2024-12-29 19:52:20,624 [INFO] PinOutPanel:1561 - setPackage(No Configuration,No Configuration)
2024-12-29 19:52:20,733 [INFO] CADModel:165 - CPN selected for project level
2024-12-29 19:52:20,733 [INFO] CADModel:114 - Register for checkConnection events
2024-12-29 19:52:20,757 [INFO] IPUIPlugin:80 - create IPUIPlugin
2024-12-29 19:52:20,758 [INFO] PluginManager:220 - loadIPPluginJar : add adc
2024-12-29 19:52:20,761 [INFO] IPUIPlugin:80 - create IPUIPlugin
2024-12-29 19:52:20,761 [INFO] PluginManager:220 - loadIPPluginJar : add aes
2024-12-29 19:52:20,764 [INFO] IPUIPlugin:80 - create IPUIPlugin
2024-12-29 19:52:20,764 [INFO] PluginManager:220 - loadIPPluginJar : add can
2024-12-29 19:52:20,767 [INFO] IPUIPlugin:80 - create IPUIPlugin
2024-12-29 19:52:20,767 [INFO] PluginManager:220 - loadIPPluginJar : add comp
2024-12-29 19:52:20,770 [INFO] IPUIPlugin:80 - create IPUIPlugin
2024-12-29 19:52:20,770 [INFO] PluginManager:220 - loadIPPluginJar : add cryp
2024-12-29 19:52:20,775 [INFO] IPUIPlugin:80 - create IPUIPlugin
2024-12-29 19:52:20,775 [INFO] PluginManager:220 - loadIPPluginJar : add dfsdm
2024-12-29 19:52:20,782 [INFO] IPUIPlugin:80 - create IPUIPlugin
2024-12-29 19:52:20,783 [INFO] PluginManager:220 - loadIPPluginJar : add dma
2024-12-29 19:52:20,787 [INFO] IPUIPlugin:80 - create IPUIPlugin
2024-12-29 19:52:20,787 [INFO] PluginManager:220 - loadIPPluginJar : add dma3
2024-12-29 19:52:20,790 [INFO] IPUIPlugin:80 - create IPUIPlugin
2024-12-29 19:52:20,790 [INFO] PluginManager:220 - loadIPPluginJar : add extmemmanager
2024-12-29 19:52:20,793 [INFO] IPUIPlugin:80 - create IPUIPlugin
2024-12-29 19:52:20,793 [INFO] PluginManager:220 - loadIPPluginJar : add fatfs
2024-12-29 19:52:20,799 [INFO] IPUIPlugin:80 - create IPUIPlugin
2024-12-29 19:52:20,799 [INFO] PluginManager:220 - loadIPPluginJar : add fmc
2024-12-29 19:52:20,813 [INFO] IPUIPlugin:80 - create IPUIPlugin
2024-12-29 19:52:20,814 [INFO] PluginManager:220 - loadIPPluginJar : add freertos
2024-12-29 19:52:20,816 [INFO] IPUIPlugin:80 - create IPUIPlugin
2024-12-29 19:52:20,816 [INFO] PluginManager:220 - loadIPPluginJar : add genericplugin
2024-12-29 19:52:20,819 [INFO] IPUIPlugin:80 - create IPUIPlugin
2024-12-29 19:52:20,819 [INFO] PluginManager:220 - loadIPPluginJar : add gfxmmu
2024-12-29 19:52:20,826 [INFO] IPUIPlugin:80 - create IPUIPlugin
2024-12-29 19:52:20,826 [INFO] PluginManager:220 - loadIPPluginJar : add gic
2024-12-29 19:52:20,832 [INFO] IPUIPlugin:80 - create IPUIPlugin
2024-12-29 19:52:20,833 [INFO] PluginManager:220 - loadIPPluginJar : add gpio
2024-12-29 19:52:20,836 [INFO] IPUIPlugin:80 - create IPUIPlugin
2024-12-29 19:52:20,836 [INFO] PluginManager:220 - loadIPPluginJar : add gtzc
2024-12-29 19:52:20,839 [INFO] IPUIPlugin:80 - create IPUIPlugin
2024-12-29 19:52:20,839 [INFO] PluginManager:220 - loadIPPluginJar : add hash
2024-12-29 19:52:20,843 [INFO] IPUIPlugin:80 - create IPUIPlugin
2024-12-29 19:52:20,844 [INFO] PluginManager:220 - loadIPPluginJar : add i2c
2024-12-29 19:52:20,847 [INFO] IPUIPlugin:80 - create IPUIPlugin
2024-12-29 19:52:20,848 [INFO] PluginManager:220 - loadIPPluginJar : add i2s
2024-12-29 19:52:20,851 [INFO] IPUIPlugin:80 - create IPUIPlugin
2024-12-29 19:52:20,851 [INFO] PluginManager:220 - loadIPPluginJar : add i3c
2024-12-29 19:52:20,855 [INFO] IPUIPlugin:80 - create IPUIPlugin
2024-12-29 19:52:20,856 [INFO] PluginManager:220 - loadIPPluginJar : add ipddr
2024-12-29 19:52:20,861 [INFO] IPUIPlugin:80 - create IPUIPlugin
2024-12-29 19:52:20,862 [INFO] PluginManager:220 - loadIPPluginJar : add linkedlist
2024-12-29 19:52:20,866 [INFO] IPUIPlugin:80 - create IPUIPlugin
2024-12-29 19:52:20,866 [INFO] PluginManager:220 - loadIPPluginJar : add lorawan
2024-12-29 19:52:20,868 [INFO] IPUIPlugin:80 - create IPUIPlugin
2024-12-29 19:52:20,868 [INFO] PluginManager:220 - loadIPPluginJar : add ltdc
2024-12-29 19:52:20,875 [INFO] IPUIPlugin:80 - create IPUIPlugin
2024-12-29 19:52:20,876 [INFO] PluginManager:220 - loadIPPluginJar : add mdma
2024-12-29 19:52:20,880 [INFO] IPUIPlugin:80 - create IPUIPlugin
2024-12-29 19:52:20,880 [INFO] PluginManager:220 - loadIPPluginJar : add nvic
2024-12-29 19:52:20,884 [INFO] IPUIPlugin:80 - create IPUIPlugin
2024-12-29 19:52:20,884 [INFO] PluginManager:220 - loadIPPluginJar : add opamp
2024-12-29 19:52:20,889 [INFO] IPUIPlugin:80 - create IPUIPlugin
2024-12-29 19:52:20,889 [INFO] PluginManager:220 - loadIPPluginJar : add openamp
2024-12-29 19:52:20,893 [INFO] IPUIPlugin:80 - create IPUIPlugin
2024-12-29 19:52:20,893 [INFO] PluginManager:220 - loadIPPluginJar : add pdm2pcm
2024-12-29 19:52:20,899 [INFO] IPUIPlugin:80 - create IPUIPlugin
2024-12-29 19:52:20,906 [INFO] PluginManager:220 - loadIPPluginJar : add plateformsettings
2024-12-29 19:52:20,908 [INFO] IPUIPlugin:80 - create IPUIPlugin
2024-12-29 19:52:20,908 [INFO] PluginManager:220 - loadIPPluginJar : add quadspi
2024-12-29 19:52:20,913 [INFO] IPUIPlugin:80 - create IPUIPlugin
2024-12-29 19:52:20,913 [INFO] PluginManager:220 - loadIPPluginJar : add resmgrutility
2024-12-29 19:52:20,916 [INFO] IPUIPlugin:80 - create IPUIPlugin
2024-12-29 19:52:20,916 [INFO] PluginManager:220 - loadIPPluginJar : add sai
2024-12-29 19:52:20,919 [INFO] IPUIPlugin:80 - create IPUIPlugin
2024-12-29 19:52:20,921 [INFO] PluginManager:220 - loadIPPluginJar : add spi
2024-12-29 19:52:20,927 [INFO] IPUIPlugin:80 - create IPUIPlugin
2024-12-29 19:52:20,927 [INFO] PluginManager:220 - loadIPPluginJar : add stm32_wpan
2024-12-29 19:52:20,929 [INFO] IPUIPlugin:80 - create IPUIPlugin
2024-12-29 19:52:20,929 [INFO] PluginManager:220 - loadIPPluginJar : add tim
2024-12-29 19:52:20,934 [INFO] IPUIPlugin:80 - create IPUIPlugin
2024-12-29 19:52:20,934 [INFO] PluginManager:220 - loadIPPluginJar : add touchsensing
2024-12-29 19:52:20,938 [INFO] IPUIPlugin:80 - create IPUIPlugin
2024-12-29 19:52:20,938 [INFO] PluginManager:220 - loadIPPluginJar : add tracer_emb
2024-12-29 19:52:20,941 [INFO] IPUIPlugin:80 - create IPUIPlugin
2024-12-29 19:52:20,941 [INFO] PluginManager:220 - loadIPPluginJar : add ts
2024-12-29 19:52:20,944 [INFO] IPUIPlugin:80 - create IPUIPlugin
2024-12-29 19:52:20,944 [INFO] PluginManager:220 - loadIPPluginJar : add tsc
2024-12-29 19:52:20,946 [INFO] IPUIPlugin:80 - create IPUIPlugin
2024-12-29 19:52:20,946 [INFO] PluginManager:220 - loadIPPluginJar : add ucpd
2024-12-29 19:52:20,951 [INFO] IPUIPlugin:80 - create IPUIPlugin
2024-12-29 19:52:20,951 [INFO] PluginManager:220 - loadIPPluginJar : add usart
2024-12-29 19:52:20,956 [INFO] IPUIPlugin:80 - create IPUIPlugin
2024-12-29 19:52:20,956 [INFO] PluginManager:220 - loadIPPluginJar : add usbx
2024-12-29 19:52:21,098 [INFO] CADModel:165 - CPN selected for project level
2024-12-29 19:52:21,098 [INFO] CADModel:114 - Register for checkConnection events
2024-12-29 19:52:21,098 [FATAL] Updater:308 - Updater called before beeing initialized
2024-12-29 19:52:21,098 [ERROR] CADModel:125 - Updater not yet initialized, retry later 
2024-12-29 19:52:21,444 [INFO] CADModel:165 - CPN selected for project level
2024-12-29 19:52:21,444 [INFO] CADModel:114 - Register for checkConnection events
2024-12-29 19:52:21,444 [FATAL] Updater:308 - Updater called before beeing initialized
2024-12-29 19:52:21,444 [ERROR] CADModel:125 - Updater not yet initialized, retry later 
2024-12-29 19:52:21,450 [FATAL] Updater:308 - Updater called before beeing initialized
2024-12-29 19:52:21,577 [FATAL] Updater:308 - Updater called before beeing initialized
2024-12-29 19:52:21,594 [INFO] DbMcusAds:53 - JSON generation date=Tue Dec 17 17:01:15 CET 2024 (1734451275222)
2024-12-29 19:52:21,594 [FATAL] Updater:308 - Updater called before beeing initialized
2024-12-29 19:52:21,645 [WARN] DetailPanel:346 - Failed to get advertising image, set to default
2024-12-29 19:52:21,777 [FATAL] Updater:308 - Updater called before beeing initialized
2024-12-29 19:52:21,781 [FATAL] Updater:308 - Updater called before beeing initialized
2024-12-29 19:52:21,781 [FATAL] Updater:308 - Updater called before beeing initialized
2024-12-29 19:52:21,781 [WARN] DetailPanel:346 - Failed to get advertising image, set to default
2024-12-29 19:52:21,782 [FATAL] Updater:308 - Updater called before beeing initialized
2024-12-29 19:52:21,840 [ERROR] Updater:1120 - MainUpdater not yet initialized. External WinMGr cannot be set.
2024-12-29 19:52:21,841 [INFO] Updater:1056 - Updater Version found : 6.11.1
2024-12-29 19:52:21,887 [INFO] ApplicationProperties:184 - Using Application install path: D:\Software_installed\STM32CubeIDE_1.15.1\STM32CubeIDE\plugins\com.st.stm32cube.common.mx_6.11.1.202404110753
2024-12-29 19:52:21,999 [INFO] MainUpdater:526 - Copy updater definitions from MX database
2024-12-29 19:52:22,377 [INFO] MainUpdater:2873 - connection check result : 10
2024-12-29 19:52:22,378 [INFO] MainUpdater:3567 - Updater definition file requires update
2024-12-29 19:52:22,379 [INFO] MainUpdater:290 - Updater Check For Update Now.
2024-12-29 19:52:22,379 [INFO] MicroXplorer:498 - Change Database Version : DB.6.0.111
2024-12-29 19:52:22,396 [INFO] McuFinderGlobals:63 - Set McuFinder mode to 2 (CubeIDE integrated)
2024-12-29 19:52:22,404 [INFO] UserAuth:415 - Internet connection configuration mode: 1
2024-12-29 19:52:22,429 [INFO] JxBrowserEngine:152 - Initiate JxBrowser Engine with user profile folder
2024-12-29 19:52:22,626 [INFO] ServerAccessManage:473 - Download File updaters.zip
2024-12-29 19:52:22,780 [INFO] FileExtend:240 - Unzip File : updaters.zip
2024-12-29 19:52:22,780 [INFO] FileExtend:255 - Standard Zip Deflate
2024-12-29 19:52:23,176 [WARN] MainUpdater:1194 - Updater busy. Cannot search thirdparties
2024-12-29 19:52:23,181 [INFO] ThirdPartyUpdaterWithRetryManager:96 - Updater plugin is busy. [1/15]
2024-12-29 19:52:23,392 [INFO] ServerAccessManage:473 - Download File PacksControlFlags.xml
2024-12-29 19:52:23,729 [INFO] ServerAccessManage:473 - Download File cubemx.pidx
2024-12-29 19:52:23,893 [INFO] LoadServerUpdatesThread:375 - End of LoadServerUpdate Thread
2024-12-29 19:52:24,171 [INFO] CheckServerUpdateThread:120 - End of CheckServer Thread
2024-12-29 19:52:24,342 [INFO] WebApp:161 - Instantiating new browser for Auth
2024-12-29 19:52:24,774 [INFO] WebApp:779 - Register for checkConnection events
2024-12-29 19:52:24,775 [INFO] WebApp:414 - Apply proxy settings
2024-12-29 19:52:24,775 [INFO] WebApp:499 - Chromium requires no authentication
2024-12-29 19:52:24,779 [INFO] WebApp:442 - Direct internet connection detected
2024-12-29 19:52:24,893 [INFO] WebApp:192 - Starting web application
2024-12-29 19:52:24,894 [INFO] WebApp:544 - Web application path used D:\Software_installed\STM32CubeIDE_1.15.1\STM32CubeIDE\plugins\com.st.stm32cube.common.mx_6.11.1.202404110753\db\plugins\mcufinder\reactClient1\index.html
2024-12-29 19:52:26,330 [WARN] PackLoader:240 - Cannot read IP mode file for STMicroelectronics.FP-SNS-MOTENVWB1.1.4.0
2024-12-29 19:52:26,337 [WARN] PackLoader:240 - Cannot read IP mode file for STMicroelectronics.FP-ATR-ASTRA1.2.0.1
2024-12-29 19:52:26,342 [WARN] PackLoader:240 - Cannot read IP mode file for STMicroelectronics.X-CUBE-SMBUS.2.1.0
2024-12-29 19:52:26,350 [WARN] PackLoader:240 - Cannot read IP mode file for STMicroelectronics.X-CUBE-WB05N.1.1.0
2024-12-29 19:52:26,354 [WARN] PackLoader:240 - Cannot read IP mode file for STMicroelectronics.X-CUBE-TOUCHGFX.4.23.2
2024-12-29 19:52:26,456 [WARN] PackLoader:240 - Cannot read IP mode file for STMicroelectronics.X-CUBE-AZRTOS-F7.1.1.0
2024-12-29 19:52:26,502 [WARN] PackLoader:240 - Cannot read IP mode file for STMicroelectronics.X-CUBE-MEMS1.11.0.0
2024-12-29 19:52:26,610 [WARN] PackLoader:240 - Cannot read IP mode file for STMicroelectronics.FP-SNS-FLIGHT1.5.0.2
2024-12-29 19:52:26,619 [WARN] PackLoader:240 - Cannot read IP mode file for STMicroelectronics.X-CUBE-DISPLAY.3.0.0
2024-12-29 19:52:26,627 [WARN] PackLoader:240 - Cannot read IP mode file for STMicroelectronics.X-CUBE-BLE1.7.0.0
2024-12-29 19:52:26,634 [WARN] PackLoader:240 - Cannot read IP mode file for STMicroelectronics.X-CUBE-NFC10.1.0.0
2024-12-29 19:52:26,645 [WARN] PackLoader:240 - Cannot read IP mode file for STMicroelectronics.X-CUBE-BLEMGR.4.0.0
2024-12-29 19:52:26,655 [WARN] PackLoader:240 - Cannot read IP mode file for emotas.I-CUBE-CANOPEN.1.3.0
2024-12-29 19:52:26,661 [WARN] PackLoader:240 - Cannot read IP mode file for STMicroelectronics.X-CUBE-BLEMGR.3.1.0
2024-12-29 19:52:26,668 [WARN] PackLoader:240 - Cannot read IP mode file for STMicroelectronics.FP-SNS-SMARTAG2.1.2.0
2024-12-29 19:52:26,725 [WARN] PackLoader:240 - Cannot read IP mode file for STMicroelectronics.X-CUBE-MEMS1.11.1.0
2024-12-29 19:52:26,856 [INFO] LogOutputStream:77 - [STDOUT_REDIRECT] 1 : Invalid condition id : UX_CORESTACK_Condition cause : null
2024-12-29 19:52:26,857 [INFO] LogOutputStream:77 - [STDOUT_REDIRECT] 1 : Invalid condition id : UX_CORESTACK_Condition cause : null
2024-12-29 19:52:26,859 [INFO] LogOutputStream:77 - [STDOUT_REDIRECT] 1 : Invalid condition id : UX_CORESTACK_Condition cause : null
2024-12-29 19:52:26,861 [INFO] LogOutputStream:77 - [STDOUT_REDIRECT] 1 : Invalid condition id : UX_CORESTACK_Condition cause : null
2024-12-29 19:52:26,862 [INFO] LogOutputStream:77 - [STDOUT_REDIRECT] 1 : Invalid condition id : UX_CORESTACK_Condition cause : null
2024-12-29 19:52:26,867 [WARN] PackLoader:240 - Cannot read IP mode file for STMicroelectronics.X-CUBE-AZRTOS-WL.2.0.0
2024-12-29 19:52:26,873 [WARN] PackLoader:240 - Cannot read IP mode file for STMicroelectronics.FP-SNS-MOTENV1.5.0.0
2024-12-29 19:52:26,879 [WARN] PackLoader:240 - Cannot read IP mode file for wolfSSL.I-CUBE-wolfMQTT.1.19.0
2024-12-29 19:52:26,887 [WARN] PackLoader:240 - Cannot read IP mode file for WES.I-CUBE-Cesium.1.3.0
2024-12-29 19:52:26,893 [WARN] PackLoader:240 - Cannot read IP mode file for STMicroelectronics.X-CUBE-BLE2.3.3.0
2024-12-29 19:52:26,901 [WARN] PackLoader:240 - Cannot read IP mode file for STMicroelectronics.X-CUBE-NFC9.1.0.0
2024-12-29 19:52:26,908 [WARN] PackLoader:240 - Cannot read IP mode file for STMicroelectronics.X-CUBE-TCPP.4.1.0
2024-12-29 19:52:27,034 [WARN] PackLoader:240 - Cannot read IP mode file for STMicroelectronics.X-CUBE-ALGOBUILD.1.3.0
2024-12-29 19:52:27,052 [WARN] PackLoader:240 - Cannot read IP mode file for STMicroelectronics.X-CUBE-AZRTOS-G0.1.1.0
2024-12-29 19:52:27,062 [WARN] PackLoader:240 - Cannot read IP mode file for STMicroelectronics.X-CUBE-SAFEA1.1.2.2
2024-12-29 19:52:27,072 [WARN] PackLoader:240 - Cannot read IP mode file for STMicroelectronics.X-CUBE-NFC4.3.0.0
2024-12-29 19:52:27,076 [WARN] PackLoader:240 - Cannot read IP mode file for wolfSSL.I-CUBE-wolfMQTT.1.18.0
2024-12-29 19:52:27,090 [WARN] PackLoader:240 - Cannot read IP mode file for EmbeddedOffice.I-CUBE-FS-RTOS.1.0.1
2024-12-29 19:52:27,090 [ERROR] ConditionMgr:805 - Attr not supported : Dmpu
2024-12-29 19:52:27,091 [ERROR] ConditionMgr:805 - Attr not supported : Dmpu
2024-12-29 19:52:27,091 [ERROR] ConditionMgr:805 - Attr not supported : Dmpu
2024-12-29 19:52:27,091 [ERROR] ConditionMgr:805 - Attr not supported : Dmpu
2024-12-29 19:52:27,092 [ERROR] ConditionMgr:805 - Attr not supported : Dmpu
2024-12-29 19:52:27,092 [ERROR] ConditionMgr:805 - Attr not supported : Dmpu
2024-12-29 19:52:27,092 [ERROR] ConditionMgr:805 - Attr not supported : Dmpu
2024-12-29 19:52:27,092 [ERROR] ConditionMgr:805 - Attr not supported : Dmpu
2024-12-29 19:52:27,092 [ERROR] ConditionMgr:805 - Attr not supported : Dmpu
2024-12-29 19:52:27,092 [ERROR] ConditionMgr:805 - Attr not supported : Dmpu
2024-12-29 19:52:27,092 [ERROR] ConditionMgr:805 - Attr not supported : Dmpu
2024-12-29 19:52:27,092 [ERROR] ConditionMgr:805 - Attr not supported : Dmpu
2024-12-29 19:52:27,092 [ERROR] ConditionMgr:805 - Attr not supported : Dmpu
2024-12-29 19:52:27,092 [ERROR] ConditionMgr:805 - Attr not supported : Dmpu
2024-12-29 19:52:27,092 [ERROR] ConditionMgr:805 - Attr not supported : Dmpu
2024-12-29 19:52:27,092 [ERROR] ConditionMgr:805 - Attr not supported : Dmpu
2024-12-29 19:52:27,092 [ERROR] ConditionMgr:805 - Attr not supported : Dmpu
2024-12-29 19:52:27,092 [ERROR] ConditionMgr:805 - Attr not supported : Dmpu
2024-12-29 19:52:27,094 [ERROR] ConditionMgr:805 - Attr not supported : Dmpu
2024-12-29 19:52:27,094 [ERROR] ConditionMgr:805 - Attr not supported : Dmpu
2024-12-29 19:52:27,094 [ERROR] ConditionMgr:805 - Attr not supported : Dmpu
2024-12-29 19:52:27,094 [ERROR] ConditionMgr:805 - Attr not supported : Dmpu
2024-12-29 19:52:27,094 [ERROR] ConditionMgr:805 - Attr not supported : Dmpu
2024-12-29 19:52:27,094 [ERROR] ConditionMgr:805 - Attr not supported : Dmpu
2024-12-29 19:52:27,094 [ERROR] ConditionMgr:805 - Attr not supported : Dmpu
2024-12-29 19:52:27,094 [ERROR] ConditionMgr:805 - Attr not supported : Dmpu
2024-12-29 19:52:27,094 [ERROR] ConditionMgr:805 - Attr not supported : Dmpu
2024-12-29 19:52:27,094 [ERROR] ConditionMgr:805 - Attr not supported : Dmpu
2024-12-29 19:52:27,094 [ERROR] ConditionMgr:805 - Attr not supported : Dmpu
2024-12-29 19:52:27,094 [ERROR] ConditionMgr:805 - Attr not supported : Dmpu
2024-12-29 19:52:27,094 [ERROR] ConditionMgr:805 - Attr not supported : Dmpu
2024-12-29 19:52:27,094 [ERROR] ConditionMgr:805 - Attr not supported : Dmpu
2024-12-29 19:52:27,094 [ERROR] ConditionMgr:805 - Attr not supported : Dmpu
2024-12-29 19:52:27,094 [ERROR] ConditionMgr:805 - Attr not supported : Dmpu
2024-12-29 19:52:27,094 [ERROR] ConditionMgr:805 - Attr not supported : Dmpu
2024-12-29 19:52:27,094 [ERROR] ConditionMgr:805 - Attr not supported : Dmpu
2024-12-29 19:52:27,095 [ERROR] ConditionMgr:805 - Attr not supported : Dmpu
2024-12-29 19:52:27,095 [ERROR] ConditionMgr:805 - Attr not supported : Dmpu
2024-12-29 19:52:27,095 [ERROR] ConditionMgr:805 - Attr not supported : Dmpu
2024-12-29 19:52:27,095 [ERROR] ConditionMgr:805 - Attr not supported : Dmpu
2024-12-29 19:52:27,095 [ERROR] ConditionMgr:805 - Attr not supported : Dmpu
2024-12-29 19:52:27,095 [ERROR] ConditionMgr:805 - Attr not supported : Dmpu
2024-12-29 19:52:27,095 [ERROR] ConditionMgr:805 - Attr not supported : Dmpu
2024-12-29 19:52:27,095 [ERROR] ConditionMgr:805 - Attr not supported : Dmpu
2024-12-29 19:52:27,096 [ERROR] ConditionMgr:805 - Attr not supported : Dmpu
2024-12-29 19:52:27,096 [ERROR] ConditionMgr:805 - Attr not supported : Dmpu
2024-12-29 19:52:27,096 [ERROR] ConditionMgr:805 - Attr not supported : Dmpu
2024-12-29 19:52:27,096 [ERROR] ConditionMgr:805 - Attr not supported : Dmpu
2024-12-29 19:52:27,096 [ERROR] ConditionMgr:805 - Attr not supported : Dmpu
2024-12-29 19:52:27,096 [ERROR] ConditionMgr:805 - Attr not supported : Dmpu
2024-12-29 19:52:27,096 [ERROR] ConditionMgr:805 - Attr not supported : Dmpu
2024-12-29 19:52:27,096 [ERROR] ConditionMgr:805 - Attr not supported : Dmpu
2024-12-29 19:52:27,096 [ERROR] ConditionMgr:805 - Attr not supported : Dmpu
2024-12-29 19:52:27,096 [ERROR] ConditionMgr:805 - Attr not supported : Dmpu
2024-12-29 19:52:27,096 [ERROR] ConditionMgr:805 - Attr not supported : Dmpu
2024-12-29 19:52:27,096 [ERROR] ConditionMgr:805 - Attr not supported : Dmpu
2024-12-29 19:52:27,097 [ERROR] ConditionMgr:805 - Attr not supported : Dmpu
2024-12-29 19:52:27,097 [ERROR] ConditionMgr:805 - Attr not supported : Dmpu
2024-12-29 19:52:27,097 [ERROR] ConditionMgr:805 - Attr not supported : Dmpu
2024-12-29 19:52:27,097 [ERROR] ConditionMgr:805 - Attr not supported : Dmpu
2024-12-29 19:52:27,097 [ERROR] ConditionMgr:805 - Attr not supported : Dmpu
2024-12-29 19:52:27,097 [ERROR] ConditionMgr:805 - Attr not supported : Dmpu
2024-12-29 19:52:27,097 [ERROR] ConditionMgr:805 - Attr not supported : Dmpu
2024-12-29 19:52:27,098 [ERROR] ConditionMgr:805 - Attr not supported : Dmpu
2024-12-29 19:52:27,103 [ERROR] Engine:466 - C:\Users\hosse\.stm32cubemx\thirdparties\pdsc\STMicroelectronics.X-CUBE-TCPP.4.2.0.pdsc: PDSC version is not supported
2024-12-29 19:52:27,110 [WARN] PackLoader:240 - Cannot read IP mode file for RealThread.X-CUBE-RT-Thread_Nano.4.1.1
2024-12-29 19:52:27,116 [WARN] PackLoader:240 - Cannot read IP mode file for wolfSSL.I-CUBE-wolfSSL.5.7.0
2024-12-29 19:52:27,123 [WARN] PackLoader:240 - Cannot read IP mode file for STMicroelectronics.FP-ATR-SIGFOX1.3.2.0
2024-12-29 19:52:27,128 [WARN] PackLoader:240 - Cannot read IP mode file for wolfSSL.I-CUBE-wolfSSL.5.7.2
2024-12-29 19:52:27,133 [WARN] ConditionMgr:438 - getConditionDescription Invalid condition id : Cortex-A Device cause : null
2024-12-29 19:52:27,161 [WARN] ConditionMgr:1039 - genDependencies : Invalid condition id : Cortex-A Device cause : null
2024-12-29 19:52:27,161 [WARN] ConditionMgr:1039 - genDependencies : Invalid condition id : Cortex-A Device cause : null
2024-12-29 19:52:27,161 [WARN] ConditionMgr:1039 - genDependencies : Invalid condition id : Cortex-A Device cause : null
2024-12-29 19:52:27,168 [WARN] PackLoader:240 - Cannot read IP mode file for STMicroelectronics.X-CUBE-EEPRMA1.5.1.0
2024-12-29 19:52:27,174 [WARN] PackLoader:240 - Cannot read IP mode file for STMicroelectronics.X-CUBE-TOUCHGFX.4.20.0
2024-12-29 19:52:27,224 [WARN] PackLoader:240 - Cannot read IP mode file for ITTIA_DB.I-CUBE-ITTIADB.8.9.0
2024-12-29 19:52:27,250 [WARN] PackLoader:240 - Cannot read IP mode file for SEGGER.I-CUBE-embOS.1.3.1
2024-12-29 19:52:27,285 [WARN] PackLoader:240 - Cannot read IP mode file for STMicroelectronics.X-CUBE-ALGOBUILD.1.4.0
2024-12-29 19:52:27,291 [WARN] PackLoader:240 - Cannot read IP mode file for STMicroelectronics.X-CUBE-AI.9.1.0
2024-12-29 19:52:27,298 [WARN] PackLoader:240 - Cannot read IP mode file for STMicroelectronics.X-CUBE-GNSS1.6.0.0
2024-12-29 19:52:27,318 [WARN] PackLoader:240 - Cannot read IP mode file for STMicroelectronics.X-CUBE-AZRTOS-F4.1.1.0
2024-12-29 19:52:27,325 [WARN] PackLoader:240 - Cannot read IP mode file for STMicroelectronics.X-CUBE-ISPU.2.1.0
2024-12-29 19:52:27,331 [WARN] PackLoader:240 - Cannot read IP mode file for STMicroelectronics.X-CUBE-FREERTOS.1.2.0
2024-12-29 19:52:27,343 [WARN] PackLoader:240 - Cannot read IP mode file for STMicroelectronics.X-CUBE-AZRTOS-L5.2.0.0
2024-12-29 19:52:27,354 [WARN] PackLoader:240 - Cannot read IP mode file for STMicroelectronics.X-CUBE-NFC6.3.1.0
2024-12-29 19:52:27,366 [WARN] PackLoader:240 - Cannot read IP mode file for STMicroelectronics.X-CUBE-DPower.1.2.0
2024-12-29 19:52:27,372 [WARN] PackLoader:240 - Cannot read IP mode file for STMicroelectronics.X-CUBE-AI.9.0.0
2024-12-29 19:52:27,405 [WARN] PackLoader:240 - Cannot read IP mode file for STMicroelectronics.X-CUBE-FREERTOS.1.3.0
2024-12-29 19:52:27,410 [WARN] PackLoader:240 - Cannot read IP mode file for STMicroelectronics.X-CUBE-NFC7.1.0.1
2024-12-29 19:52:27,427 [WARN] ConditionMgr:438 - getConditionDescription Invalid condition id : LAN8742 Phy interface Condition cause : null
2024-12-29 19:52:27,427 [WARN] PackLoader:240 - Cannot read IP mode file for STMicroelectronics.X-CUBE-AZRTOS-L4.2.0.0
2024-12-29 19:52:27,429 [WARN] ConditionMgr:1039 - genDependencies : Invalid condition id : LAN8742 Phy interface Condition cause : null
2024-12-29 19:52:27,429 [WARN] ConditionMgr:1039 - genDependencies : Invalid condition id : LAN8742 Phy interface Condition cause : null
2024-12-29 19:52:27,430 [WARN] ConditionMgr:1039 - genDependencies : Invalid condition id : LAN8742 Phy interface Condition cause : null
2024-12-29 19:52:27,439 [WARN] PackLoader:240 - Cannot read IP mode file for STMicroelectronics.X-CUBE-SFXS2LP1.4.0.0
2024-12-29 19:52:27,457 [WARN] PackLoader:240 - Cannot read IP mode file for STMicroelectronics.X-CUBE-AZRTOS-H7.3.3.0
2024-12-29 19:52:27,470 [WARN] PackLoader:240 - Cannot read IP mode file for STMicroelectronics.X-CUBE-IPS.3.0.0
2024-12-29 19:52:27,483 [WARN] ConditionMgr:438 - getConditionDescription Invalid condition id : UX DEVICE CLASS RTOS Condition cause : null
2024-12-29 19:52:27,484 [WARN] ConditionMgr:438 - getConditionDescription Invalid condition id : UX DEVICE CLASS RTOS Condition cause : null
2024-12-29 19:52:27,485 [WARN] PackLoader:240 - Cannot read IP mode file for STMicroelectronics.X-CUBE-AZRTOS-WB.2.0.0
2024-12-29 19:52:27,485 [WARN] ConditionMgr:1039 - genDependencies : Invalid condition id : UX DEVICE CLASS RTOS Condition cause : null
2024-12-29 19:52:27,485 [WARN] ConditionMgr:1039 - genDependencies : Invalid condition id : UX DEVICE CLASS RTOS Condition cause : null
2024-12-29 19:52:27,486 [WARN] ConditionMgr:1039 - genDependencies : Invalid condition id : UX DEVICE CLASS RTOS Condition cause : null
2024-12-29 19:52:27,486 [WARN] ConditionMgr:1039 - genDependencies : Invalid condition id : UX DEVICE CLASS RTOS Condition cause : null
2024-12-29 19:52:27,486 [WARN] ConditionMgr:1039 - genDependencies : Invalid condition id : UX DEVICE CLASS RTOS Condition cause : null
2024-12-29 19:52:27,492 [WARN] PackLoader:240 - Cannot read IP mode file for STMicroelectronics.X-CUBE-GNSS1.7.0.0
2024-12-29 19:52:27,499 [WARN] PackLoader:240 - Cannot read IP mode file for STMicroelectronics.X-CUBE-GNSS1.7.0.1
2024-12-29 19:52:27,506 [WARN] PackLoader:240 - Cannot read IP mode file for STMicroelectronics.FP-SNS-STBOX1.2.0.0
2024-12-29 19:52:27,517 [WARN] PackLoader:240 - Cannot read IP mode file for STMicroelectronics.X-CUBE-SUBG2.5.0.0
2024-12-29 19:52:27,526 [WARN] PackLoader:240 - Cannot read IP mode file for Cesanta.I-CUBE-Mongoose.7.13.0
2024-12-29 19:52:27,538 [WARN] PackLoader:240 - Cannot read IP mode file for STMicroelectronics.X-CUBE-AZRTOS-G4.2.0.0
2024-12-29 19:52:27,542 [WARN] PackLoader:240 - Cannot read IP mode file for STMicroelectronics.X-CUBE-ISPU.2.0.0
2024-12-29 19:52:27,546 [WARN] PackLoader:240 - Cannot read IP mode file for STMicroelectronics.X-CUBE-ALS.1.0.2
2024-12-29 19:52:27,569 [WARN] PackLoader:240 - Cannot read IP mode file for STMicroelectronics.X-CUBE-MEMS1.10.0.0
2024-12-29 19:52:27,645 [WARN] PackLoader:240 - Cannot read IP mode file for STMicroelectronics.X-CUBE-TOUCHGFX.4.24.0
2024-12-29 19:52:27,649 [WARN] PackLoader:240 - Cannot read IP mode file for STMicroelectronics.X-CUBE-TOUCHGFX.4.24.1
2024-12-29 19:52:27,655 [WARN] PackLoader:240 - Cannot read IP mode file for wolfSSL.I-CUBE-wolfTPM.3.4.0
2024-12-29 19:52:27,660 [WARN] PackLoader:240 - Cannot read IP mode file for portGmbH.I-Cube-SoM-uGOAL.1.1.0
2024-12-29 19:52:27,666 [WARN] PackLoader:240 - Cannot read IP mode file for STMicroelectronics.X-CUBE-ALS.1.0.1
2024-12-29 19:52:27,682 [WARN] PackLoader:240 - Cannot read IP mode file for STMicroelectronics.X-CUBE-AZRTOS-H7RS.1.0.0
2024-12-29 19:52:27,687 [WARN] PackLoader:240 - Cannot read IP mode file for STMicroelectronics.FP-ATR-ASTRA1.2.0.0
2024-12-29 19:52:27,696 [WARN] PackLoader:240 - Cannot read IP mode file for STMicroelectronics.X-CUBE-TOF1.3.4.2
2024-12-29 19:52:27,734 [WARN] PackLoader:240 - Cannot read IP mode file for Infineon.AIROC-Wi-Fi-Bluetooth-STM32.1.6.1
2024-12-29 19:52:27,750 [WARN] PackLoader:240 - Cannot read IP mode file for STMicroelectronics.X-CUBE-TOF1.3.4.1
2024-12-29 19:52:27,788 [WARN] PackLoader:240 - Cannot read IP mode file for STMicroelectronics.X-CUBE-AZRTOS-H7.3.2.0
2024-12-29 19:52:27,803 [WARN] PackLoader:240 - Cannot read IP mode file for Infineon.AIROC-Wi-Fi-Bluetooth-STM32.1.6.0
2024-12-29 19:52:27,812 [WARN] PackLoader:240 - Cannot read IP mode file for wolfSSL.I-CUBE-wolfSSH.1.4.17
2024-12-29 19:52:27,814 [INFO] ThirdParty:978 - Integrity check success = true
2024-12-29 19:52:27,814 [INFO] IntegrityCheckThread:100 - exiting critical section [integrity check]
2024-12-29 19:52:27,814 [INFO] IntegrityCheckThread:103 - End integrity checks thread
2024-12-29 21:16:22,682 [ERROR] LogOutputStream:75 - [STDERR_REDIRECT] 
