19:14:11 **** Incremental Build of configuration Debug for project Ecohive ****
make -j16 all 
arm-none-eabi-size  Ecohive.elf 
   text	   data	    bss	    dec	    hex	filename
  47752	    476	  20748	  68976	  10d70	Ecohive.elf
Finished building: default.size.stdout
 
19:14:13 **** Incremental Build of configuration Debug for project Ecohive ****
make -j16 all 
arm-none-eabi-size  Ecohive.elf 
   text	   data	    bss	    dec	    hex	filename
  47752	    476	  20748	  68976	  10d70	Ecohive.elf
Finished building: default.size.stdout
 
