19:55:01 **** Incremental Build of configuration Debug for project Ecohive ****
make -j16 all 
arm-none-eabi-gcc "../Core/Src/main.c" -mcpu=cortex-m4 -std=gnu11 -g3 -DDEBUG -DUSE_HAL_DRIVER -DSTM32F401xE -c -I../Core/Inc -I../Drivers/STM32F4xx_HAL_Driver/Inc -I../Drivers/STM32F4xx_HAL_Driver/Inc/Legacy -I../Middlewares/Third_Party/FreeRTOS/Source/include -I../Middlewares/Third_Party/FreeRTOS/Source/CMSIS_RTOS_V2 -I../Middlewares/Third_Party/FreeRTOS/Source/portable/GCC/ARM_CM4F -I../Drivers/CMSIS/Device/ST/STM32F4xx/Include -I../Drivers/CMSIS/Include -O0 -ffunction-sections -fdata-sections -Wall -fstack-usage -MMD -MP -MF"Core/Src/main.d" -MT"Core/Src/main.o" --specs=nano.specs -mfpu=fpv4-sp-d16 -mfloat-abi=hard -mthumb -o "Core/Src/main.o"
../Core/Src/main.c: In function 'Hearth_beat_Task':
../Core/Src/main.c:434:39: warning: passing argument 1 of 'Print_Message' discards 'const' qualifier from pointer target type [-Wdiscarded-qualifiers]
  434 |                         Print_Message(Hearth_beat, sizeof(Hearth_beat)-1);
      |                                       ^~~~~~~~~~~
In file included from ../Core/Src/main.c:30:
../Core/Inc/UART.h:51:27: note: expected 'void *' but argument is of type 'const char *'
   51 | void Print_Message(void * SrcAddr, uint16_t dataSize);
      |                    ~~~~~~~^~~~~~~
arm-none-eabi-gcc -o "Ecohive.elf" @"objects.list"   -mcpu=cortex-m4 -T"/home/hossein/Data/WorkPlace/ecohive/Ecohive/STM32F401RETX_FLASH.ld" --specs=nosys.specs -Wl,-Map="Ecohive.map" -Wl,--gc-sections -static -u _printf_float --specs=nano.specs -mfpu=fpv4-sp-d16 -mfloat-abi=hard -mthumb -Wl,--start-group -lc -lm -Wl,--end-group
Finished building target: Ecohive.elf
 
arm-none-eabi-size  Ecohive.elf 
arm-none-eabi-objdump -h -S Ecohive.elf  > "Ecohive.list"
   text	   data	    bss	    dec	    hex	filename
  48992	    476	  20788	  70256	  11270	Ecohive.elf
Finished building: default.size.stdout
 
Finished building: Ecohive.list
 
19:55:05 **** Incremental Build of configuration Debug for project Ecohive ****
make -j16 all 
arm-none-eabi-size  Ecohive.elf 
   text	   data	    bss	    dec	    hex	filename
  48992	    476	  20788	  70256	  11270	Ecohive.elf
Finished building: default.size.stdout
 
19:55:25 **** Incremental Build of configuration Debug for project Ecohive ****
make -j16 all 
arm-none-eabi-size  Ecohive.elf 
   text	   data	    bss	    dec	    hex	filename
  48992	    476	  20788	  70256	  11270	Ecohive.elf
Finished building: default.size.stdout
 
