20:37:22 **** Incremental Build of configuration Debug for project EcoHive ****
make -j16 all 
arm-none-eabi-gcc "../Core/Src/main.c" -mcpu=cortex-m4 -std=gnu11 -g3 -DDEBUG -DUSE_HAL_DRIVER -DSTM32F401xE -c -I../Core/Inc -I../Drivers/STM32F4xx_HAL_Driver/Inc -I../Drivers/STM32F4xx_HAL_Driver/Inc/Legacy -I../Drivers/CMSIS/Device/ST/STM32F4xx/Include -I../Drivers/CMSIS/Include -I../Middlewares/Third_Party/FreeRTOS/Source/include -I../Middlewares/Third_Party/FreeRTOS/Source/CMSIS_RTOS_V2 -I../Middlewares/Third_Party/FreeRTOS/Source/portable/GCC/ARM_CM4F -O0 -ffunction-sections -fdata-sections -Wall -fstack-usage -fcyclomatic-complexity -MMD -MP -MF"Core/Src/main.d" -MT"Core/Src/main.o" --specs=nano.specs -mfpu=fpv4-sp-d16 -mfloat-abi=hard -mthumb -o "Core/Src/main.o"
arm-none-eabi-gcc -o "EcoHive.elf" @"objects.list"   -mcpu=cortex-m4 -T"D:\EcoHive\EcoHive\STM32F401RETX_FLASH.ld" --specs=nosys.specs -Wl,-Map="EcoHive.map" -Wl,--gc-sections -static --specs=nano.specs -mfpu=fpv4-sp-d16 -mfloat-abi=hard -mthumb -Wl,--start-group -lc -lm -Wl,--end-group
Finished building target: EcoHive.elf
 
arm-none-eabi-size  EcoHive.elf 
arm-none-eabi-objdump -h -S EcoHive.elf  > "EcoHive.list"
   text	   data	    bss	    dec	    hex	filename
  20416	     96	  20744	  41256	   a128	EcoHive.elf
Finished building: default.size.stdout
 
Finished building: EcoHive.list
 
20:37:25 **** Incremental Build of configuration Debug for project EcoHive ****
make -j16 all 
arm-none-eabi-size  EcoHive.elf 
   text	   data	    bss	    dec	    hex	filename
  20416	     96	  20744	  41256	   a128	EcoHive.elf
Finished building: default.size.stdout
 
